******************************************************************************
                  TI ARM Linker PC v5.1.9                      
******************************************************************************
>> Linked Sun Dec 21 15:41:49 2014

OUTPUT FILE NAME:   <temp_logger.out>
ENTRY POINT SYMBOL: "_c_int00"  address: 2000e6b1


MEMORY CONFIGURATION

         name            origin    length      used     unused   attr    fill
----------------------  --------  ---------  --------  --------  ----  --------
  SRAM_CODE             20004000   00014000  0000ed9a  00005266  RW X
  SRAM_DATA             20018000   00018000  0000ba9f  0000c561  RW X


SEGMENT ALLOCATION MAP

run origin  load origin   length   init length attrs members
----------  ----------- ---------- ----------- ----- -------
20004000    20004000    0000eda0   0000eda0    r-x
  20004000    20004000    0000030c   0000030c    r-- .resetVecs
  2000430c    2000430c    0000c272   0000c272    r-x .text
  20010580    20010580    000024ac   000024ac    r-- .const
  20012a30    20012a30    00000370   00000370    r-- .cinit
20018000    20018000    00009aa0   00000000    rw-
  20018000    20018000    0000946f   00000000    rw- .bss
  20021470    20021470    00000630   00000000    rw- .data
2002e000    2002e000    00002000   00000000    rw-
  2002e000    2002e000    00002000   00000000    rw- .stack


SECTION ALLOCATION MAP

 output                                  attributes/
section   page    origin      length       input sections
--------  ----  ----------  ----------   ----------------
.init_array 
*          0    20004000    00000000     UNINITIALIZED

.bootVecs 
*          0    00000000    00000008     DSECT
                  00000000    00000008     boot.aem4 : boot.oem4 (.bootVecs)

xdc.meta   0    00000000    000000fd     COPY SECTION
                  00000000    000000fd     app_pem4.oem4 (xdc.meta)

.vecs      0    20004000    00000000     DSECT

.resetVecs 
*          0    20004000    0000030c     
                  20004000    0000030c     app_pem4.oem4 (.resetVecs)

.text      0    2000430c    0000c272     
                  2000430c    00000f68     main.obj (.text)
                  20005274    00000ec0     rtsv7M4_T_le_eabi.lib : _printfi.obj (.text)
                  20006134    00000540     ti_rtos.a : osi_tirtos.obj (.text)
                  20006674    00000424     sysbios.aem4 : BIOS.obj (.text:ti_sysbios_family_arm_m3_Hwi_excDumpRegs__I)
                  20006a98    000003a6     simplelink.a : driver.obj (.text:_SlDrvMsgRead)
                  20006e3e    00000002     app_pem4.oem4 (.text:ti_sysbios_BIOS_nullFunc__I)
                  20006e40    00000394     gpio_if.obj (.text)
                  200071d4    0000034c     simplelink.a : driver.obj (.text:_SlAsyncEventGenericHandler)
                  20007520    0000033c     ti.targets.arm.rtsarm.aem4 : System.oem4 (.text:xdc_runtime_System_doPrint__I)
                  2000785c    00000304     sysbios.aem4 : BIOS.obj (.text:ti_sysbios_knl_Semaphore_pend__E)
                  20007b60    000002d4     rtsv7M4_T_le_eabi.lib : trgdrv.obj (.text)
                  20007e34    0000026c     uart_if.obj (.text)
                  200080a0    00000248     sysbios.aem4 : BIOS.obj (.text:ti_sysbios_heaps_HeapMem_free__E)
                  200082e8    00000234                  : BIOS.obj (.text:ti_sysbios_heaps_HeapMem_alloc__E)
                  2000851c    00000228                  : BIOS.obj (.text:ti_sysbios_knl_Task_Instance_finalize__E)
                  20008744    00000208                  : BIOS.obj (.text:ti_sysbios_knl_Task_sleep__E)
                  2000894c    000001f8                  : BIOS.obj (.text:ti_sysbios_family_arm_m3_Hwi_excHandlerMax__I)
                  20008b44    000001f4     rtsv7M4_T_le_eabi.lib : ull_div_t2.obj (.text)
                  20008d38    000001bc     sysbios.aem4 : BIOS.obj (.text:ti_sysbios_knl_Task_Instance_init__E)
                  20008ef4    000001b6     rtsv7M4_T_le_eabi.lib : fd_add_t2.obj (.text)
                  200090aa    00000002     sysbios.aem4 : BIOS.obj (.text:ti_sysbios_gates_GateHwi_Instance_init__E)
                  200090ac    0000019c     simplelink.a : wlan.obj (.text:sl_WlanConnect)
                  20009248    0000018c     sysbios.aem4 : BIOS.obj (.text:ti_sysbios_knl_Task_Module_startup__E)
                  200093d4    00000168                  : BIOS.obj (.text:ti_sysbios_family_arm_m3_Hwi_excBusFault__I)
                  2000953c    00000160                  : BIOS.obj (.text:ti_sysbios_knl_Mailbox_Instance_init__E)
                  2000969c    00000154                  : BIOS.obj (.text:ti_sysbios_family_arm_m3_Hwi_excUsageFault__I)
                  200097f0    00000140     simplelink.a : driver.obj (.text:_SlDrvRxHdrRead)
                  20009930    00000140     sysbios.aem4 : BIOS.obj (.text:ti_sysbios_family_arm_m3_Hwi_excMemFault__I)
                  20009a70    0000013c                  : BIOS.obj (.text:ti_sysbios_family_arm_m3_Hwi_dispatchC__I)
                  20009bac    00000138                  : BIOS.obj (.text:ti_sysbios_heaps_HeapMem_Instance_init__E)
                  20009ce4    00000138                  : BIOS.obj (.text:ti_sysbios_knl_Semaphore_post__E)
                  20009e1c    00000136     rtsv7M4_T_le_eabi.lib : fd_div_t2.obj (.text)
                  20009f52    00000002     app_pem4.oem4 (.text:xdc_runtime_Startup_reset__I)
                  20009f54    00000134     driverlib.a : prcm.obj (.text:PRCMCC3200MCUInit)
                  2000a088    00000130     simplelink.a : cc_pal.obj (.text:spi_Open)
                  2000a1b8    00000130     ti.targets.arm.rtsarm.aem4 : LoggerBuf.oem4 (.text:xdc_runtime_LoggerBuf_write8__E)
                  2000a2e8    0000012c     sysbios.aem4 : BIOS.obj (.text:ti_sysbios_knl_Clock_workFunc__E)
                  2000a414    00000124     simplelink.a : netapp.obj (.text:sl_NetAppPingStart)
                  2000a538    00000120     sysbios.aem4 : BIOS.obj (.text:ti_sysbios_knl_Swi_run__I)
                  2000a658    00000120     ti.targets.arm.rtsarm.aem4 : Error.oem4 (.text:xdc_runtime_Error_policyDefault__E)
                  2000a778    0000011c     temp.obj (.text)
                  2000a894    00000114     simplelink.a : driver.obj (.text:_SlDrvMsgWrite)
                  2000a9a8    0000010c                  : driver.obj (.text:_SlDrvWaitForPoolObj)
                  2000aab4    00000104                  : driver.obj (.text:_SlDrvReleasePoolObj)
                  2000abb8    00000104     ti.targets.arm.rtsarm.aem4 : Core-mem.oem4 (.text:xdc_runtime_Core_createObject__I)
                  2000acbc    00000104     app_pem4.oem4 (.text:xdc_runtime_System_printfExtend__I)
                  2000adc0    000000fc     rtsv7M4_T_le_eabi.lib : fd_mul_t2.obj (.text)
                  2000aebc    000000fc     ti.targets.arm.rtsarm.aem4 : Startup.oem4 (.text:xdc_runtime_Startup_startMods__I)
                  2000afb8    000000fa     rtsv7M4_T_le_eabi.lib : fs_add_t2.obj (.text)
                  2000b0b2    00000002     --HOLE-- [fill = 0]
                  2000b0b4    000000f0     driverlib.a : udma.obj (.text:uDMAChannelTransferSet)
                  2000b1a4    000000e8     simplelink.a : cc_pal.obj (.text:spi_Write)
                  2000b28c    000000d8                  : netapp.obj (.text:sl_NetAppDnsGetHostByName)
                  2000b364    000000d4     ti.targets.arm.rtsarm.aem4 : LoggerBuf.oem4 (.text:xdc_runtime_LoggerBuf_write4__E)
                  2000b438    000000d0     sysbios.aem4 : m3_Hwi_asm.obj (.text:ti_sysbios_family_arm_m3_Hwi_dispatch__I)
                  2000b508    000000cc     simplelink.a : cc_pal.obj (.text:spi_Read)
                  2000b5d4    000000cc     ti.targets.arm.rtsarm.aem4 : Core-smem.oem4 (.text:xdc_runtime_Core_constructObject__I)
                  2000b6a0    000000c8     sysbios.aem4 : BIOS.obj (.text:ti_sysbios_knl_Task_schedule__I)
                  2000b768    000000c4     simplelink.a : device.obj (.text:sl_Stop)
                  2000b82c    000000c4     sysbios.aem4 : BIOS.obj (.text:ti_sysbios_family_arm_m3_Hwi_Module_startup__E)
                  2000b8f0    000000c0     simplelink.a : device.obj (.text:sl_Start)
                  2000b9b0    000000c0     sysbios.aem4 : BIOS.obj (.text:ti_sysbios_knl_Task_exit__E)
                  2000ba70    000000bc                  : BIOS.obj (.text:ti_sysbios_knl_Task_startCore__E)
                  2000bb2c    000000b4     simplelink.a : driver.obj (.text:_SlDrvMsgReadCmdCtx)
                  2000bbe0    000000b4     sysbios.aem4 : BIOS.obj (.text:ti_sysbios_family_arm_m3_Hwi_excHardFault__I)
                  2000bc94    000000b4                  : BIOS.obj (.text:ti_sysbios_gates_GateMutex_enter__E)
                  2000bd48    000000b4                  : BIOS.obj (.text:ti_sysbios_knl_Task_checkStacks__E)
                  2000bdfc    000000b2     simplelink.a : netapp.obj (.text:_SlDrvNetAppEventHandler)
                  2000beae    00000002     --HOLE-- [fill = 0]
                  2000beb0    000000b0     sysbios.aem4 : BIOS.obj (.text:ti_sysbios_family_arm_m3_Hwi_excDebugMon__I)
                  2000bf60    000000a8     driverlib.a : interrupt.obj (.text:IntEnable)
                  2000c008    000000a8     sysbios.aem4 : BIOS.obj (.text:ti_sysbios_knl_Swi_post__E)
                  2000c0b0    000000a8                  : BIOS.obj (.text:ti_sysbios_knl_Task_blockI__E)
                  2000c158    000000a8                  : BIOS.obj (.text:ti_sysbios_knl_Task_postInit__I)
                  2000c200    000000a0     driverlib.a : spi.obj (.text:SPIConfigSetExpClk)
                  2000c2a0    000000a0     auto_init.aem4 : auto_init.oem4 (.text)
                  2000c340    0000009c     rtsv7M4_T_le_eabi.lib : memcpy_t2.obj (.text)
                  2000c3dc    0000009c     sysbios.aem4 : BIOS.obj (.text:ti_sysbios_family_arm_m3_Hwi_Instance_init__E)
                  2000c478    0000009c                  : BIOS.obj (.text:ti_sysbios_knl_Semaphore_Instance_init__E)
                  2000c514    0000009a     ti.targets.arm.rtsarm.aem4 : Text.oem4 (.text:xdc_runtime_Text_putSite__E)
                  2000c5ae    00000002     --HOLE-- [fill = 0]
                  2000c5b0    00000098     simplelink.a : driver.obj (.text:_SlFindAndSetActiveObj)
                  2000c648    00000094     driverlib.a : prcm.obj (.text:PRCMPeripheralClockGet)
                  2000c6dc    00000094     simplelink.a : driver.obj (.text:_SlDrvClassifyRxMsg)
                  2000c770    00000094     sysbios.aem4 : BIOS.obj (.text:ti_sysbios_knl_Mailbox_post__E)
                  2000c804    00000094                  : BIOS.obj (.text:ti_sysbios_knl_Task_unblockI__E)
                  2000c898    00000094     ti.targets.arm.rtsarm.aem4 : Text.oem4 (.text:xdc_runtime_Text_putMod__E)
                  2000c92c    00000092     rtsv7M4_T_le_eabi.lib : fs_div_t2.obj (.text)
                  2000c9be    00000002     --HOLE-- [fill = 0]
                  2000c9c0    00000090     simplelink.a : driver.obj (.text:_SlDrvMsgReadSpawnCtx)
                  2000ca50    00000088     driverlib.a : pin.obj (.text:PinConfigSet)
                  2000cad8    00000088     rtsv7M4_T_le_eabi.lib : vsnprintf.obj (.text)
                  2000cb60    00000088     simplelink.a : netapp.obj (.text:sl_NetAppMDNSRegisterUnregisterService)
                  2000cbe8    00000088     sysbios.aem4 : BIOS.obj (.text:ti_sysbios_knl_Mailbox_Module_startup__E)
                  2000cc70    00000086     rtsv7M4_T_le_eabi.lib : fd_cmp_t2.obj (.text:__aeabi_cdcmple)
                  2000ccf6    00000086                           : fd_cmp_t2.obj (.text:__aeabi_cdrcmple)
                  2000cd7c    00000084     simplelink.a : driver.obj (.text:_SlDrvCmdOp)
                  2000ce00    00000084     sysbios.aem4 : BIOS.obj (.text:ti_sysbios_family_arm_m3_Hwi_initNVIC__E)
                  2000ce84    00000084                  : BIOS.obj (.text:ti_sysbios_knl_Mailbox_pend__E)
                  2000cf08    00000082     driverlib.a : gpio.obj (.text:GPIOIntTypeSet)
                  2000cf8a    00000002     --HOLE-- [fill = 0]
                  2000cf8c    00000080     simplelink.a : cc_pal.obj (.text:NwpPowerOnPreamble)
                  2000d00c    00000080     ti.targets.arm.rtsarm.aem4 : LoggerBuf.oem4 (.text:xdc_runtime_LoggerBuf_setFilterLevel__E)
                  2000d08c    0000007c     simplelink.a : driver.obj (.text:_SlDrvDriverCBInit)
                  2000d108    0000007c                  : netapp.obj (.text:_sl_HandleAsync_DnsGetHostByName)
                  2000d184    0000007c                  : device.obj (.text:sl_DevGet)
                  2000d200    0000007a     rtsv7M4_T_le_eabi.lib : memset_t2.obj (.text)
                  2000d27a    00000002     --HOLE-- [fill = 0]
                  2000d27c    00000078     simplelink.a : cc_pal.obj (.text:SetupDMAReceive)
                  2000d2f4    00000076     driverlib.a : uart.obj (.text:UARTConfigSetExpClk)
                  2000d36a    00000002     --HOLE-- [fill = 0]
                  2000d36c    00000074     simplelink.a : device.obj (.text:_sl_HandleAsync_InitComplete)
                  2000d3e0    00000074                  : cc_pal.obj (.text:spi_Close)
                  2000d454    00000070                  : netapp.obj (.text:_sl_HandleAsync_PingResponse)
                  2000d4c4    00000070     sysbios.aem4 : BIOS.obj (.text:ti_sysbios_family_arm_m3_Hwi_postInit__I)
                  2000d534    00000070                  : BIOS.obj (.text:ti_sysbios_knl_Mailbox_Instance_finalize__E)
                  2000d5a4    00000070     ti.targets.arm.rtsarm.aem4 : Memory.oem4 (.text:xdc_runtime_Memory_alloc__E)
                  2000d614    0000006c                                : Error.oem4 (.text:xdc_runtime_Error_print__E)
                  2000d680    0000006c                                : LoggerBuf.oem4 (.text:xdc_runtime_LoggerBuf_getFilterLevel__E)
                  2000d6ec    00000068     simplelink.a : socket.obj (.text:_sl_HandleAsync_Connect)
                  2000d754    00000068                  : netapp.obj (.text:_sl_HandleAsync_DnsGetHostByService)
                  2000d7bc    00000066     ti.targets.arm.rtsarm.aem4 : Core-mem.oem4 (.text:xdc_runtime_Core_deleteObject__I)
                  2000d822    00000002     --HOLE-- [fill = 0]
                  2000d824    00000064     simplelink.a : socket.obj (.text:_sl_HandleAsync_Accept)
                  2000d888    00000064     pinmux.obj (.text)
                  2000d8ec    00000064     app_pem4.oem4 (.text:ti_sysbios_family_arm_m3_Hwi_create)
                  2000d950    00000064     app_pem4.oem4 (.text:ti_sysbios_knl_Mailbox_create)
                  2000d9b4    00000064     driverlib.a : udma.obj (.text:uDMAChannelAttributeDisable)
                  2000da18    00000064                 : udma.obj (.text:uDMAChannelAttributeEnable)
                  2000da7c    00000060     rtsv7M4_T_le_eabi.lib : trgmsg.obj (.text)
                  2000dadc    00000060     sysbios.aem4 : BIOS.obj (.text:ti_sysbios_family_arm_m3_TimestampProvider_get64__E)
                  2000db3c    00000060                  : BIOS.obj (.text:ti_sysbios_knl_Clock_logTick__E)
                  2000db9c    00000060     ti.targets.arm.rtsarm.aem4 : System.oem4 (.text:xdc_runtime_System_formatNum__I)
                  2000dbfc    0000005e     rtsv7M4_T_le_eabi.lib : copy_decompress_rle.obj (.text)
                  2000dc5a    00000002     --HOLE-- [fill = 0]
                  2000dc5c    0000005c     sysbios.aem4 : BIOS.obj (.text:ti_sysbios_family_arm_m3_Timer_setPeriod__E)
                  2000dcb8    0000005c     app_pem4.oem4 (.text:ti_sysbios_knl_Task_create)
                  2000dd14    0000005c     app_pem4.oem4 (.text:xdc_runtime_LoggerBuf_Object__create__S)
                  2000dd70    0000005b     ti.targets.arm.rtsarm.aem4 : Text.oem4 (.text:xdc_runtime_Text_putLab__E)
                  2000ddcb    00000001     --HOLE-- [fill = 0]
                  2000ddcc    0000005a     rtsv7M4_T_le_eabi.lib : ltoa.obj (.text)
                  2000de26    00000002     --HOLE-- [fill = 0]
                  2000de28    00000058     driverlib.a : interrupt.obj (.text:IntPendClear)
                  2000de80    00000058                 : prcm.obj (.text:PRCMPeripheralReset)
                  2000ded8    00000058     simplelink.a : driver.obj (.text:_SlDrvDriverCBDeinit)
                  2000df30    00000058                  : socket.obj (.text:_sl_HandleAsync_Select)
                  2000df88    00000058     sysbios.aem4 : BIOS.obj (.text:ti_sysbios_knl_Swi_restoreHwi__E)
                  2000dfe0    00000058                  : BIOS.obj (.text:ti_sysbios_knl_Swi_schedule__I)
                  2000e038    00000054     simplelink.a : device.obj (.text:_sl_HandleAsync_Stop)
                  2000e08c    00000054                  : netapp.obj (.text:sl_NetAppSendTokenValue)
                  2000e0e0    00000054     sysbios.aem4 : BIOS.obj (.text:ti_sysbios_family_arm_m3_Timer_start__E)
                  2000e134    00000050     ti.targets.arm.rtsarm.aem4 : Startup.oem4 (.text:xdc_runtime_Startup_exec__E)
                  2000e184    00000050                                : Text.oem4 (.text:xdc_runtime_Text_visitRope2__I)
                  2000e1d4    0000004c     driverlib.a : spi.obj (.text:SPIIntEnable)
                  2000e220    0000004c     rtsv7M4_T_le_eabi.lib : atoi.obj (.text)
                  2000e26c    0000004c     sysbios.aem4 : m3_TaskSupport_asm.obj (.text:ti_sysbios_family_arm_m3_TaskSupport_buildTaskStack)
                  2000e2b8    0000004c                  : BIOS.obj (.text:ti_sysbios_knl_Swi_runLoop__I)
                  2000e304    0000004c     driverlib.a : udma.obj (.text:uDMAChannelAssign)
                  2000e350    0000004a     simplelink.a : device.obj (.text:_sl_GetStartResponseConvert)
                  2000e39a    0000004a     rtsv7M4_T_le_eabi.lib : fd_tos_t2.obj (.text)
                  2000e3e4    00000048     driverlib.a : spi.obj (.text:SPIIntClear)
                  2000e42c    00000048     rtsv7M4_T_le_eabi.lib : fd_toi_t2.obj (.text)
                  2000e474    00000048     simplelink.a : wlan.obj (.text:sl_WlanSet)
                  2000e4bc    00000048     sysbios.aem4 : BIOS.obj (.text:ti_sysbios_family_arm_m3_Hwi_excReserved__I)
                  2000e504    00000048                  : m3_Hwi_asm_switch.obj (.text:ti_sysbios_family_arm_m3_Hwi_initStacks__E)
                  2000e54c    00000048                  : BIOS.obj (.text:ti_sysbios_family_arm_m3_Timer_initDevice__I)
                  2000e594    00000048                  : BIOS.obj (.text:ti_sysbios_heaps_HeapMem_getStats__E)
                  2000e5dc    00000048     ti.targets.arm.rtsarm.aem4 : Assert.oem4 (.text:xdc_runtime_Assert_raise__I)
                  2000e624    00000046                                : Core-params.oem4 (.text:xdc_runtime_Core_assignParams__I)
                  2000e66a    00000002     --HOLE-- [fill = 0]
                  2000e66c    00000044     driverlib.a : spi.obj (.text:SPIDmaMaskGet)
                  2000e6b0    00000044     boot.aem4 : boot.oem4 (.text)
                  2000e6f4    00000044     rtsv7M4_T_le_eabi.lib : cpy_tbl.obj (.text)
                  2000e738    00000044                           : exit.obj (.text)
                  2000e77c    00000044                           : xdtest.obj (.text)
                  2000e7c0    00000044     simplelink.a : netcfg.obj (.text:sl_NetCfgSet)
                  2000e804    00000044     sysbios.aem4 : BIOS.obj (.text:ti_sysbios_family_arm_m3_Hwi_disableInterrupt__E)
                  2000e848    00000044                  : BIOS.obj (.text:ti_sysbios_family_arm_m3_Hwi_enableInterrupt__E)
                  2000e88c    00000044                  : BIOS.obj (.text:ti_sysbios_knl_Task_allBlockedFunction__I)
                  2000e8d0    00000044     ti.targets.arm.rtsarm.aem4 : Error.oem4 (.text:xdc_runtime_Error_setX__E)
                  2000e914    00000044                                : LoggerBuf.oem4 (.text:xdc_runtime_LoggerBuf_filterOutEvent__I)
                  2000e958    00000044                                : SysMin.oem4 (.text:xdc_runtime_SysMin_flush__E)
                  2000e99c    00000042     rtsv7M4_T_le_eabi.lib : u_divt2.obj (.text)
                  2000e9de    00000002     --HOLE-- [fill = 0]
                  2000e9e0    00000040     driverlib.a : pin.obj (.text:PinModeSet)
                  2000ea20    00000040     simplelink.a : driver.obj (.text:_SlDrvRxIrqHandler)
                  2000ea60    00000040                  : driver.obj (.text:_SlRemoveFromList)
                  2000eaa0    00000040                  : wlan.obj (.text:sl_WlanPolicySet)
                  2000eae0    00000040                  : wlan.obj (.text:sl_WlanRxFilterSet)
                  2000eb20    00000040     sysbios.aem4 : BIOS.obj (.text:ti_sysbios_family_arm_m3_Timer_Module_startup__E)
                  2000eb60    00000040                  : BIOS.obj (.text:ti_sysbios_knl_Mailbox_postInit__I)
                  2000eba0    0000003e     app_pem4.oem4 (.text:realloc)
                  2000ebde    00000002     --HOLE-- [fill = 0]
                  2000ebe0    0000003c     simplelink.a : cc_pal.obj (.text:NwpPowerOff)
                  2000ec1c    0000003c     driverlib.a : prcm.obj (.text:PRCMPeripheralClkEnable)
                  2000ec58    0000003c     simplelink.a : driver.obj (.text:_SlDrvObjInit)
                  2000ec94    0000003c     sysbios.aem4 : BIOS.obj (.text:ti_sysbios_family_arm_m3_Hwi_excSvCall__I)
                  2000ecd0    0000003c                  : BIOS.obj (.text:ti_sysbios_heaps_HeapMem_init__I)
                  2000ed0c    0000003c                  : BIOS.obj (.text:ti_sysbios_knl_Swi_startup__E)
                  2000ed48    0000003c     driverlib.a : udma.obj (.text:uDMAChannelControlSet)
                  2000ed84    0000003c     ti.targets.arm.rtsarm.aem4 : Text.oem4 (.text:xdc_runtime_Text_xprintf__I)
                  2000edc0    0000003a                                : LoggerBuf.oem4 (.text:xdc_runtime_LoggerBuf_Instance_init__E)
                  2000edfa    00000038     driverlib.a : adc.obj (.text:ADCChannelEnable)
                  2000ee32    00000038     rtsv7M4_T_le_eabi.lib : fs_tod_t2.obj (.text)
                  2000ee6a    00000002     --HOLE-- [fill = 0]
                  2000ee6c    00000038     sysbios.aem4 : BIOS.obj (.text:ti_sysbios_family_arm_m3_Hwi_excNoIsr__I)
                  2000eea4    00000038                  : BIOS.obj (.text:ti_sysbios_family_arm_m3_Hwi_getStackInfo__E)
                  2000eedc    00000038                  : BIOS.obj (.text:ti_sysbios_family_arm_m3_TaskSupport_start__E)
                  2000ef14    00000038                  : BIOS.obj (.text:ti_sysbios_knl_Task_processVitalTaskFlag__I)
                  2000ef4c    00000038     ti.targets.arm.rtsarm.aem4 : SysMin.oem4 (.text:xdc_runtime_SysMin_putch__E)
                  2000ef84    00000038                                : System.oem4 (.text:xdc_runtime_System_atexit__E)
                  2000efbc    00000036     driverlib.a : gpio.obj (.text:GPIODirModeSet)
                  2000eff2    00000002     --HOLE-- [fill = 0]
                  2000eff4    00000034                 : prcm.obj (.text:PRCMPeripheralStatusGet)
                  2000f028    00000034                 : spi.obj (.text:SPIFIFOLevelSet)
                  2000f05c    00000034     simplelink.a : driver.obj (.text:_SlDrvBasicCmd)
                  2000f090    00000034     sysbios.aem4 : BIOS.obj (.text:ti_sysbios_family_arm_m3_Hwi_excNmi__I)
                  2000f0c4    00000034                  : BIOS.obj (.text:ti_sysbios_family_arm_m3_Timer_periodicStub__I)
                  2000f0f8    00000034                  : BIOS.obj (.text:ti_sysbios_hal_Hwi_checkStack)
                  2000f12c    00000034     app_pem4.oem4 (.text:ti_sysbios_knl_Semaphore_create)
                  2000f160    00000034     ti.targets.arm.rtsarm.aem4 : Core-label.oem4 (.text:xdc_runtime_Core_assignLabel__I)
                  2000f194    00000033                                : Text.oem4 (.text:xdc_runtime_Text_printVisFxn__I)
                  2000f1c7    00000001     --HOLE-- [fill = 0]
                  2000f1c8    00000032     sysbios.aem4 : BIOS.obj (.text:ti_sysbios_knl_Semaphore_pendTimeout__I)
                  2000f1fa    00000002     --HOLE-- [fill = 0]
                  2000f1fc    00000030     simplelink.a : cc_pal.obj (.text:NwpPowerOn)
                  2000f22c    00000030     driverlib.a : pin.obj (.text:PinTypeGPIO)
                  2000f25c    00000030                 : uart.obj (.text:UARTDisable)
                  2000f28c    00000030     app_pem4.oem4 (.text:ti_sysbios_BIOS_atExitFunc__I)
                  2000f2bc    00000030     app_pem4.oem4 (.text:ti_sysbios_gates_GateHwi_Object__create__S)
                  2000f2ec    00000030     app_pem4.oem4 (.text:ti_sysbios_gates_GateMutex_Object__create__S)
                  2000f31c    00000030     app_pem4.oem4 (.text:ti_sysbios_heaps_HeapMem_Object__create__S)
                  2000f34c    00000030     app_pem4.oem4 (.text:ti_sysbios_knl_Semaphore_construct)
                  2000f37c    00000030     ti.targets.arm.rtsarm.aem4 : SysMin.oem4 (.text:xdc_runtime_SysMin_abort__E)
                  2000f3ac    00000030                                : System.oem4 (.text:xdc_runtime_System_processAtExit__E)
                  2000f3dc    0000002e     app_pem4.oem4 (.text:malloc)
                  2000f40a    0000002e     rtsv7M4_T_le_eabi.lib : i_tofd_t2.obj (.text)
                  2000f438    0000002c     simplelink.a : cc_pal.obj (.text:DmaSpiSwIntHandler)
                  2000f464    0000002c     driverlib.a : prcm.obj (.text:PRCMSysResetCauseGet)
                  2000f490    0000002c     simplelink.a : flowcont.obj (.text:_SlDrvFlowContDeinit)
                  2000f4bc    0000002c                  : flowcont.obj (.text:_SlDrvFlowContInit)
                  2000f4e8    0000002c     sysbios.aem4 : BIOS.obj (.text:ti_sysbios_family_arm_m3_Hwi_Instance_finalize__E)
                  2000f514    0000002c                  : BIOS.obj (.text:ti_sysbios_hal_Hwi_initStack)
                  2000f540    0000002c     app_pem4.oem4 (.text:ti_sysbios_knl_Clock_doTick__I)
                  2000f56c    0000002c     app_pem4.oem4 (.text:ti_sysbios_knl_Queue_construct)
                  2000f598    0000002c     sysbios.aem4 : BIOS.obj (.text:ti_sysbios_knl_Task_restore__E)
                  2000f5c4    0000002c     ti.targets.arm.rtsarm.aem4 : Text.oem4 (.text:xdc_runtime_Text_cordText__E)
                  2000f5f0    0000002a                                : System.oem4 (.text:xdc_runtime_System_putchar__I)
                  2000f61a    00000002     --HOLE-- [fill = 0]
                  2000f61c    00000028     driverlib.a : prcm.obj (.text:PRCMPeripheralClkDisable)
                  2000f644    00000028     simplelink.a : wlan.obj (.text:sl_WlanSetMode)
                  2000f66c    00000028     ti.targets.arm.rtsarm.aem4 : LoggerBuf.oem4 (.text:xdc_runtime_LoggerBuf_Module_startup__E)
                  2000f694    00000026                                : System.oem4 (.text:xdc_runtime_System_avprintf__E)
                  2000f6ba    00000024     driverlib.a : uart.obj (.text:UARTEnable)
                  2000f6de    00000024     rtsv7M4_T_le_eabi.lib : memmov.obj (.text)
                  2000f702    00000002     --HOLE-- [fill = 0]
                  2000f704    00000024     simplelink.a : wlan.obj (.text:sl_WlanProfileDel)
                  2000f728    00000024     app_pem4.oem4 (.text:ti_sysbios_BIOS_errorRaiseHook__I)
                  2000f74c    00000024     app_pem4.oem4 (.text:ti_sysbios_BIOS_registerRTSLock__I)
                  2000f770    00000024     app_pem4.oem4 (.text:ti_sysbios_BIOS_removeRTSLock__I)
                  2000f794    00000024     app_pem4.oem4 (.text:ti_sysbios_BIOS_startFunc__I)
                  2000f7b8    00000024     sysbios.aem4 : BIOS.obj (.text:ti_sysbios_family_arm_m3_Hwi_doTaskRestore__I)
                  2000f7dc    00000024                  : BIOS.obj (.text:ti_sysbios_family_arm_m3_Timer_startup__E)
                  2000f800    00000024     app_pem4.oem4 (.text:ti_sysbios_gates_GateMutex_Object__delete__S)
                  2000f824    00000024     sysbios.aem4 : BIOS.obj (.text:ti_sysbios_knl_Clock_Module_startup__E)
                  2000f848    00000024     app_pem4.oem4 (.text:ti_sysbios_knl_Semaphore_Object__delete__S)
                  2000f86c    00000024     sysbios.aem4 : BIOS.obj (.text:ti_sysbios_knl_Swi_Module_startup__E)
                  2000f890    00000024     ti.targets.arm.rtsarm.aem4 : System.oem4 (.text:xdc_runtime_System_vprintf__E)
                  2000f8b4    00000022     driverlib.a : adc.obj (.text:ADCTimerConfig)
                  2000f8d6    00000022     simplelink.a : cc_pal.obj (.text:NwpRegisterInterruptHandler)
                  2000f8f8    00000022     driverlib.a : spi.obj (.text:SPIReset)
                  2000f91a    00000022                 : spi.obj (.text:SPIWordCountSet)
                  2000f93c    00000022     app_pem4.oem4 (.text:xdc_runtime_SysMin_output__I)
                  2000f95e    00000020     driverlib.a : gpio.obj (.text:GPIOPinWrite)
                  2000f97e    00000002     --HOLE-- [fill = 0]
                  2000f980    00000020     simplelink.a : driver.obj (.text:_SlDrvCmdSend)
                  2000f9a0    00000020     rtsv7M4_T_le_eabi.lib : u_tofd_t2.obj (.text)
                  2000f9c0    00000020     app_pem4.oem4 (.text:ti_sysbios_family_arm_m3_Hwi_Object__delete__S)
                  2000f9e0    00000020     sysbios.aem4 : m3_Hwi_asm.obj (.text:ti_sysbios_family_arm_m3_Hwi_excHandlerAsm__I)
                  2000fa00    00000020                  : BIOS.obj (.text:ti_sysbios_family_arm_m3_Hwi_excHandler__I)
                  2000fa20    00000020                  : BIOS.obj (.text:ti_sysbios_family_arm_m3_TimestampProvider_Module_startup__E)
                  2000fa40    00000020     app_pem4.oem4 (.text:ti_sysbios_gates_GateHwi_Object__delete__S)
                  2000fa60    00000020     app_pem4.oem4 (.text:ti_sysbios_heaps_HeapMem_Object__delete__S)
                  2000fa80    00000020     sysbios.aem4 : BIOS.obj (.text:ti_sysbios_knl_Idle_run__E)
                  2000faa0    00000020     app_pem4.oem4 (.text:ti_sysbios_knl_Mailbox_Object__delete__S)
                  2000fac0    00000020     app_pem4.oem4 (.text:ti_sysbios_knl_Semaphore_Object__destruct__S)
                  2000fae0    00000020     app_pem4.oem4 (.text:ti_sysbios_knl_Task_Object__delete__S)
                  2000fb00    00000020     sysbios.aem4 : BIOS.obj (.text:ti_sysbios_knl_Task_enter__I)
                  2000fb20    00000020     app_pem4.oem4 (.text:xdc_runtime_LoggerBuf_Object__delete__S)
                  2000fb40    00000020     ti.targets.arm.rtsarm.aem4 : LoggerBuf.oem4 (.text:xdc_runtime_LoggerBuf_reset__E)
                  2000fb60    00000020                                : Registry.oem4 (.text:xdc_runtime_Registry_findById__E)
                  2000fb80    00000020                                : SysMin.oem4 (.text:xdc_runtime_SysMin_Module_startup__E)
                  2000fba0    0000001e     driverlib.a : uart.obj (.text:UARTCharPut)
                  2000fbbe    0000001e     sysbios.aem4 : m3_Hwi_asm_switch.obj (.text:ti_sysbios_family_xxx_Hwi_switchAndRunFunc)
                  2000fbdc    0000001c     driverlib.a : adc.obj (.text:ADCFIFOLvlGet)
                  2000fbf8    0000001c     simplelink.a : driver.obj (.text:_SlDrvObjDeInit)
                  2000fc14    0000001c     rtsv7M4_T_le_eabi.lib : memccpy.obj (.text)
                  2000fc30    0000001c     app_pem4.oem4 (.text:ti_sysbios_BIOS_rtsLock__I)
                  2000fc4c    0000001c     sysbios.aem4 : BIOS.obj (.text:ti_sysbios_family_arm_m3_Hwi_setPriority__E)
                  2000fc68    0000001c                  : BIOS.obj (.text:ti_sysbios_gates_GateMutex_Instance_init__E)
                  2000fc84    0000001c     app_pem4.oem4 (.text:ti_sysbios_knl_Queue_Object__destruct__S)
                  2000fca0    0000001c     driverlib.a : udma.obj (.text:uDMAChannelEnable)
                  2000fcbc    0000001c     ti.targets.arm.rtsarm.aem4 : Error.oem4 (.text:xdc_runtime_Error_raiseX__E)
                  2000fcd8    0000001c                                : Memory.oem4 (.text:xdc_runtime_Memory_valloc__E)
                  2000fcf4    0000001c                                : SysMin.oem4 (.text:xdc_runtime_SysMin_exit__E)
                  2000fd10    0000001c                                : System.oem4 (.text:xdc_runtime_System_abort__E)
                  2000fd2c    0000001a     simplelink.a : netapp.obj (.text:CopyPingResultsToReport)
                  2000fd46    0000001a     driverlib.a : gpio.obj (.text:GPIOIntEnable)
                  2000fd60    0000001a                 : pin.obj (.text:PinTypeUART)
                  2000fd7a    0000001a                 : spi.obj (.text:SPIDmaDisable)
                  2000fd94    0000001a                 : spi.obj (.text:SPIDmaEnable)
                  2000fdae    0000001a                 : spi.obj (.text:SPIFIFODisable)
                  2000fdc8    0000001a                 : spi.obj (.text:SPIFIFOEnable)
                  2000fde2    0000001a     simplelink.a : device.obj (.text:_SlDrvDeviceEventHandler)
                  2000fdfc    0000001a     app_pem4.oem4 (.text:ti_sysbios_family_arm_m3_Hwi_Handle__label__S)
                  2000fe16    0000001a     sysbios.aem4 : m3_Hwi_asm.obj (.text:ti_sysbios_family_arm_m3_Hwi_pendSV__I)
                  2000fe30    0000001a     app_pem4.oem4 (.text:ti_sysbios_gates_GateHwi_Handle__label__S)
                  2000fe4a    0000001a     app_pem4.oem4 (.text:ti_sysbios_gates_GateMutex_Handle__label__S)
                  2000fe64    0000001a     app_pem4.oem4 (.text:ti_sysbios_heaps_HeapMem_Handle__label__S)
                  2000fe7e    0000001a     app_pem4.oem4 (.text:ti_sysbios_knl_Swi_Handle__label__S)
                  2000fe98    0000001a     app_pem4.oem4 (.text:ti_sysbios_knl_Task_Handle__label__S)
                  2000feb2    0000001a     sysbios.aem4 : BIOS.obj (.text:ti_sysbios_knl_Task_sleepTimeout__I)
                  2000fecc    0000001a     app_pem4.oem4 (.text:xdc_runtime_LoggerBuf_Handle__label__S)
                  2000fee6    0000001a     app_pem4.oem4 (.text:xdc_runtime_System_aprintf__E)
                  2000ff00    0000001a     app_pem4.oem4 (.text:xdc_runtime_System_printf__E)
                  2000ff1a    00000018     driverlib.a : adc.obj (.text:ADCFIFORead)
                  2000ff32    00000018                 : gpio.obj (.text:GPIOPinRead)
                  2000ff4a    00000018                 : spi.obj (.text:SPICSDisable)
                  2000ff62    00000018                 : spi.obj (.text:SPICSEnable)
                  2000ff7a    00000018                 : spi.obj (.text:SPIDisable)
                  2000ff92    00000018                 : spi.obj (.text:SPIEnable)
                  2000ffaa    00000018     app_pem4.oem4 (.text:free)
                  2000ffc2    00000002     --HOLE-- [fill = 0]
                  2000ffc4    00000018     rtsv7M4_T_le_eabi.lib : args_main.obj (.text)
                  2000ffdc    00000018                           : ll_mul_t2.obj (.text)
                  2000fff4    00000018     app_pem4.oem4 (.text:ti_sysbios_BIOS_rtsUnlock__I)
                  2001000c    00000018     app_pem4.oem4 (.text:ti_sysbios_family_arm_m3_Hwi_Module__startupDone__F)
                  20010024    00000018     app_pem4.oem4 (.text:ti_sysbios_family_arm_m3_Timer_Module__startupDone__F)
                  2001003c    00000018     sysbios.aem4 : BIOS.obj (.text:ti_sysbios_gates_GateMutex_leave__E)
                  20010054    00000018     ti.targets.arm.rtsarm.aem4 : Error.oem4 (.text:xdc_runtime_Error_check__E)
                  2001006c    00000018                                : System.oem4 (.text:xdc_runtime_System_exit__E)
                  20010084    00000018                                : Text.oem4 (.text:xdc_runtime_Text_ropeText__E)
                  2001009c    00000016     driverlib.a : adc.obj (.text:ADCTimerEnable)
                  200100b2    00000016                 : prcm.obj (.text:PRCMHIBRegRead)
                  200100c8    00000016                 : prcm.obj (.text:PRCMHIBRegWrite)
                  200100de    00000016                 : uart.obj (.text:UARTCharGet)
                  200100f4    00000016     app_pem4.oem4 (.text:ti_sysbios_BIOS_exitFunc__I)
                  2001010a    00000014     driverlib.a : adc.obj (.text:ADCEnable)
                  2001011e    00000014                 : cpu.obj (.text:CPUcpsie)
                  20010132    00000014                 : gpio.obj (.text:GPIOIntClear)
                  20010146    00000014                 : pin.obj (.text:PinTypeADC)
                  2001015a    00000014     simplelink.a : driver.obj (.text:_SlDrvShiftDWord)
                  2001016e    00000002     --HOLE-- [fill = 0]
                  20010170    00000014     rtsv7M4_T_le_eabi.lib : _lock.obj (.text)
                  20010184    00000014                           : strlen.obj (.text)
                  20010198    00000014     app_pem4.oem4 (.text:ti_sysbios_family_arm_m3_Hwi_Object__get__S)
                  200101ac    00000014     sysbios.aem4 : BIOS.obj (.text:ti_sysbios_family_arm_m3_Hwi_switchFromBootStack__E)
                  200101c0    00000014     app_pem4.oem4 (.text:ti_sysbios_heaps_HeapMem_Object__get__S)
                  200101d4    00000014     app_pem4.oem4 (.text:ti_sysbios_knl_Swi_Object__get__S)
                  200101e8    00000014     app_pem4.oem4 (.text:xdc_runtime_LoggerBuf_Object__get__S)
                  200101fc    00000012     rtsv7M4_T_le_eabi.lib : copy_zero_init.obj (.text:decompress:ZI)
                  2001020e    00000012     simplelink.a : netapp.obj (.text:sl_NetAppMDNSUnRegisterService)
                  20010220    00000012     sysbios.aem4 : BIOS.obj (.text:ti_sysbios_hal_Hwi_Module_startup__E)
                  20010232    00000012                  : BIOS.obj (.text:ti_sysbios_hal_Timer_Module_startup__E)
                  20010244    00000012     ti.targets.arm.rtsarm.aem4 : LoggerBuf.oem4 (.text:xdc_runtime_LoggerBuf_Instance_finalize__E)
                  20010256    00000012                                : LoggerBuf.oem4 (.text:xdc_runtime_LoggerBuf_write1__E)
                  20010268    00000012                                : LoggerBuf.oem4 (.text:xdc_runtime_LoggerBuf_write2__E)
                  2001027a    00000012     app_pem4.oem4 (.text:xdc_runtime_Startup_exec__I)
                  2001028c    00000010     simplelink.a : cc_pal.obj (.text:NwpMaskInterrupt)
                  2001029c    00000010     rtsv7M4_T_le_eabi.lib : strcpy.obj (.text)
                  200102ac    00000010     sysbios.aem4 : BIOS.obj (.text:ti_sysbios_BIOS_setThreadType__E)
                  200102bc    00000010                  : BIOS.obj (.text:ti_sysbios_BIOS_start__E)
                  200102cc    00000010                  : BIOS.obj (.text:ti_sysbios_family_arm_m3_Hwi_getHandle__E)
                  200102dc    00000010                  : m3_TaskSupport_asm.obj (.text:ti_sysbios_family_arm_m3_TaskSupport_glue)
                  200102ec    00000010                  : m3_TaskSupport_asm.obj (.text:ti_sysbios_family_arm_m3_TaskSupport_swap__E)
                  200102fc    00000010                  : BIOS.obj (.text:ti_sysbios_gates_GateMutex_Instance_finalize__E)
                  2001030c    00000010     app_pem4.oem4 (.text:ti_sysbios_knl_Mailbox_Object__get__S)
                  2001031c    00000010     sysbios.aem4 : BIOS.obj (.text:ti_sysbios_knl_Semaphore_Instance_finalize__E)
                  2001032c    00000010                  : BIOS.obj (.text:ti_sysbios_knl_Swi_disable__E)
                  2001033c    00000010     app_pem4.oem4 (.text:ti_sysbios_knl_Task_Object__get__S)
                  2001034c    00000010     sysbios.aem4 : BIOS.obj (.text:ti_sysbios_knl_Task_disable__E)
                  2001035c    00000010     ti.targets.arm.rtsarm.aem4 : Gate.oem4 (.text:xdc_runtime_Gate_leaveSystem__E)
                  2001036c    00000010                                : LoggerBuf.oem4 (.text:xdc_runtime_LoggerBuf_write0__E)
                  2001037c    00000010                                : Memory.oem4 (.text:xdc_runtime_Memory_free__E)
                  2001038c    00000010                                : SysMin.oem4 (.text:xdc_runtime_SysMin_ready__E)
                  2001039c    00000010                                : System.oem4 (.text:xdc_runtime_System_vsnprintf__E)
                  200103ac    00000010     app_pem4.oem4 (.text:xdc_runtime_Text_visitRope__I)
                  200103bc    0000000e     rtsv7M4_T_le_eabi.lib : copy_decompress_none.obj (.text:decompress:none)
                  200103ca    0000000e                           : xdclass.obj (.text)
                  200103d8    0000000e     sysbios.aem4 : BIOS.obj (.text:ti_sysbios_knl_Queue_empty__E)
                  200103e6    00000002     --HOLE-- [fill = 0]
                  200103e8    0000000c     simplelink.a : cc_pal.obj (.text:NwpUnMaskInterrupt)
                  200103f4    0000000c     app_pem4.oem4 (.text:ti_sysbios_family_arm_m3_Hwi_Params__init__S)
                  20010400    0000000c     sysbios.aem4 : BIOS.obj (.text:ti_sysbios_family_arm_m3_Hwi_disableFxn__E)
                  2001040c    0000000c                  : BIOS.obj (.text:ti_sysbios_family_arm_m3_TaskSupport_checkStack__E)
                  20010418    0000000c                  : BIOS.obj (.text:ti_sysbios_family_arm_m3_TaskSupport_getStackAlignment__E)
                  20010424    0000000c                  : BIOS.obj (.text:ti_sysbios_gates_GateHwi_enter__E)
                  20010430    0000000c     app_pem4.oem4 (.text:ti_sysbios_knl_Queue_Object__get__S)
                  2001043c    0000000c     app_pem4.oem4 (.text:ti_sysbios_knl_Semaphore_Params__init__S)
                  20010448    0000000c     app_pem4.oem4 (.text:ti_sysbios_knl_Task_Params__init__S)
                  20010454    0000000c     ti.targets.arm.rtsarm.aem4 : Error.oem4 (.text:xdc_runtime_Error_init__E)
                  20010460    0000000c                                : Gate.oem4 (.text:xdc_runtime_Gate_enterSystem__E)
                  2001046c    0000000c                                : Memory.oem4 (.text:xdc_runtime_Memory_calloc__E)
                  20010478    0000000c                                : Memory.oem4 (.text:xdc_runtime_Memory_getMaxDefaultTypeAlign__E)
                  20010484    0000000a     driverlib.a : interrupt.obj (.text:IntMasterEnable)
                  2001048e    0000000a     app_pem4.oem4 (.text:xdc_runtime_IHeap_alloc)
                  20010498    0000000a     app_pem4.oem4 (.text:xdc_runtime_IHeap_free)
                  200104a2    0000000a     ti.targets.arm.rtsarm.aem4 : LoggerBuf.oem4 (.text:xdc_runtime_LoggerBuf_disable__E)
                  200104ac    0000000a                                : LoggerBuf.oem4 (.text:xdc_runtime_LoggerBuf_enable__E)
                  200104b6    00000008     simplelink.a : wlan.obj (.text:sl_WlanDisconnect)
                  200104be    00000008     sysbios.aem4 : BIOS.obj (.text:ti_sysbios_family_arm_m3_Hwi_doSwiRestore__I)
                  200104c6    00000008                  : BIOS.obj (.text:ti_sysbios_family_arm_m3_Hwi_startup__E)
                  200104ce    00000008                  : BIOS.obj (.text:ti_sysbios_knl_Idle_loop__E)
                  200104d6    00000006     driverlib.a : utils.obj (.text:UtilsDelay)
                  200104dc    00000006     ti.targets.arm.rtsarm.aem4 : xdc_noinit.oem4 (.text:__xdc__init)
                  200104e2    00000006     rtsv7M4_T_le_eabi.lib : copy_decompress_rle.obj (.text:decompress:rle24)
                  200104e8    00000006     sysbios.aem4 : BIOS.obj (.text:ti_sysbios_family_arm_m3_Hwi_restoreFxn__E)
                  200104ee    00000006                  : BIOS.obj (.text:ti_sysbios_gates_GateHwi_leave__E)
                  200104f4    00000006                  : BIOS.obj (.text:ti_sysbios_heaps_HeapMem_isBlocking__E)
                  200104fa    00000006                  : BIOS.obj (.text:ti_sysbios_knl_Queue_Instance_init__E)
                  20010500    00000006     ti.targets.arm.rtsarm.aem4 : System.oem4 (.text:xdc_runtime_System_Module_startup__E)
                  20010506    00000004                                : LoggerBuf.oem4 (.text:LoggerBuf_instanceStartup)
                  2001050a    00000004     app_pem4.oem4 (.text:ti_sysbios_BIOS_RtsGateProxy_enter__E)
                  2001050e    00000004     app_pem4.oem4 (.text:ti_sysbios_BIOS_RtsGateProxy_leave__E)
                  20010512    00000004     app_pem4.oem4 (.text:ti_sysbios_family_arm_m3_Hwi_delete)
                  20010516    00000004     app_pem4.oem4 (.text:ti_sysbios_family_arm_m3_TaskSupport_Module__startupDone__S)
                  2001051a    00000004     sysbios.aem4 : BIOS.obj (.text:ti_sysbios_family_arm_m3_Timer_getMaxTicks__E)
                  2001051e    00000004                  : BIOS.obj (.text:ti_sysbios_gates_GateHwi_query__E)
                  20010522    00000004                  : BIOS.obj (.text:ti_sysbios_gates_GateMutex_query__E)
                  20010526    00000004     app_pem4.oem4 (.text:ti_sysbios_hal_Hwi_HwiProxy_Module__startupDone__S)
                  2001052a    00000004     app_pem4.oem4 (.text:ti_sysbios_hal_Timer_TimerProxy_Module__startupDone__S)
                  2001052e    00000004     app_pem4.oem4 (.text:ti_sysbios_heaps_HeapMem_Module_GateProxy_enter__E)
                  20010532    00000004     app_pem4.oem4 (.text:ti_sysbios_heaps_HeapMem_Module_GateProxy_leave__E)
                  20010536    00000004     app_pem4.oem4 (.text:ti_sysbios_knl_Clock_TimerProxy_Module__startupDone__S)
                  2001053a    00000004     app_pem4.oem4 (.text:ti_sysbios_knl_Clock_TimerProxy_getMaxTicks__E)
                  2001053e    00000004     app_pem4.oem4 (.text:ti_sysbios_knl_Mailbox_delete)
                  20010542    00000004     app_pem4.oem4 (.text:ti_sysbios_knl_Queue_destruct)
                  20010546    00000004     app_pem4.oem4 (.text:ti_sysbios_knl_Semaphore_delete)
                  2001054a    00000004     app_pem4.oem4 (.text:ti_sysbios_knl_Semaphore_destruct)
                  2001054e    00000004     app_pem4.oem4 (.text:ti_sysbios_knl_Task_SupportProxy_Module__startupDone__S)
                  20010552    00000004     app_pem4.oem4 (.text:ti_sysbios_knl_Task_delete)
                  20010556    00000004     sysbios.aem4 : BIOS.obj (.text:ti_sysbios_knl_Task_startup__E)
                  2001055a    00000004     ti.targets.arm.rtsarm.aem4 : Error.oem4 (.text:xdc_runtime_Error_getSite__E)
                  2001055e    00000004     app_pem4.oem4 (.text:xdc_runtime_LoggerBuf_Module_GateProxy_enter__E)
                  20010562    00000004     app_pem4.oem4 (.text:xdc_runtime_LoggerBuf_Module_GateProxy_leave__E)
                  20010566    00000004     app_pem4.oem4 (.text:xdc_runtime_Memory_HeapProxy_alloc__E)
                  2001056a    00000004     app_pem4.oem4 (.text:xdc_runtime_Memory_HeapProxy_free__E)
                  2001056e    00000004     app_pem4.oem4 (.text:xdc_runtime_System_Module_GateProxy_enter__E)
                  20010572    00000004     app_pem4.oem4 (.text:xdc_runtime_System_Module_GateProxy_leave__E)
                  20010576    00000004     ti.targets.arm.rtsarm.aem4 : System.oem4 (.text:xdc_runtime_System_aprintf_va__F)
                  2001057a    00000004                                : System.oem4 (.text:xdc_runtime_System_printf_va__F)

.const     0    20010580    000024ac     
                  20010580    0000178e     app_pem4.oem4 (.const:xdc_runtime_Text_charTab__A)
                  20011d0e    00000102     rtsv7M4_T_le_eabi.lib : ctype.obj (.const:.string:_ctypes_)
                  20011e10    00000100     driverlib.a : pin.obj (.const:g_ulPinToPadMap)
                  20011f10    000000ec     simplelink.a : wlan.obj (.const)
                  20011ffc    000000b8     app_pem4.oem4 (.const:xdc_runtime_Text_nodeTab__A)
                  200120b4    000000a8     driverlib.a : prcm.obj (.const:PRCM_PeriphRegsList)
                  2001215c    00000088     main.obj (.const)
                  200121e4    00000080     driverlib.a : interrupt.obj (.const)
                  20012264    0000004c     simplelink.a : driver.obj (.const)
                  200122b0    00000048     app_pem4.oem4 (.const:.string)
                  200122f8    0000003c     main.obj (.const:.string)
                  20012334    0000003c     app_pem4.oem4 (.const:ti_sysbios_knl_Task_Object__PARAMS__C)
                  20012370    0000003c     app_pem4.oem4 (.const:xdc_runtime_LoggerBuf_Module__FXNS__C)
                  200123ac    00000034     app_pem4.oem4 (.const:ti_sysbios_knl_Mailbox_Object__PARAMS__C)
                  200123e0    00000030     app_pem4.oem4 (.const:ti_sysbios_family_arm_m3_Hwi_Object__PARAMS__C)
                  20012410    00000030     app_pem4.oem4 (.const:xdc_runtime_Startup_sfxnTab__A)
                  20012440    0000002c     main.obj (.const:$P$T1$2)
                  2001246c    00000028     simplelink.a : netapp.obj (.const)
                  20012494    00000028     app_pem4.oem4 (.const:ti_sysbios_heaps_HeapMem_Module__FXNS__C)
                  200124bc    00000024     app_pem4.oem4 (.const:ti_sysbios_gates_GateHwi_Module__FXNS__C)
                  200124e0    00000024     app_pem4.oem4 (.const:ti_sysbios_gates_GateMutex_Module__FXNS__C)
                  20012504    00000024     app_pem4.oem4 (.const:ti_sysbios_heaps_HeapMem_Object__PARAMS__C)
                  20012528    00000024     app_pem4.oem4 (.const:ti_sysbios_knl_Semaphore_Object__PARAMS__C)
                  2001254c    00000024     app_pem4.oem4 (.const:xdc_runtime_LoggerBuf_Object__PARAMS__C)
                  20012570    00000022     main.obj (.const:.string:$P$T0$1)
                  20012592    00000002     app_pem4.oem4 (.const:ti_sysbios_family_arm_m3_Hwi_Module__id__C)
                  20012594    00000020     app_pem4.oem4 (.const:ti_sysbios_family_arm_m3_Hwi_Object__DESC__C)
                  200125b4    00000020     app_pem4.oem4 (.const:ti_sysbios_gates_GateHwi_Object__DESC__C)
                  200125d4    00000020     app_pem4.oem4 (.const:ti_sysbios_gates_GateMutex_Object__DESC__C)
                  200125f4    00000020     app_pem4.oem4 (.const:ti_sysbios_heaps_HeapMem_Object__DESC__C)
                  20012614    00000020     app_pem4.oem4 (.const:ti_sysbios_knl_Mailbox_Object__DESC__C)
                  20012634    00000020     app_pem4.oem4 (.const:ti_sysbios_knl_Queue_Object__DESC__C)
                  20012654    00000020     app_pem4.oem4 (.const:ti_sysbios_knl_Semaphore_Object__DESC__C)
                  20012674    00000020     app_pem4.oem4 (.const:ti_sysbios_knl_Task_Object__DESC__C)
                  20012694    00000020     app_pem4.oem4 (.const:xdc_runtime_LoggerBuf_Object__DESC__C)
                  200126b4    00000018     driverlib.a : spi.obj (.const)
                  200126cc    00000018     app_pem4.oem4 (.const:ti_sysbios_gates_GateHwi_Object__PARAMS__C)
                  200126e4    00000018     app_pem4.oem4 (.const:ti_sysbios_gates_GateMutex_Object__PARAMS__C)
                  200126fc    00000018     app_pem4.oem4 (.const:ti_sysbios_knl_Queue_Object__PARAMS__C)
                  20012714    00000018     app_pem4.oem4 (.const:xdc_runtime_Startup_sfxnRts__A)
                  2001272c    00000014     simplelink.a : device.obj (.const)
                  20012740    00000011     ti.targets.arm.rtsarm.aem4 : System.oem4 (.const:.string)
                  20012751    00000001     app_pem4.oem4 (.const:xdc_runtime_Error_policy__C)
                  20012752    00000002     app_pem4.oem4 (.const:ti_sysbios_family_arm_m3_Hwi_Module__loggerDefined__C)
                  20012754    0000000c     app_pem4.oem4 (.const:xdc_runtime_Startup_firstFxns__A)
                  20012760    00000008     simplelink.a : netcfg.obj (.const)
                  20012768    00000008     app_pem4.oem4 (.const:ti_sysbios_family_arm_m3_Hwi_excHookFuncs__A)
                  20012770    00000008     app_pem4.oem4 (.const:ti_sysbios_knl_Idle_funcList__C)
                  20012778    00000008     app_pem4.oem4 (.const:xdc_runtime_Startup_firstFxns__C)
                  20012780    00000008     app_pem4.oem4 (.const:xdc_runtime_Startup_lastFxns__C)
                  20012788    00000004     app_pem4.oem4 (.const:ti_sysbios_family_arm_m3_Hwi_E_NMI__C)
                  2001278c    00000004     app_pem4.oem4 (.const:ti_sysbios_family_arm_m3_Hwi_E_alreadyDefined__C)
                  20012790    00000004     app_pem4.oem4 (.const:ti_sysbios_family_arm_m3_Hwi_E_busFault__C)
                  20012794    00000004     app_pem4.oem4 (.const:ti_sysbios_family_arm_m3_Hwi_E_debugMon__C)
                  20012798    00000004     app_pem4.oem4 (.const:ti_sysbios_family_arm_m3_Hwi_E_hardFault__C)
                  2001279c    00000004     app_pem4.oem4 (.const:ti_sysbios_family_arm_m3_Hwi_E_memFault__C)
                  200127a0    00000004     app_pem4.oem4 (.const:ti_sysbios_family_arm_m3_Hwi_E_noIsr__C)
                  200127a4    00000004     app_pem4.oem4 (.const:ti_sysbios_family_arm_m3_Hwi_E_reserved__C)
                  200127a8    00000004     app_pem4.oem4 (.const:ti_sysbios_family_arm_m3_Hwi_E_svCall__C)
                  200127ac    00000004     app_pem4.oem4 (.const:ti_sysbios_family_arm_m3_Hwi_E_usageFault__C)
                  200127b0    00000004     app_pem4.oem4 (.const:ti_sysbios_family_arm_m3_Hwi_LD_end__C)
                  200127b4    00000004     app_pem4.oem4 (.const:ti_sysbios_family_arm_m3_Hwi_LM_begin__C)
                  200127b8    00000004     app_pem4.oem4 (.const:ti_sysbios_family_arm_m3_Hwi_Module__diagsEnabled__C)
                  200127bc    00000004     app_pem4.oem4 (.const:ti_sysbios_family_arm_m3_Hwi_Module__diagsIncluded__C)
                  200127c0    00000004     app_pem4.oem4 (.const:ti_sysbios_family_arm_m3_Hwi_Module__diagsMask__C)
                  200127c4    00000004     app_pem4.oem4 (.const:ti_sysbios_family_arm_m3_Hwi_Module__loggerFxn1__C)
                  200127c8    00000004     app_pem4.oem4 (.const:ti_sysbios_family_arm_m3_Hwi_Module__loggerFxn8__C)
                  200127cc    00000004     app_pem4.oem4 (.const:ti_sysbios_family_arm_m3_Hwi_Module__loggerObj__C)
                  200127d0    00000004     app_pem4.oem4 (.const:ti_sysbios_family_arm_m3_Hwi_NUM_INTERRUPTS__C)
                  200127d4    00000004     app_pem4.oem4 (.const:ti_sysbios_family_arm_m3_Hwi_Object__count__C)
                  200127d8    00000004     app_pem4.oem4 (.const:ti_sysbios_family_arm_m3_Hwi_ccr__C)
                  200127dc    00000004     app_pem4.oem4 (.const:ti_sysbios_family_arm_m3_Hwi_excHandlerFunc__C)
                  200127e0    00000004     app_pem4.oem4 (.const:ti_sysbios_family_arm_m3_Hwi_excHookFuncs__C)
                  200127e4    00000004     app_pem4.oem4 (.const:ti_sysbios_family_arm_m3_Hwi_nullIsrFunc__C)
                  200127e8    00000004     app_pem4.oem4 (.const:ti_sysbios_family_arm_m3_Hwi_priGroup__C)
                  200127ec    00000004     app_pem4.oem4 (.const:ti_sysbios_family_arm_m3_TaskSupport_stackAlignment__C)
                  200127f0    00000004     app_pem4.oem4 (.const:ti_sysbios_family_arm_m3_Timer_E_cannotSupport__C)
                  200127f4    00000004     app_pem4.oem4 (.const:ti_sysbios_family_arm_m3_Timer_startupNeeded__C)
                  200127f8    00000004     app_pem4.oem4 (.const:ti_sysbios_gates_GateMutex_A_badContext__C)
                  200127fc    00000004     app_pem4.oem4 (.const:ti_sysbios_gates_GateMutex_Instance_State_sem__O)
                  20012800    00000004     app_pem4.oem4 (.const:ti_sysbios_gates_GateMutex_Module__diagsEnabled__C)
                  20012804    00000004     app_pem4.oem4 (.const:ti_sysbios_gates_GateMutex_Module__diagsIncluded__C)
                  20012808    00000004     app_pem4.oem4 (.const:ti_sysbios_gates_GateMutex_Module__diagsMask__C)
                  2001280c    00000004     app_pem4.oem4 (.const:ti_sysbios_hal_Hwi_E_stackOverflow__C)
                  20012810    00000004     app_pem4.oem4 (.const:ti_sysbios_heaps_HeapMem_A_align__C)
                  20012814    00000004     app_pem4.oem4 (.const:ti_sysbios_heaps_HeapMem_A_heapSize__C)
                  20012818    00000004     app_pem4.oem4 (.const:ti_sysbios_heaps_HeapMem_A_invalidFree__C)
                  2001281c    00000004     app_pem4.oem4 (.const:ti_sysbios_heaps_HeapMem_A_zeroBlock__C)
                  20012820    00000004     app_pem4.oem4 (.const:ti_sysbios_heaps_HeapMem_E_memory__C)
                  20012824    00000004     app_pem4.oem4 (.const:ti_sysbios_heaps_HeapMem_Module__diagsEnabled__C)
                  20012828    00000004     app_pem4.oem4 (.const:ti_sysbios_heaps_HeapMem_Module__diagsIncluded__C)
                  2001282c    00000004     app_pem4.oem4 (.const:ti_sysbios_heaps_HeapMem_Module__diagsMask__C)
                  20012830    00000004     app_pem4.oem4 (.const:ti_sysbios_heaps_HeapMem_Module__gateObj__C)
                  20012834    00000004     app_pem4.oem4 (.const:ti_sysbios_heaps_HeapMem_Object__count__C)
                  20012838    00000004     app_pem4.oem4 (.const:ti_sysbios_heaps_HeapMem_reqAlign__C)
                  2001283c    00000004     app_pem4.oem4 (.const:ti_sysbios_knl_Clock_LM_begin__C)
                  20012840    00000004     app_pem4.oem4 (.const:ti_sysbios_knl_Clock_LM_tick__C)
                  20012844    00000004     app_pem4.oem4 (.const:ti_sysbios_knl_Clock_LW_delayed__C)
                  20012848    00000004     app_pem4.oem4 (.const:ti_sysbios_knl_Clock_Module_State_clockQ__O)
                  2001284c    00000004     app_pem4.oem4 (.const:ti_sysbios_knl_Clock_Module__diagsEnabled__C)
                  20012850    00000004     app_pem4.oem4 (.const:ti_sysbios_knl_Clock_Module__diagsIncluded__C)
                  20012854    00000004     app_pem4.oem4 (.const:ti_sysbios_knl_Clock_Module__diagsMask__C)
                  20012858    00000004     app_pem4.oem4 (.const:ti_sysbios_knl_Clock_Module__loggerFxn1__C)
                  2001285c    00000004     app_pem4.oem4 (.const:ti_sysbios_knl_Clock_Module__loggerFxn2__C)
                  20012860    00000004     app_pem4.oem4 (.const:ti_sysbios_knl_Clock_Module__loggerObj__C)
                  20012864    00000004     app_pem4.oem4 (.const:ti_sysbios_knl_Clock_tickPeriod__C)
                  20012868    00000004     app_pem4.oem4 (.const:ti_sysbios_knl_Idle_funcList__A)
                  2001286c    00000004     app_pem4.oem4 (.const:ti_sysbios_knl_Mailbox_A_invalidBufSize__C)
                  20012870    00000004     app_pem4.oem4 (.const:ti_sysbios_knl_Mailbox_Instance_State_dataQue__O)
                  20012874    00000004     app_pem4.oem4 (.const:ti_sysbios_knl_Mailbox_Instance_State_dataSem__O)
                  20012878    00000004     app_pem4.oem4 (.const:ti_sysbios_knl_Mailbox_Instance_State_freeQue__O)
                  2001287c    00000004     app_pem4.oem4 (.const:ti_sysbios_knl_Mailbox_Instance_State_freeSem__O)
                  20012880    00000004     app_pem4.oem4 (.const:ti_sysbios_knl_Mailbox_Module__diagsEnabled__C)
                  20012884    00000004     app_pem4.oem4 (.const:ti_sysbios_knl_Mailbox_Module__diagsIncluded__C)
                  20012888    00000004     app_pem4.oem4 (.const:ti_sysbios_knl_Mailbox_Module__diagsMask__C)
                  2001288c    00000004     app_pem4.oem4 (.const:ti_sysbios_knl_Mailbox_Object__count__C)
                  20012890    00000004     app_pem4.oem4 (.const:ti_sysbios_knl_Mailbox_maxTypeAlign__C)
                  20012894    00000004     app_pem4.oem4 (.const:ti_sysbios_knl_Semaphore_A_badContext__C)
                  20012898    00000004     app_pem4.oem4 (.const:ti_sysbios_knl_Semaphore_A_noEvents__C)
                  2001289c    00000004     app_pem4.oem4 (.const:ti_sysbios_knl_Semaphore_A_overflow__C)
                  200128a0    00000004     app_pem4.oem4 (.const:ti_sysbios_knl_Semaphore_A_pendTaskDisabled__C)
                  200128a4    00000004     app_pem4.oem4 (.const:ti_sysbios_knl_Semaphore_Instance_State_pendQ__O)
                  200128a8    00000004     app_pem4.oem4 (.const:ti_sysbios_knl_Semaphore_LM_pend__C)
                  200128ac    00000004     app_pem4.oem4 (.const:ti_sysbios_knl_Semaphore_LM_post__C)
                  200128b0    00000004     app_pem4.oem4 (.const:ti_sysbios_knl_Semaphore_Module__diagsEnabled__C)
                  200128b4    00000004     app_pem4.oem4 (.const:ti_sysbios_knl_Semaphore_Module__diagsIncluded__C)
                  200128b8    00000004     app_pem4.oem4 (.const:ti_sysbios_knl_Semaphore_Module__diagsMask__C)
                  200128bc    00000004     app_pem4.oem4 (.const:ti_sysbios_knl_Semaphore_Module__loggerFxn2__C)
                  200128c0    00000004     app_pem4.oem4 (.const:ti_sysbios_knl_Semaphore_Module__loggerFxn4__C)
                  200128c4    00000004     app_pem4.oem4 (.const:ti_sysbios_knl_Semaphore_Module__loggerObj__C)
                  200128c8    00000004     app_pem4.oem4 (.const:ti_sysbios_knl_Swi_LD_end__C)
                  200128cc    00000004     app_pem4.oem4 (.const:ti_sysbios_knl_Swi_LM_begin__C)
                  200128d0    00000004     app_pem4.oem4 (.const:ti_sysbios_knl_Swi_LM_post__C)
                  200128d4    00000004     app_pem4.oem4 (.const:ti_sysbios_knl_Swi_Module__diagsEnabled__C)
                  200128d8    00000004     app_pem4.oem4 (.const:ti_sysbios_knl_Swi_Module__diagsIncluded__C)
                  200128dc    00000004     app_pem4.oem4 (.const:ti_sysbios_knl_Swi_Module__diagsMask__C)
                  200128e0    00000004     app_pem4.oem4 (.const:ti_sysbios_knl_Swi_Module__loggerFxn1__C)
                  200128e4    00000004     app_pem4.oem4 (.const:ti_sysbios_knl_Swi_Module__loggerFxn4__C)
                  200128e8    00000004     app_pem4.oem4 (.const:ti_sysbios_knl_Swi_Module__loggerObj__C)
                  200128ec    00000004     app_pem4.oem4 (.const:ti_sysbios_knl_Swi_Object__count__C)
                  200128f0    00000004     app_pem4.oem4 (.const:ti_sysbios_knl_Task_A_badPriority__C)
                  200128f4    00000004     app_pem4.oem4 (.const:ti_sysbios_knl_Task_A_badTaskState__C)
                  200128f8    00000004     app_pem4.oem4 (.const:ti_sysbios_knl_Task_A_badThreadType__C)
                  200128fc    00000004     app_pem4.oem4 (.const:ti_sysbios_knl_Task_A_badTimeout__C)
                  20012900    00000004     app_pem4.oem4 (.const:ti_sysbios_knl_Task_A_noPendElem__C)
                  20012904    00000004     app_pem4.oem4 (.const:ti_sysbios_knl_Task_A_sleepTaskDisabled__C)
                  20012908    00000004     app_pem4.oem4 (.const:ti_sysbios_knl_Task_E_spOutOfBounds__C)
                  2001290c    00000004     app_pem4.oem4 (.const:ti_sysbios_knl_Task_E_stackOverflow__C)
                  20012910    00000004     app_pem4.oem4 (.const:ti_sysbios_knl_Task_LD_block__C)
                  20012914    00000004     app_pem4.oem4 (.const:ti_sysbios_knl_Task_LD_exit__C)
                  20012918    00000004     app_pem4.oem4 (.const:ti_sysbios_knl_Task_LD_ready__C)
                  2001291c    00000004     app_pem4.oem4 (.const:ti_sysbios_knl_Task_LM_sleep__C)
                  20012920    00000004     app_pem4.oem4 (.const:ti_sysbios_knl_Task_LM_switch__C)
                  20012924    00000004     app_pem4.oem4 (.const:ti_sysbios_knl_Task_Module_State_inactiveQ__O)
                  20012928    00000004     app_pem4.oem4 (.const:ti_sysbios_knl_Task_Module__diagsEnabled__C)
                  2001292c    00000004     app_pem4.oem4 (.const:ti_sysbios_knl_Task_Module__diagsIncluded__C)
                  20012930    00000004     app_pem4.oem4 (.const:ti_sysbios_knl_Task_Module__diagsMask__C)
                  20012934    00000004     app_pem4.oem4 (.const:ti_sysbios_knl_Task_Module__loggerFxn2__C)
                  20012938    00000004     app_pem4.oem4 (.const:ti_sysbios_knl_Task_Module__loggerFxn4__C)
                  2001293c    00000004     app_pem4.oem4 (.const:ti_sysbios_knl_Task_Module__loggerObj__C)
                  20012940    00000004     app_pem4.oem4 (.const:ti_sysbios_knl_Task_Object__count__C)
                  20012944    00000004     app_pem4.oem4 (.const:ti_sysbios_knl_Task_allBlockedFunc__C)
                  20012948    00000004     app_pem4.oem4 (.const:ti_sysbios_knl_Task_defaultStackHeap__C)
                  2001294c    00000004     app_pem4.oem4 (.const:ti_sysbios_knl_Task_defaultStackSize__C)
                  20012950    00000004     app_pem4.oem4 (.const:ti_sysbios_knl_Task_numConstructedTasks__C)
                  20012954    00000004     app_pem4.oem4 (.const:xdc_runtime_Assert_E_assertFailed__C)
                  20012958    00000004     app_pem4.oem4 (.const:xdc_runtime_Core_A_initializedParams__C)
                  2001295c    00000004     app_pem4.oem4 (.const:xdc_runtime_Core_Module__diagsEnabled__C)
                  20012960    00000004     app_pem4.oem4 (.const:xdc_runtime_Core_Module__diagsIncluded__C)
                  20012964    00000004     app_pem4.oem4 (.const:xdc_runtime_Core_Module__diagsMask__C)
                  20012968    00000004     app_pem4.oem4 (.const:xdc_runtime_Error_E_memory__C)
                  2001296c    00000004     app_pem4.oem4 (.const:xdc_runtime_Error_Module__diagsEnabled__C)
                  20012970    00000004     app_pem4.oem4 (.const:xdc_runtime_Error_Module__diagsIncluded__C)
                  20012974    00000004     app_pem4.oem4 (.const:xdc_runtime_Error_Module__diagsMask__C)
                  20012978    00000004     app_pem4.oem4 (.const:xdc_runtime_Error_Module__loggerFxn8__C)
                  2001297c    00000004     app_pem4.oem4 (.const:xdc_runtime_Error_Module__loggerObj__C)
                  20012980    00000004     app_pem4.oem4 (.const:xdc_runtime_Error_policyFxn__C)
                  20012984    00000004     app_pem4.oem4 (.const:xdc_runtime_Error_raiseHook__C)
                  20012988    00000004     app_pem4.oem4 (.const:xdc_runtime_IFilterLogger_Interface__BASE__C)
                  2001298c    00000004     app_pem4.oem4 (.const:xdc_runtime_IGateProvider_Interface__BASE__C)
                  20012990    00000004     app_pem4.oem4 (.const:xdc_runtime_IHeap_Interface__BASE__C)
                  20012994    00000004     app_pem4.oem4 (.const:xdc_runtime_ILogger_Interface__BASE__C)
                  20012998    00000004     app_pem4.oem4 (.const:xdc_runtime_IModule_Interface__BASE__C)
                  2001299c    00000004     app_pem4.oem4 (.const:xdc_runtime_Log_L_error__C)
                  200129a0    00000004     app_pem4.oem4 (.const:xdc_runtime_LoggerBuf_E_badLevel__C)
                  200129a4    00000004     app_pem4.oem4 (.const:xdc_runtime_LoggerBuf_Module__gateObj__C)
                  200129a8    00000004     app_pem4.oem4 (.const:xdc_runtime_LoggerBuf_Object__count__C)
                  200129ac    00000004     app_pem4.oem4 (.const:xdc_runtime_LoggerBuf_statusLogger__C)
                  200129b0    00000004     app_pem4.oem4 (.const:xdc_runtime_Memory_defaultHeapInstance__C)
                  200129b4    00000004     app_pem4.oem4 (.const:xdc_runtime_Startup_execImpl__C)
                  200129b8    00000004     app_pem4.oem4 (.const:xdc_runtime_Startup_maxPasses__C)
                  200129bc    00000004     app_pem4.oem4 (.const:xdc_runtime_Startup_sfxnRts__C)
                  200129c0    00000004     app_pem4.oem4 (.const:xdc_runtime_Startup_sfxnTab__C)
                  200129c4    00000004     app_pem4.oem4 (.const:xdc_runtime_SysMin_bufSize__C)
                  200129c8    00000004     app_pem4.oem4 (.const:xdc_runtime_SysMin_outputFunc__C)
                  200129cc    00000004     app_pem4.oem4 (.const:xdc_runtime_System_Module__gateObj__C)
                  200129d0    00000004     app_pem4.oem4 (.const:xdc_runtime_System_abortFxn__C)
                  200129d4    00000004     app_pem4.oem4 (.const:xdc_runtime_System_exitFxn__C)
                  200129d8    00000004     app_pem4.oem4 (.const:xdc_runtime_System_extendFxn__C)
                  200129dc    00000004     app_pem4.oem4 (.const:xdc_runtime_System_maxAtexitHandlers__C)
                  200129e0    00000004     app_pem4.oem4 (.const:xdc_runtime_Text_charTab__C)
                  200129e4    00000004     app_pem4.oem4 (.const:xdc_runtime_Text_nameEmpty__C)
                  200129e8    00000004     app_pem4.oem4 (.const:xdc_runtime_Text_nameStatic__C)
                  200129ec    00000004     app_pem4.oem4 (.const:xdc_runtime_Text_nameUnknown__C)
                  200129f0    00000004     app_pem4.oem4 (.const:xdc_runtime_Text_nodeTab__C)
                  200129f4    00000004     app_pem4.oem4 (.const:xdc_runtime_Text_visitRopeFxn__C)
                  200129f8    00000002     app_pem4.oem4 (.const:ti_sysbios_family_arm_m3_Timer_Module__id__C)
                  200129fa    00000002     app_pem4.oem4 (.const:ti_sysbios_family_arm_m3_TimestampProvider_configTimer__C)
                  200129fc    00000002     app_pem4.oem4 (.const:ti_sysbios_gates_GateMutex_Module__id__C)
                  200129fe    00000002     app_pem4.oem4 (.const:ti_sysbios_hal_Hwi_Module__id__C)
                  20012a00    00000002     app_pem4.oem4 (.const:ti_sysbios_heaps_HeapMem_Module__id__C)
                  20012a02    00000002     app_pem4.oem4 (.const:ti_sysbios_knl_Clock_Module__id__C)
                  20012a04    00000002     app_pem4.oem4 (.const:ti_sysbios_knl_Clock_Module__loggerDefined__C)
                  20012a06    00000002     app_pem4.oem4 (.const:ti_sysbios_knl_Mailbox_Module__id__C)
                  20012a08    00000002     app_pem4.oem4 (.const:ti_sysbios_knl_Semaphore_Module__id__C)
                  20012a0a    00000002     app_pem4.oem4 (.const:ti_sysbios_knl_Semaphore_Module__loggerDefined__C)
                  20012a0c    00000002     app_pem4.oem4 (.const:ti_sysbios_knl_Swi_Module__id__C)
                  20012a0e    00000002     app_pem4.oem4 (.const:ti_sysbios_knl_Swi_Module__loggerDefined__C)
                  20012a10    00000002     app_pem4.oem4 (.const:ti_sysbios_knl_Task_Module__id__C)
                  20012a12    00000002     app_pem4.oem4 (.const:ti_sysbios_knl_Task_Module__loggerDefined__C)
                  20012a14    00000002     app_pem4.oem4 (.const:ti_sysbios_knl_Task_initStackFlag__C)
                  20012a16    00000002     app_pem4.oem4 (.const:xdc_runtime_Core_Module__id__C)
                  20012a18    00000002     app_pem4.oem4 (.const:xdc_runtime_Error_Module__loggerDefined__C)
                  20012a1a    00000002     app_pem4.oem4 (.const:xdc_runtime_Error_maxDepth__C)
                  20012a1c    00000002     app_pem4.oem4 (.const:xdc_runtime_LoggerBuf_Module__id__C)
                  20012a1e    00000002     app_pem4.oem4 (.const:xdc_runtime_LoggerBuf_filterByLevel__C)
                  20012a20    00000002     app_pem4.oem4 (.const:xdc_runtime_Memory_Module__id__C)
                  20012a22    00000002     app_pem4.oem4 (.const:xdc_runtime_SysMin_flushAtExit__C)
                  20012a24    00000002     app_pem4.oem4 (.const:xdc_runtime_Text_charCnt__C)
                  20012a26    00000002     app_pem4.oem4 (.const:xdc_runtime_Text_isLoaded__C)
                  20012a28    00000002     app_pem4.oem4 (.const:xdc_runtime_Text_registryModsLastId__C)
                  20012a2a    00000002     app_pem4.oem4 (.const:xdc_runtime_Text_unnamedModsLastId__C)

.cinit     0    20012a30    00000370     
                  20012a30    00000345     (.cinit..data.load) [load image, compression = rle]
                  20012d75    00000003     --HOLE-- [fill = 0]
                  20012d78    0000000c     (__TI_handler_table)
                  20012d84    00000004     --HOLE-- [fill = 0]
                  20012d88    00000008     (.cinit..bss.load) [load image, compression = zero_init]
                  20012d90    00000010     (__TI_cinit_table)

.bss       0    20018000    0000946f     UNINITIALIZED
                  20018000    00008000     app_pem4.oem4 (.bss:ti_sysbios_heaps_HeapMem_Instance_State_0_buf__A)
                  20020000    00000800     app_pem4.oem4 (.bss:taskStackSection)
                  20020800    00000400     app_pem4.oem4 (.bss:xdc_runtime_LoggerBuf_Instance_State_0_entryArr__A)
                  20020c00    00000400     app_pem4.oem4 (.bss:xdc_runtime_SysMin_Module_State_0_outbuf__A)
                  20021000    0000030c     app_pem4.oem4 (.bss:ti_sysbios_family_arm_m3_Hwi_dispatchTable)
                  2002130c    00000120     rtsv7M4_T_le_eabi.lib : trgmsg.obj (.bss:__CIOBUF_)
                  2002142c    00000024     main.obj (.bss:g_ucConnectionSSID)
                  20021450    00000008     (.common:g_ucConnectionBSSID)
                  20021458    00000008     (.common:parmbuf)
                  20021460    00000004     (.common:SimpleLinkSpawnTaskHndl)
                  20021464    00000004     (.common:__Errorlog)
                  20021468    00000004     (.common:simpleLink_mailbox)
                  2002146c    00000001     (.common:g_ucLED1Pin)
                  2002146d    00000001     (.common:g_ucLED2Pin)
                  2002146e    00000001     (.common:g_ucLED3Pin)

.data      0    20021470    00000630     UNINITIALIZED
                  20021470    00000184     simplelink.a : driver.obj (.data)
                  200215f4    00000138     app_pem4.oem4 (.data)
                  2002172c    00000080     app_pem4.oem4 (.data:ti_sysbios_knl_Swi_Module_State_0_readyQ__A)
                  200217ac    00000080     app_pem4.oem4 (.data:ti_sysbios_knl_Task_Module_State_0_readyQ__A)
                  2002182c    00000064     simplelink.a : cc_pal.obj (.data)
                  20021890    0000004c     app_pem4.oem4 (.data:ti_sysbios_knl_Task_Object__table__V)
                  200218dc    00000044     app_pem4.oem4 (.data:ti_sysbios_knl_Task_Module__state__V)
                  20021920    00000038     app_pem4.oem4 (.data:ti_sysbios_gates_GateMutex_Object__table__V)
                  20021958    00000034     app_pem4.oem4 (.data:ti_sysbios_family_arm_m3_Hwi_Module__state__V)
                  2002198c    00000030     app_pem4.oem4 (.data:ti_sysbios_family_arm_m3_Timer_Object__table__V)
                  200219bc    00000030     app_pem4.oem4 (.data:ti_sysbios_knl_Swi_Object__table__V)
                  200219ec    0000002c     app_pem4.oem4 (.data:ti_sysbios_knl_Clock_Module__state__V)
                  20021a18    00000024     app_pem4.oem4 (.data:ti_sysbios_BIOS_Module__state__V)
                  20021a3c    00000024     app_pem4.oem4 (.data:xdc_runtime_LoggerBuf_Object__table__V)
                  20021a60    00000020     gpio_if.obj (.data)
                  20021a80    0000000c     main.obj (.data)
                  20021a8c    00000008     rtsv7M4_T_le_eabi.lib : _lock.obj (.data)
                  20021a94    00000008                           : exit.obj (.data)
                  20021a9c    00000004                           : stkdepth_vars.obj (.data)

.stack     0    2002e000    00002000     UNINITIALIZED
                  2002e000    00002000     --HOLE--


LINKER GENERATED COPY TABLES

__TI_cinit_table @ 20012d90 records: 2, size/record: 8, table size: 16
	.data: load addr=20012a30, load size=00000345 bytes, run addr=20021470, run size=00000630 bytes, compression=rle
	.bss: load addr=20012d88, load size=00000008 bytes, run addr=20018000, run size=0000946f bytes, compression=zero_init


LINKER GENERATED HANDLER TABLE

__TI_handler_table @ 20012d78 records: 3, size/record: 4, table size: 12
	index: 0, handler: __TI_decompress_rle24
	index: 1, handler: __TI_decompress_none
	index: 2, handler: __TI_zero_init


GLOBAL SYMBOLS: SORTED ALPHABETICALLY BY Name 

address    name
--------   ----
2000edfb   ADCChannelEnable
2001010b   ADCEnable
2000fbdd   ADCFIFOLvlGet
2000ff1b   ADCFIFORead
2000f8b5   ADCTimerConfig
2001009d   ADCTimerEnable
2000e739   C$$EXIT
2000daa7   C$$IO$$
2001011f   CPUcpsie
20007e75   ClearTerm
2000fd2d   CopyPingResultsToReport
20021838   DMAMsgQ
2000f439   DmaSpiSwIntHandler
20007e7f   Error
2000efbd   GPIODirModeSet
20010133   GPIOIntClear
2000fd47   GPIOIntEnable
2000cf09   GPIOIntTypeSet
2000ff33   GPIOPinRead
2000f95f   GPIOPinWrite
20007101   GPIO_IF_ConfigureNIntEnable
2000717d   GPIO_IF_Get
200070bb   GPIO_IF_GetPortNPin
20006e7d   GPIO_IF_LedConfigure
20006f6f   GPIO_IF_LedOff
20006ebb   GPIO_IF_LedOn
20007023   GPIO_IF_LedStatus
2000708d   GPIO_IF_LedToggle
20007143   GPIO_IF_Set
20007eb7   GetCmd
2000a779   GetTemperature
20007ded   HOSTclock
20007db5   HOSTclose
20007d77   HOSTgetenv
20007d1b   HOSTlseek
20007cc9   HOSTopen
20007c7d   HOSTread
20007c1f   HOSTrename
20007be5   HOSTtime
20007bad   HOSTunlink
20007b61   HOSTwrite
20007e35   InitTerm
2000bf61   IntEnable
20010485   IntMasterEnable
2000de29   IntPendClear
20004ee5   LogTemperature
20010507   LoggerBuf_instanceStartup
20007e53   Message
2001028d   NwpMaskInterrupt
2000ebe1   NwpPowerOff
2000f1fd   NwpPowerOn
2000cf8d   NwpPowerOnPreamble
2000f8d7   NwpRegisterInterruptHandler
200103e9   NwpUnMaskInterrupt
20009f55   PRCMCC3200MCUInit
200100b3   PRCMHIBRegRead
200100c9   PRCMHIBRegWrite
2000f61d   PRCMPeripheralClkDisable
2000ec1d   PRCMPeripheralClkEnable
2000c649   PRCMPeripheralClockGet
2000de81   PRCMPeripheralReset
2000eff5   PRCMPeripheralStatusGet
2000f465   PRCMSysResetCauseGet
2000ca51   PinConfigSet
2000e9e1   PinModeSet
2000d889   PinMuxConfig
20010147   PinTypeADC
2000f22d   PinTypeGPIO
2000fd61   PinTypeUART
20007fe1   Report
UNDEFED    SHT$$INIT_ARRAY$$Base
UNDEFED    SHT$$INIT_ARRAY$$Limit
2000ff4b   SPICSDisable
2000ff63   SPICSEnable
2000c201   SPIConfigSetExpClk
2000ff7b   SPIDisable
2000fd7b   SPIDmaDisable
2000fd95   SPIDmaEnable
2000ff93   SPIEnable
2000fdaf   SPIFIFODisable
2000fdc9   SPIFIFOEnable
2000f029   SPIFIFOLevelSet
2000e3e5   SPIIntClear
2000e1d5   SPIIntEnable
2000f8f9   SPIReset
2000f91b   SPIWordCountSet
200044d5   SimpleLinkGeneralEventHandler
200044ad   SimpleLinkHttpServerCallback
20004417   SimpleLinkNetAppEventHandler
200044eb   SimpleLinkSockEventHandler
20021460   SimpleLinkSpawnTaskHndl
2000430d   SimpleLinkWlanEventHandler
20021890   TSK_idle
20007f49   TrimSpace
200100df   UARTCharGet
2000fba1   UARTCharPut
2000d2f5   UARTConfigSetExpClk
2000f25d   UARTDisable
2000f6bb   UARTEnable
200104d7   UtilsDelay
2000649f   VDeleteSimpleLinkSpawnTask
20006445   VStartSimpleLinkSpawnTask
20004de1   WlanStationMode
200103cb   _Dclass
2000e77d   _Dtest
20012278   _SlActionLookupTable
200071d5   _SlAsyncEventGenericHandler
20012738   _SlDeviceGetCmdCtrl
2001273c   _SlDeviceSetCmdCtrl
2000f05d   _SlDrvBasicCmd
2000c6dd   _SlDrvClassifyRxMsg
2000cd7d   _SlDrvCmdOp
2000f981   _SlDrvCmdSend
2000fde3   _SlDrvDeviceEventHandler
2000ded9   _SlDrvDriverCBDeinit
[...]
200102fd   ti_sysbios_gates_GateMutex_Instance_finalize__E
2001030d   ti_sysbios_knl_Mailbox_Object__get__S
2001031d   ti_sysbios_knl_Semaphore_Instance_finalize__E
2001032d   ti_sysbios_knl_Swi_disable__E
2001033d   ti_sysbios_knl_Task_Object__get__S
2001034d   ti_sysbios_knl_Task_disable__E
2001035d   xdc_runtime_Gate_leaveSystem__E
2001036d   xdc_runtime_LoggerBuf_write0__E
2001037d   xdc_runtime_Memory_free__E
2001038d   xdc_runtime_SysMin_ready__E
2001038d   xdc_runtime_System_SupportProxy_ready__E
2001039d   xdc_runtime_System_vsnprintf__E
200103ad   xdc_runtime_Text_visitRope__I
200103bd   __TI_decompress_none
200103cb   _Dclass
200103d9   ti_sysbios_knl_Queue_empty__E
200103e9   NwpUnMaskInterrupt
200103f5   ti_sysbios_family_arm_m3_Hwi_Params__init__S
20010401   ti_sysbios_family_arm_m3_Hwi_disableFxn__E
20010401   ti_sysbios_hal_Hwi_HwiProxy_disable__E
20010401   ti_sysbios_hal_Hwi_disable__E
2001040d   ti_sysbios_family_arm_m3_TaskSupport_checkStack__E
2001040d   ti_sysbios_knl_Task_SupportProxy_checkStack__E
20010419   ti_sysbios_family_arm_m3_TaskSupport_getStackAlignment__E
20010419   ti_sysbios_knl_Task_SupportProxy_getStackAlignment__E
20010425   ti_sysbios_gates_GateHwi_enter__E
20010431   ti_sysbios_knl_Queue_Object__get__S
2001043d   ti_sysbios_knl_Semaphore_Params__init__S
20010449   ti_sysbios_knl_Task_Params__init__S
20010455   xdc_runtime_Error_init__E
20010461   xdc_runtime_Gate_enterSystem__E
2001046d   xdc_runtime_Memory_calloc__E
20010479   xdc_runtime_Memory_getMaxDefaultTypeAlign__E
20010485   IntMasterEnable
200104a3   xdc_runtime_LoggerBuf_disable__E
200104ad   xdc_runtime_LoggerBuf_enable__E
200104b7   sl_WlanDisconnect
200104bf   ti_sysbios_family_arm_m3_Hwi_doSwiRestore__I
200104c7   ti_sysbios_family_arm_m3_Hwi_startup__E
200104c7   ti_sysbios_hal_Hwi_HwiProxy_startup__E
200104c7   ti_sysbios_hal_Hwi_startup__E
200104cf   ti_sysbios_knl_Idle_loop__E
200104d7   UtilsDelay
200104dd   __xdc__init
200104e3   __TI_decompress_rle24
200104e9   ti_sysbios_family_arm_m3_Hwi_restoreFxn__E
200104e9   ti_sysbios_hal_Hwi_HwiProxy_restore__E
200104e9   ti_sysbios_hal_Hwi_restore__E
200104ef   ti_sysbios_gates_GateHwi_leave__E
200104f5   ti_sysbios_heaps_HeapMem_isBlocking__E
200104fb   ti_sysbios_knl_Queue_Instance_init__E
20010501   xdc_runtime_System_Module_startup__E
20010507   LoggerBuf_instanceStartup
2001050b   ti_sysbios_BIOS_RtsGateProxy_enter__E
2001050f   ti_sysbios_BIOS_RtsGateProxy_leave__E
20010513   ti_sysbios_family_arm_m3_Hwi_delete
20010517   ti_sysbios_family_arm_m3_TaskSupport_Module__startupDone__S
2001051b   ti_sysbios_family_arm_m3_Timer_getMaxTicks__E
2001051f   ti_sysbios_gates_GateHwi_query__E
2001051f   xdc_runtime_LoggerBuf_Module_GateProxy_query__E
2001051f   xdc_runtime_Main_Module_GateProxy_query__E
2001051f   xdc_runtime_System_Module_GateProxy_query__E
20010523   ti_sysbios_BIOS_RtsGateProxy_query__E
20010523   ti_sysbios_gates_GateMutex_query__E
20010523   ti_sysbios_heaps_HeapMem_Module_GateProxy_query__E
20010527   ti_sysbios_hal_Hwi_HwiProxy_Module__startupDone__S
2001052b   ti_sysbios_hal_Timer_TimerProxy_Module__startupDone__S
2001052f   ti_sysbios_heaps_HeapMem_Module_GateProxy_enter__E
20010533   ti_sysbios_heaps_HeapMem_Module_GateProxy_leave__E
20010537   ti_sysbios_knl_Clock_TimerProxy_Module__startupDone__S
2001053b   ti_sysbios_knl_Clock_TimerProxy_getMaxTicks__E
2001053f   ti_sysbios_knl_Mailbox_delete
20010543   ti_sysbios_knl_Queue_destruct
20010547   ti_sysbios_knl_Semaphore_delete
2001054b   ti_sysbios_knl_Semaphore_destruct
2001054f   ti_sysbios_knl_Task_SupportProxy_Module__startupDone__S
20010553   ti_sysbios_knl_Task_delete
20010557   ti_sysbios_knl_Task_startup__E
2001055b   xdc_runtime_Error_getSite__E
2001055f   xdc_runtime_LoggerBuf_Module_GateProxy_enter__E
20010563   xdc_runtime_LoggerBuf_Module_GateProxy_leave__E
20010567   xdc_runtime_Memory_HeapProxy_alloc__E
2001056b   xdc_runtime_Memory_HeapProxy_free__E
2001056f   xdc_runtime_System_Module_GateProxy_enter__E
20010573   xdc_runtime_System_Module_GateProxy_leave__E
20010577   xdc_runtime_System_aprintf_va__F
2001057b   xdc_runtime_System_printf_va__F
20010580   xdc_runtime_Text_charTab__A
20011d0e   _ctypes_
20011f14   _SlPolicySetCmdCtrl
20011f18   _SlPolicyGetCmdCtrl
20011f1c   _SlProfileGetCmdCtrl
20011f20   _SlProfileDelCmdCtrl
20011f24   _SlWlanGetNetworkListCtrl
20011f28   _SlRxFilterAddtCmdCtrl
20011f2c   _SlRxFilterSetCmdCtrl
20011f30   _SlRxFilterGetCmdCtrl
20011f34   _SlSmartConfigStartCmdCtrl
20011f38   _SlWlanSetModeCmdCtrl
20011f3c   _SlWlanCfgSetCmdCtrl
20011f40   _SlWlanCfgGetCmdCtrl
20011ffc   xdc_runtime_Text_nodeTab__A
20012268   g_H2NSyncPattern
20012270   g_H2NCnysPattern
20012278   _SlActionLookupTable
20012334   ti_sysbios_knl_Task_Object__PARAMS__C
20012370   xdc_runtime_LoggerBuf_Module__FXNS__C
200123ac   ti_sysbios_knl_Mailbox_Object__PARAMS__C
200123e0   ti_sysbios_family_arm_m3_Hwi_Object__PARAMS__C
20012410   xdc_runtime_Startup_sfxnTab__A
20012470   _SlNetAppStartCtrl
20012474   _SlNetAppStopCtrl
20012478   _SlGetServiceListeCtrl
2001247c   _SlRegisterServiceCtrl
20012480   _SlGetHostByServiceCtrl
20012484   _SlGetHostByNameCtrl
20012488   _SlNetAppSetCmdCtrl
2001248c   _SlNetAppSendTokenValueCmdCtrl
20012490   _SlNetAppGetCmdCtrl
20012494   ti_sysbios_heaps_HeapMem_Module__FXNS__C
200124bc   ti_sysbios_gates_GateHwi_Module__FXNS__C
200124e0   ti_sysbios_gates_GateMutex_Module__FXNS__C
20012504   ti_sysbios_heaps_HeapMem_Object__PARAMS__C
20012528   ti_sysbios_knl_Semaphore_Object__PARAMS__C
2001254c   xdc_runtime_LoggerBuf_Object__PARAMS__C
20012592   ti_sysbios_family_arm_m3_Hwi_Module__id__C
20012594   ti_sysbios_family_arm_m3_Hwi_Object__DESC__C
200125b4   ti_sysbios_gates_GateHwi_Object__DESC__C
200125d4   ti_sysbios_gates_GateMutex_Object__DESC__C
200125f4   ti_sysbios_heaps_HeapMem_Object__DESC__C
20012614   ti_sysbios_knl_Mailbox_Object__DESC__C
20012634   ti_sysbios_knl_Queue_Object__DESC__C
20012654   ti_sysbios_knl_Semaphore_Object__DESC__C
20012674   ti_sysbios_knl_Task_Object__DESC__C
20012694   xdc_runtime_LoggerBuf_Object__DESC__C
200126cc   ti_sysbios_gates_GateHwi_Object__PARAMS__C
200126e4   ti_sysbios_gates_GateMutex_Object__PARAMS__C
200126fc   ti_sysbios_knl_Queue_Object__PARAMS__C
20012714   xdc_runtime_Startup_sfxnRts__A
2001272c   _SlStopCmdCtrl
20012730   _SlEventMaskSetCmdCtrl
20012734   _SlEventMaskGetCmdCtrl
20012738   _SlDeviceGetCmdCtrl
2001273c   _SlDeviceSetCmdCtrl
20012751   xdc_runtime_Error_policy__C
20012752   ti_sysbios_family_arm_m3_Hwi_Module__loggerDefined__C
20012754   xdc_runtime_Startup_firstFxns__A
20012760   _SlNetCfgSetCmdCtrl
20012764   _SlNetCfgGetCmdCtrl
20012768   ti_sysbios_family_arm_m3_Hwi_excHookFuncs__A
20012770   ti_sysbios_knl_Idle_funcList__C
20012778   xdc_runtime_Startup_firstFxns__C
20012780   xdc_runtime_Startup_lastFxns__C
20012788   ti_sysbios_family_arm_m3_Hwi_E_NMI__C
2001278c   ti_sysbios_family_arm_m3_Hwi_E_alreadyDefined__C
20012790   ti_sysbios_family_arm_m3_Hwi_E_busFault__C
20012794   ti_sysbios_family_arm_m3_Hwi_E_debugMon__C
20012798   ti_sysbios_family_arm_m3_Hwi_E_hardFault__C
2001279c   ti_sysbios_family_arm_m3_Hwi_E_memFault__C
200127a0   ti_sysbios_family_arm_m3_Hwi_E_noIsr__C
200127a4   ti_sysbios_family_arm_m3_Hwi_E_reserved__C
200127a8   ti_sysbios_family_arm_m3_Hwi_E_svCall__C
200127ac   ti_sysbios_family_arm_m3_Hwi_E_usageFault__C
200127b0   ti_sysbios_family_arm_m3_Hwi_LD_end__C
200127b4   ti_sysbios_family_arm_m3_Hwi_LM_begin__C
200127b8   ti_sysbios_family_arm_m3_Hwi_Module__diagsEnabled__C
200127bc   ti_sysbios_family_arm_m3_Hwi_Module__diagsIncluded__C
200127c0   ti_sysbios_family_arm_m3_Hwi_Module__diagsMask__C
200127c4   ti_sysbios_family_arm_m3_Hwi_Module__loggerFxn1__C
200127c8   ti_sysbios_family_arm_m3_Hwi_Module__loggerFxn8__C
200127cc   ti_sysbios_family_arm_m3_Hwi_Module__loggerObj__C
200127d0   ti_sysbios_family_arm_m3_Hwi_NUM_INTERRUPTS__C
200127d4   ti_sysbios_family_arm_m3_Hwi_Object__count__C
200127d8   ti_sysbios_family_arm_m3_Hwi_ccr__C
200127dc   ti_sysbios_family_arm_m3_Hwi_excHandlerFunc__C
200127e0   ti_sysbios_family_arm_m3_Hwi_excHookFuncs__C
200127e4   ti_sysbios_family_arm_m3_Hwi_nullIsrFunc__C
200127e8   ti_sysbios_family_arm_m3_Hwi_priGroup__C
200127ec   ti_sysbios_family_arm_m3_TaskSupport_stackAlignment__C
200127f0   ti_sysbios_family_arm_m3_Timer_E_cannotSupport__C
200127f4   ti_sysbios_family_arm_m3_Timer_startupNeeded__C
200127f8   ti_sysbios_gates_GateMutex_A_badContext__C
200127fc   ti_sysbios_gates_GateMutex_Instance_State_sem__O
20012800   ti_sysbios_gates_GateMutex_Module__diagsEnabled__C
20012804   ti_sysbios_gates_GateMutex_Module__diagsIncluded__C
20012808   ti_sysbios_gates_GateMutex_Module__diagsMask__C
2001280c   ti_sysbios_hal_Hwi_E_stackOverflow__C
20012810   ti_sysbios_heaps_HeapMem_A_align__C
20012814   ti_sysbios_heaps_HeapMem_A_heapSize__C
20012818   ti_sysbios_heaps_HeapMem_A_invalidFree__C
2001281c   ti_sysbios_heaps_HeapMem_A_zeroBlock__C
20012820   ti_sysbios_heaps_HeapMem_E_memory__C
20012824   ti_sysbios_heaps_HeapMem_Module__diagsEnabled__C
20012828   ti_sysbios_heaps_HeapMem_Module__diagsIncluded__C
2001282c   ti_sysbios_heaps_HeapMem_Module__diagsMask__C
20012830   ti_sysbios_heaps_HeapMem_Module__gateObj__C
20012834   ti_sysbios_heaps_HeapMem_Object__count__C
20012838   ti_sysbios_heaps_HeapMem_reqAlign__C
2001283c   ti_sysbios_knl_Clock_LM_begin__C
20012840   ti_sysbios_knl_Clock_LM_tick__C
20012844   ti_sysbios_knl_Clock_LW_delayed__C
20012848   ti_sysbios_knl_Clock_Module_State_clockQ__O
2001284c   ti_sysbios_knl_Clock_Module__diagsEnabled__C
20012850   ti_sysbios_knl_Clock_Module__diagsIncluded__C
20012854   ti_sysbios_knl_Clock_Module__diagsMask__C
20012858   ti_sysbios_knl_Clock_Module__loggerFxn1__C
2001285c   ti_sysbios_knl_Clock_Module__loggerFxn2__C
20012860   ti_sysbios_knl_Clock_Module__loggerObj__C
20012864   ti_sysbios_knl_Clock_tickPeriod__C
20012868   ti_sysbios_knl_Idle_funcList__A
2001286c   ti_sysbios_knl_Mailbox_A_invalidBufSize__C
20012870   ti_sysbios_knl_Mailbox_Instance_State_dataQue__O
20012874   ti_sysbios_knl_Mailbox_Instance_State_dataSem__O
20012878   ti_sysbios_knl_Mailbox_Instance_State_freeQue__O
2001287c   ti_sysbios_knl_Mailbox_Instance_State_freeSem__O
20012880   ti_sysbios_knl_Mailbox_Module__diagsEnabled__C
20012884   ti_sysbios_knl_Mailbox_Module__diagsIncluded__C
20012888   ti_sysbios_knl_Mailbox_Module__diagsMask__C
2001288c   ti_sysbios_knl_Mailbox_Object__count__C
20012890   ti_sysbios_knl_Mailbox_maxTypeAlign__C
20012894   ti_sysbios_knl_Semaphore_A_badContext__C
20012898   ti_sysbios_knl_Semaphore_A_noEvents__C
2001289c   ti_sysbios_knl_Semaphore_A_overflow__C
200128a0   ti_sysbios_knl_Semaphore_A_pendTaskDisabled__C
200128a4   ti_sysbios_knl_Semaphore_Instance_State_pendQ__O
200128a8   ti_sysbios_knl_Semaphore_LM_pend__C
200128ac   ti_sysbios_knl_Semaphore_LM_post__C
200128b0   ti_sysbios_knl_Semaphore_Module__diagsEnabled__C
200128b4   ti_sysbios_knl_Semaphore_Module__diagsIncluded__C
200128b8   ti_sysbios_knl_Semaphore_Module__diagsMask__C
200128bc   ti_sysbios_knl_Semaphore_Module__loggerFxn2__C
200128c0   ti_sysbios_knl_Semaphore_Module__loggerFxn4__C
200128c4   ti_sysbios_knl_Semaphore_Module__loggerObj__C
200128c8   ti_sysbios_knl_Swi_LD_end__C
200128cc   ti_sysbios_knl_Swi_LM_begin__C
200128d0   ti_sysbios_knl_Swi_LM_post__C
200128d4   ti_sysbios_knl_Swi_Module__diagsEnabled__C
200128d8   ti_sysbios_knl_Swi_Module__diagsIncluded__C
200128dc   ti_sysbios_knl_Swi_Module__diagsMask__C
200128e0   ti_sysbios_knl_Swi_Module__loggerFxn1__C
200128e4   ti_sysbios_knl_Swi_Module__loggerFxn4__C
200128e8   ti_sysbios_knl_Swi_Module__loggerObj__C
200128ec   ti_sysbios_knl_Swi_Object__count__C
200128f0   ti_sysbios_knl_Task_A_badPriority__C
200128f4   ti_sysbios_knl_Task_A_badTaskState__C
200128f8   ti_sysbios_knl_Task_A_badThreadType__C
200128fc   ti_sysbios_knl_Task_A_badTimeout__C
20012900   ti_sysbios_knl_Task_A_noPendElem__C
20012904   ti_sysbios_knl_Task_A_sleepTaskDisabled__C
20012908   ti_sysbios_knl_Task_E_spOutOfBounds__C
2001290c   ti_sysbios_knl_Task_E_stackOverflow__C
20012910   ti_sysbios_knl_Task_LD_block__C
20012914   ti_sysbios_knl_Task_LD_exit__C
20012918   ti_sysbios_knl_Task_LD_ready__C
2001291c   ti_sysbios_knl_Task_LM_sleep__C
20012920   ti_sysbios_knl_Task_LM_switch__C
20012924   ti_sysbios_knl_Task_Module_State_inactiveQ__O
20012928   ti_sysbios_knl_Task_Module__diagsEnabled__C
2001292c   ti_sysbios_knl_Task_Module__diagsIncluded__C
20012930   ti_sysbios_knl_Task_Module__diagsMask__C
20012934   ti_sysbios_knl_Task_Module__loggerFxn2__C
20012938   ti_sysbios_knl_Task_Module__loggerFxn4__C
2001293c   ti_sysbios_knl_Task_Module__loggerObj__C
20012940   ti_sysbios_knl_Task_Object__count__C
20012944   ti_sysbios_knl_Task_allBlockedFunc__C
20012948   ti_sysbios_knl_Task_defaultStackHeap__C
2001294c   ti_sysbios_knl_Task_defaultStackSize__C
20012950   ti_sysbios_knl_Task_numConstructedTasks__C
20012954   xdc_runtime_Assert_E_assertFailed__C
20012958   xdc_runtime_Core_A_initializedParams__C
2001295c   xdc_runtime_Core_Module__diagsEnabled__C
20012960   xdc_runtime_Core_Module__diagsIncluded__C
20012964   xdc_runtime_Core_Module__diagsMask__C
20012968   xdc_runtime_Error_E_memory__C
2001296c   xdc_runtime_Error_Module__diagsEnabled__C
20012970   xdc_runtime_Error_Module__diagsIncluded__C
20012974   xdc_runtime_Error_Module__diagsMask__C
20012978   xdc_runtime_Error_Module__loggerFxn8__C
2001297c   xdc_runtime_Error_Module__loggerObj__C
20012980   xdc_runtime_Error_policyFxn__C
20012984   xdc_runtime_Error_raiseHook__C
20012988   xdc_runtime_IFilterLogger_Interface__BASE__C
2001298c   xdc_runtime_IGateProvider_Interface__BASE__C
20012990   xdc_runtime_IHeap_Interface__BASE__C
20012994   xdc_runtime_ILogger_Interface__BASE__C
20012998   xdc_runtime_IModule_Interface__BASE__C
2001299c   xdc_runtime_Log_L_error__C
200129a0   xdc_runtime_LoggerBuf_E_badLevel__C
200129a4   xdc_runtime_LoggerBuf_Module__gateObj__C
200129a8   xdc_runtime_LoggerBuf_Object__count__C
200129ac   xdc_runtime_LoggerBuf_statusLogger__C
200129b0   xdc_runtime_Memory_defaultHeapInstance__C
200129b4   xdc_runtime_Startup_execImpl__C
200129b8   xdc_runtime_Startup_maxPasses__C
200129bc   xdc_runtime_Startup_sfxnRts__C
200129c0   xdc_runtime_Startup_sfxnTab__C
200129c4   xdc_runtime_SysMin_bufSize__C
200129c8   xdc_runtime_SysMin_outputFunc__C
200129cc   xdc_runtime_System_Module__gateObj__C
200129d0   xdc_runtime_System_abortFxn__C
200129d4   xdc_runtime_System_exitFxn__C
200129d8   xdc_runtime_System_extendFxn__C
200129dc   xdc_runtime_System_maxAtexitHandlers__C
200129e0   xdc_runtime_Text_charTab__C
200129e4   xdc_runtime_Text_nameEmpty__C
200129e8   xdc_runtime_Text_nameStatic__C
200129ec   xdc_runtime_Text_nameUnknown__C
200129f0   xdc_runtime_Text_nodeTab__C
200129f4   xdc_runtime_Text_visitRopeFxn__C
200129f8   ti_sysbios_family_arm_m3_Timer_Module__id__C
200129fa   ti_sysbios_family_arm_m3_TimestampProvider_configTimer__C
200129fc   ti_sysbios_gates_GateMutex_Module__id__C
200129fe   ti_sysbios_hal_Hwi_Module__id__C
20012a00   ti_sysbios_heaps_HeapMem_Module__id__C
20012a02   ti_sysbios_knl_Clock_Module__id__C
20012a04   ti_sysbios_knl_Clock_Module__loggerDefined__C
20012a06   ti_sysbios_knl_Mailbox_Module__id__C
20012a08   ti_sysbios_knl_Semaphore_Module__id__C
20012a0a   ti_sysbios_knl_Semaphore_Module__loggerDefined__C
20012a0c   ti_sysbios_knl_Swi_Module__id__C
20012a0e   ti_sysbios_knl_Swi_Module__loggerDefined__C
20012a10   ti_sysbios_knl_Task_Module__id__C
20012a12   ti_sysbios_knl_Task_Module__loggerDefined__C
20012a14   ti_sysbios_knl_Task_initStackFlag__C
20012a16   xdc_runtime_Core_Module__id__C
20012a18   xdc_runtime_Error_Module__loggerDefined__C
20012a1a   xdc_runtime_Error_maxDepth__C
20012a1c   xdc_runtime_LoggerBuf_Module__id__C
20012a1e   xdc_runtime_LoggerBuf_filterByLevel__C
20012a20   xdc_runtime_Memory_Module__id__C
20012a22   xdc_runtime_SysMin_flushAtExit__C
20012a24   xdc_runtime_Text_charCnt__C
20012a26   xdc_runtime_Text_isLoaded__C
20012a28   xdc_runtime_Text_registryModsLastId__C
20012a2a   xdc_runtime_Text_unnamedModsLastId__C
20012a30   __TI_static_base__
20012d78   __TI_Handler_Table_Base
20012d84   __TI_Handler_Table_Limit
20012d90   __TI_CINIT_Base
20012da0   __TI_CINIT_Limit
20018000   ti_sysbios_heaps_HeapMem_Instance_State_0_buf__A
20020000   ti_sysbios_knl_Task_Instance_State_0_stack__A
20020800   xdc_runtime_LoggerBuf_Instance_State_0_entryArr__A
20020c00   xdc_runtime_SysMin_Module_State_0_outbuf__A
20021000   ti_sysbios_family_arm_m3_Hwi_dispatchTable
2002130c   __CIOBUF_
2002142c   g_ucConnectionSSID
20021450   g_ucConnectionBSSID
20021460   SimpleLinkSpawnTaskHndl
20021468   simpleLink_mailbox
2002146c   g_ucLED1Pin
2002146d   g_ucLED2Pin
2002146e   g_ucLED3Pin
20021470   pPingCallBackFunc
20021474   gFirstCmdMode
20021478   g_pCB
2002147c   g_StatMem
200215f4   ti_sysbios_family_arm_m3_Hwi_Module__root__V
200215fc   ti_sysbios_family_arm_m3_Hwi_Object__table__V
20021614   ti_sysbios_family_arm_m3_Hwi_Module_State_0_excActive__A
20021618   ti_sysbios_family_arm_m3_Hwi_Module_State_0_excContext__A
2002161c   ti_sysbios_family_arm_m3_Hwi_Module_State_0_excStack__A
20021620   ti_sysbios_family_arm_m3_Timer_Module__root__V
20021628   ti_sysbios_family_arm_m3_Timer_Module__state__V
20021634   ti_sysbios_family_arm_m3_TimestampProvider_Module__state__V
20021638   ti_sysbios_gates_GateHwi_Module__root__V
20021640   ti_sysbios_gates_GateHwi_Object__table__V
20021644   ti_sysbios_gates_GateMutex_Module__root__V
2002164c   ti_sysbios_hal_Hwi_Module__root__V
20021654   ti_sysbios_hal_Timer_Module__root__V
2002165c   ti_sysbios_heaps_HeapMem_Module__root__V
20021664   ti_sysbios_heaps_HeapMem_Object__table__V
2002167c   ti_sysbios_knl_Clock_Module__root__V
20021684   ti_sysbios_knl_Event_Module__root__V
2002168c   ti_sysbios_knl_Mailbox_Module__root__V
20021694   ti_sysbios_knl_Queue_Module__root__V
2002169c   ti_sysbios_knl_Semaphore_Module__root__V
200216a4   ti_sysbios_knl_Swi_Module__root__V
200216ac   ti_sysbios_knl_Swi_Module__state__V
200216c8   ti_sysbios_knl_Task_Module__root__V
200216d0   ti_sysbios_knl_Task_Module_State_0_idleTask__A
200216d4   xdc_runtime_Error_Module__state__V
200216d8   xdc_runtime_LoggerBuf_Module__root__V
200216e0   xdc_runtime_LoggerBuf_Module__state__V
200216e8   xdc_runtime_Memory_Module__state__V
200216ec   xdc_runtime_Registry_Module__state__V
200216f4   xdc_runtime_Startup_Module__state__V
200216fc   xdc_runtime_SysMin_Module__state__V
20021708   xdc_runtime_System_Module_State_0_atexitHandlers__A
20021718   xdc_runtime_System_Module__state__V
20021720   xdc_runtime_Text_Module__state__V
20021728   __xdc__init__addr
2002172c   ti_sysbios_knl_Swi_Module_State_0_readyQ__A
200217ac   ti_sysbios_knl_Task_Module_State_0_readyQ__A
2002182c   g_SpiFd
20021830   g_pHostIntHdl
20021834   g_ucDMAEnabled
20021838   DMAMsgQ
2002183c   g_cDummy
20021840   g_ucDinDout
20021890   TSK_idle
20021890   ti_sysbios_knl_Task_Object__table__V
200218dc   ti_sysbios_knl_Task_Module__state__V
20021920   ti_sysbios_gates_GateMutex_Object__table__V
20021958   ti_sysbios_family_arm_m3_Hwi_Module__state__V
2002198c   ti_sysbios_family_arm_m3_Timer_Object__table__V
200219bc   ti_sysbios_knl_Swi_Object__table__V
200219ec   ti_sysbios_knl_Clock_Module__state__V
20021a18   ti_sysbios_BIOS_Module__state__V
20021a3c   xdc_runtime_LoggerBuf_Object__table__V
20021a74   g_uiLED1Port
20021a78   g_uiLED2Port
20021a7c   g_uiLED3Port
20021a80   g_ulStatus
20021a84   g_ulPingPacketsRecv
20021a88   g_ulGatewayIP
20021a8c   _lock
20021a90   _unlock
20021a94   __TI_cleanup_ptr
20021a98   __TI_dtors_ptr
20021a9c   main_func_sp
2002e000   __stack
20030000   __STACK_END
e000e000   ti_sysbios_family_arm_m3_Hwi_nvic
ffffffff   __binit__
ffffffff   __c_args__
ffffffff   binit
UNDEFED    SHT$$INIT_ARRAY$$Base
UNDEFED    SHT$$INIT_ARRAY$$Limit

[895 symbols]
