******************************************************************************
                  TI ARM Linker PC v5.1.9                      
******************************************************************************
>> Linked Fri Dec 19 14:47:51 2014

OUTPUT FILE NAME:   <temp_logger.out>
ENTRY POINT SYMBOL: "_c_int00"  address: 2000e329


MEMORY CONFIGURATION

         name            origin    length      used     unused   attr    fill
----------------------  --------  ---------  --------  --------  ----  --------
  SRAM_CODE             20004000   00014000  0000e8ea  00005716  RW X
  SRAM_DATA             20018000   00018000  0000ba9f  0000c561  RW X


SEGMENT ALLOCATION MAP

run origin  load origin   length   init length attrs members
----------  ----------- ---------- ----------- ----- -------
20004000    20004000    0000e8f0   0000e8f0    r-x
  20004000    20004000    0000030c   0000030c    r-- .resetVecs
  2000430c    2000430c    0000bdc2   0000bdc2    r-x .text
  200100d0    200100d0    000024ac   000024ac    r-- .const
  20012580    20012580    00000370   00000370    r-- .cinit
20018000    20018000    00009aa0   00000000    rw-
  20018000    20018000    0000946f   00000000    rw- .bss
  20021470    20021470    00000630   00000000    rw- .data
2002e000    2002e000    00002000   00000000    rw-
  2002e000    2002e000    00002000   00000000    rw- .stack


SECTION ALLOCATION MAP

 output                                  attributes/
section   page    origin      length       input sections
--------  ----  ----------  ----------   ----------------
.init_array 
*          0    20004000    00000000     UNINITIALIZED

.bootVecs 
*          0    00000000    00000008     DSECT
                  00000000    00000008     boot.aem4 : boot.oem4 (.bootVecs)

xdc.meta   0    00000000    000000fd     COPY SECTION
                  00000000    000000fd     app_pem4.oem4 (xdc.meta)

.vecs      0    20004000    00000000     DSECT

.resetVecs 
*          0    20004000    0000030c     
                  20004000    0000030c     app_pem4.oem4 (.resetVecs)

.text      0    2000430c    0000bdc2     
                  2000430c    00000ed4     main.obj (.text)
                  200051e0    00000ec0     rtsv7M4_T_le_eabi.lib : _printfi.obj (.text)
                  200060a0    00000540     ti_rtos.a : osi_tirtos.obj (.text)
                  200065e0    00000424     sysbios.aem4 : BIOS.obj (.text:ti_sysbios_family_arm_m3_Hwi_excDumpRegs__I)
                  20006a04    000003a6     simplelink.a : driver.obj (.text:_SlDrvMsgRead)
                  20006daa    00000002     app_pem4.oem4 (.text:ti_sysbios_BIOS_nullFunc__I)
                  20006dac    00000394     gpio_if.obj (.text)
                  20007140    0000034c     simplelink.a : driver.obj (.text:_SlAsyncEventGenericHandler)
                  2000748c    0000033c     ti.targets.arm.rtsarm.aem4 : System.oem4 (.text:xdc_runtime_System_doPrint__I)
                  200077c8    00000304     sysbios.aem4 : BIOS.obj (.text:ti_sysbios_knl_Semaphore_pend__E)
                  20007acc    000002d4     rtsv7M4_T_le_eabi.lib : trgdrv.obj (.text)
                  20007da0    0000026c     uart_if.obj (.text)
                  2000800c    00000248     sysbios.aem4 : BIOS.obj (.text:ti_sysbios_heaps_HeapMem_free__E)
                  20008254    00000234                  : BIOS.obj (.text:ti_sysbios_heaps_HeapMem_alloc__E)
                  20008488    00000228                  : BIOS.obj (.text:ti_sysbios_knl_Task_Instance_finalize__E)
                  200086b0    00000208                  : BIOS.obj (.text:ti_sysbios_knl_Task_sleep__E)
                  200088b8    000001f8                  : BIOS.obj (.text:ti_sysbios_family_arm_m3_Hwi_excHandlerMax__I)
                  20008ab0    000001f4     rtsv7M4_T_le_eabi.lib : ull_div_t2.obj (.text)
                  20008ca4    000001bc     sysbios.aem4 : BIOS.obj (.text:ti_sysbios_knl_Task_Instance_init__E)
                  20008e60    000001b6     rtsv7M4_T_le_eabi.lib : fd_add_t2.obj (.text)
                  20009016    00000002     sysbios.aem4 : BIOS.obj (.text:ti_sysbios_gates_GateHwi_Instance_init__E)
                  20009018    0000019c     simplelink.a : wlan.obj (.text:sl_WlanConnect)
                  200091b4    0000018c     sysbios.aem4 : BIOS.obj (.text:ti_sysbios_knl_Task_Module_startup__E)
                  20009340    00000168                  : BIOS.obj (.text:ti_sysbios_family_arm_m3_Hwi_excBusFault__I)
                  200094a8    00000160                  : BIOS.obj (.text:ti_sysbios_knl_Mailbox_Instance_init__E)
                  20009608    00000154                  : BIOS.obj (.text:ti_sysbios_family_arm_m3_Hwi_excUsageFault__I)
                  2000975c    00000140     simplelink.a : driver.obj (.text:_SlDrvRxHdrRead)
                  2000989c    00000140     sysbios.aem4 : BIOS.obj (.text:ti_sysbios_family_arm_m3_Hwi_excMemFault__I)
                  200099dc    0000013c                  : BIOS.obj (.text:ti_sysbios_family_arm_m3_Hwi_dispatchC__I)
                  20009b18    00000138                  : BIOS.obj (.text:ti_sysbios_heaps_HeapMem_Instance_init__E)
                  20009c50    00000138                  : BIOS.obj (.text:ti_sysbios_knl_Semaphore_post__E)
                  20009d88    00000136     rtsv7M4_T_le_eabi.lib : fd_div_t2.obj (.text)
                  20009ebe    00000002     app_pem4.oem4 (.text:xdc_runtime_Startup_reset__I)
                  20009ec0    00000134     driverlib.a : prcm.obj (.text:PRCMCC3200MCUInit)
                  20009ff4    00000130     simplelink.a : cc_pal.obj (.text:spi_Open)
                  2000a124    00000130     ti.targets.arm.rtsarm.aem4 : LoggerBuf.oem4 (.text:xdc_runtime_LoggerBuf_write8__E)
                  2000a254    0000012c     sysbios.aem4 : BIOS.obj (.text:ti_sysbios_knl_Clock_workFunc__E)
                  2000a380    00000124     simplelink.a : netapp.obj (.text:sl_NetAppPingStart)
                  2000a4a4    00000120     sysbios.aem4 : BIOS.obj (.text:ti_sysbios_knl_Swi_run__I)
                  2000a5c4    00000120     ti.targets.arm.rtsarm.aem4 : Error.oem4 (.text:xdc_runtime_Error_policyDefault__E)
                  2000a6e4    00000114     simplelink.a : driver.obj (.text:_SlDrvMsgWrite)
                  2000a7f8    0000010c                  : driver.obj (.text:_SlDrvWaitForPoolObj)
                  2000a904    00000104                  : driver.obj (.text:_SlDrvReleasePoolObj)
                  2000aa08    00000104     ti.targets.arm.rtsarm.aem4 : Core-mem.oem4 (.text:xdc_runtime_Core_createObject__I)
                  2000ab0c    00000104     app_pem4.oem4 (.text:xdc_runtime_System_printfExtend__I)
                  2000ac10    000000fc     rtsv7M4_T_le_eabi.lib : fd_mul_t2.obj (.text)
                  2000ad0c    000000fc     ti.targets.arm.rtsarm.aem4 : Startup.oem4 (.text:xdc_runtime_Startup_startMods__I)
                  2000ae08    000000f0     driverlib.a : udma.obj (.text:uDMAChannelTransferSet)
                  2000aef8    000000e8     simplelink.a : cc_pal.obj (.text:spi_Write)
                  2000afe0    000000d8                  : netapp.obj (.text:sl_NetAppDnsGetHostByName)
                  2000b0b8    000000d4     ti.targets.arm.rtsarm.aem4 : LoggerBuf.oem4 (.text:xdc_runtime_LoggerBuf_write4__E)
                  2000b18c    000000d0     sysbios.aem4 : m3_Hwi_asm.obj (.text:ti_sysbios_family_arm_m3_Hwi_dispatch__I)
                  2000b25c    000000cc     simplelink.a : cc_pal.obj (.text:spi_Read)
                  2000b328    000000cc     ti.targets.arm.rtsarm.aem4 : Core-smem.oem4 (.text:xdc_runtime_Core_constructObject__I)
                  2000b3f4    000000c8     sysbios.aem4 : BIOS.obj (.text:ti_sysbios_knl_Task_schedule__I)
                  2000b4bc    000000c4     simplelink.a : device.obj (.text:sl_Stop)
                  2000b580    000000c4     sysbios.aem4 : BIOS.obj (.text:ti_sysbios_family_arm_m3_Hwi_Module_startup__E)
                  2000b644    000000c0     simplelink.a : device.obj (.text:sl_Start)
                  2000b704    000000c0     sysbios.aem4 : BIOS.obj (.text:ti_sysbios_knl_Task_exit__E)
                  2000b7c4    000000bc                  : BIOS.obj (.text:ti_sysbios_knl_Task_startCore__E)
                  2000b880    000000b4     simplelink.a : driver.obj (.text:_SlDrvMsgReadCmdCtx)
                  2000b934    000000b4     sysbios.aem4 : BIOS.obj (.text:ti_sysbios_family_arm_m3_Hwi_excHardFault__I)
                  2000b9e8    000000b4                  : BIOS.obj (.text:ti_sysbios_gates_GateMutex_enter__E)
                  2000ba9c    000000b4                  : BIOS.obj (.text:ti_sysbios_knl_Task_checkStacks__E)
                  2000bb50    000000b2     simplelink.a : netapp.obj (.text:_SlDrvNetAppEventHandler)
                  2000bc02    00000002     --HOLE-- [fill = 0]
                  2000bc04    000000b0     sysbios.aem4 : BIOS.obj (.text:ti_sysbios_family_arm_m3_Hwi_excDebugMon__I)
                  2000bcb4    000000a8     driverlib.a : interrupt.obj (.text:IntEnable)
                  2000bd5c    000000a8     sysbios.aem4 : BIOS.obj (.text:ti_sysbios_knl_Swi_post__E)
                  2000be04    000000a8                  : BIOS.obj (.text:ti_sysbios_knl_Task_blockI__E)
                  2000beac    000000a8                  : BIOS.obj (.text:ti_sysbios_knl_Task_postInit__I)
                  2000bf54    000000a0     driverlib.a : spi.obj (.text:SPIConfigSetExpClk)
                  2000bff4    000000a0     auto_init.aem4 : auto_init.oem4 (.text)
                  2000c094    0000009c     rtsv7M4_T_le_eabi.lib : memcpy_t2.obj (.text)
                  2000c130    0000009c     sysbios.aem4 : BIOS.obj (.text:ti_sysbios_family_arm_m3_Hwi_Instance_init__E)
                  2000c1cc    0000009c                  : BIOS.obj (.text:ti_sysbios_knl_Semaphore_Instance_init__E)
                  2000c268    0000009a     ti.targets.arm.rtsarm.aem4 : Text.oem4 (.text:xdc_runtime_Text_putSite__E)
                  2000c302    00000002     --HOLE-- [fill = 0]
                  2000c304    00000098     simplelink.a : driver.obj (.text:_SlFindAndSetActiveObj)
                  2000c39c    00000094     driverlib.a : prcm.obj (.text:PRCMPeripheralClockGet)
                  2000c430    00000094     simplelink.a : driver.obj (.text:_SlDrvClassifyRxMsg)
                  2000c4c4    00000094     sysbios.aem4 : BIOS.obj (.text:ti_sysbios_knl_Mailbox_post__E)
                  2000c558    00000094                  : BIOS.obj (.text:ti_sysbios_knl_Task_unblockI__E)
                  2000c5ec    00000094     ti.targets.arm.rtsarm.aem4 : Text.oem4 (.text:xdc_runtime_Text_putMod__E)
                  2000c680    00000090     simplelink.a : driver.obj (.text:_SlDrvMsgReadSpawnCtx)
                  2000c710    00000088     driverlib.a : pin.obj (.text:PinConfigSet)
                  2000c798    00000088     rtsv7M4_T_le_eabi.lib : vsnprintf.obj (.text)
                  2000c820    00000088     simplelink.a : netapp.obj (.text:sl_NetAppMDNSRegisterUnregisterService)
                  2000c8a8    00000088     sysbios.aem4 : BIOS.obj (.text:ti_sysbios_knl_Mailbox_Module_startup__E)
                  2000c930    00000086     rtsv7M4_T_le_eabi.lib : fd_cmp_t2.obj (.text:__aeabi_cdcmple)
                  2000c9b6    00000086                           : fd_cmp_t2.obj (.text:__aeabi_cdrcmple)
                  2000ca3c    00000084     simplelink.a : driver.obj (.text:_SlDrvCmdOp)
                  2000cac0    00000084     sysbios.aem4 : BIOS.obj (.text:ti_sysbios_family_arm_m3_Hwi_initNVIC__E)
                  2000cb44    00000084                  : BIOS.obj (.text:ti_sysbios_knl_Mailbox_pend__E)
                  2000cbc8    00000082     driverlib.a : gpio.obj (.text:GPIOIntTypeSet)
                  2000cc4a    00000002     --HOLE-- [fill = 0]
                  2000cc4c    00000080     simplelink.a : cc_pal.obj (.text:NwpPowerOnPreamble)
                  2000cccc    00000080     ti.targets.arm.rtsarm.aem4 : LoggerBuf.oem4 (.text:xdc_runtime_LoggerBuf_setFilterLevel__E)
                  2000cd4c    0000007c     simplelink.a : driver.obj (.text:_SlDrvDriverCBInit)
                  2000cdc8    0000007c                  : netapp.obj (.text:_sl_HandleAsync_DnsGetHostByName)
                  2000ce44    0000007c                  : device.obj (.text:sl_DevGet)
                  2000cec0    0000007a     rtsv7M4_T_le_eabi.lib : memset_t2.obj (.text)
                  2000cf3a    00000002     --HOLE-- [fill = 0]
                  2000cf3c    00000078     simplelink.a : cc_pal.obj (.text:SetupDMAReceive)
                  2000cfb4    00000076     driverlib.a : uart.obj (.text:UARTConfigSetExpClk)
                  2000d02a    00000002     --HOLE-- [fill = 0]
                  2000d02c    00000074     simplelink.a : device.obj (.text:_sl_HandleAsync_InitComplete)
                  2000d0a0    00000074                  : cc_pal.obj (.text:spi_Close)
                  2000d114    00000070                  : netapp.obj (.text:_sl_HandleAsync_PingResponse)
                  2000d184    00000070     sysbios.aem4 : BIOS.obj (.text:ti_sysbios_family_arm_m3_Hwi_postInit__I)
                  2000d1f4    00000070                  : BIOS.obj (.text:ti_sysbios_knl_Mailbox_Instance_finalize__E)
                  2000d264    00000070     ti.targets.arm.rtsarm.aem4 : Memory.oem4 (.text:xdc_runtime_Memory_alloc__E)
                  2000d2d4    0000006c                                : Error.oem4 (.text:xdc_runtime_Error_print__E)
                  2000d340    0000006c                                : LoggerBuf.oem4 (.text:xdc_runtime_LoggerBuf_getFilterLevel__E)
                  2000d3ac    00000068     simplelink.a : socket.obj (.text:_sl_HandleAsync_Connect)
                  2000d414    00000068                  : netapp.obj (.text:_sl_HandleAsync_DnsGetHostByService)
                  2000d47c    00000066     ti.targets.arm.rtsarm.aem4 : Core-mem.oem4 (.text:xdc_runtime_Core_deleteObject__I)
                  2000d4e2    00000002     --HOLE-- [fill = 0]
                  2000d4e4    00000064     simplelink.a : socket.obj (.text:_sl_HandleAsync_Accept)
                  2000d548    00000064     pinmux.obj (.text)
                  2000d5ac    00000064     app_pem4.oem4 (.text:ti_sysbios_family_arm_m3_Hwi_create)
                  2000d610    00000064     app_pem4.oem4 (.text:ti_sysbios_knl_Mailbox_create)
                  2000d674    00000064     driverlib.a : udma.obj (.text:uDMAChannelAttributeDisable)
                  2000d6d8    00000064                 : udma.obj (.text:uDMAChannelAttributeEnable)
                  2000d73c    00000060     rtsv7M4_T_le_eabi.lib : trgmsg.obj (.text)
                  2000d79c    00000060     sysbios.aem4 : BIOS.obj (.text:ti_sysbios_family_arm_m3_TimestampProvider_get64__E)
                  2000d7fc    00000060                  : BIOS.obj (.text:ti_sysbios_knl_Clock_logTick__E)
                  2000d85c    00000060     ti.targets.arm.rtsarm.aem4 : System.oem4 (.text:xdc_runtime_System_formatNum__I)
                  2000d8bc    0000005e     rtsv7M4_T_le_eabi.lib : copy_decompress_rle.obj (.text)
                  2000d91a    00000002     --HOLE-- [fill = 0]
                  2000d91c    0000005c     sysbios.aem4 : BIOS.obj (.text:ti_sysbios_family_arm_m3_Timer_setPeriod__E)
                  2000d978    0000005c     app_pem4.oem4 (.text:ti_sysbios_knl_Task_create)
                  2000d9d4    0000005c     app_pem4.oem4 (.text:xdc_runtime_LoggerBuf_Object__create__S)
                  2000da30    0000005b     ti.targets.arm.rtsarm.aem4 : Text.oem4 (.text:xdc_runtime_Text_putLab__E)
                  2000da8b    00000001     --HOLE-- [fill = 0]
                  2000da8c    0000005a     rtsv7M4_T_le_eabi.lib : ltoa.obj (.text)
                  2000dae6    00000002     --HOLE-- [fill = 0]
                  2000dae8    00000058     driverlib.a : interrupt.obj (.text:IntPendClear)
                  2000db40    00000058                 : prcm.obj (.text:PRCMPeripheralReset)
                  2000db98    00000058     simplelink.a : driver.obj (.text:_SlDrvDriverCBDeinit)
                  2000dbf0    00000058                  : socket.obj (.text:_sl_HandleAsync_Select)
                  2000dc48    00000058     sysbios.aem4 : BIOS.obj (.text:ti_sysbios_knl_Swi_restoreHwi__E)
                  2000dca0    00000058                  : BIOS.obj (.text:ti_sysbios_knl_Swi_schedule__I)
                  2000dcf8    00000054     simplelink.a : device.obj (.text:_sl_HandleAsync_Stop)
                  2000dd4c    00000054                  : netapp.obj (.text:sl_NetAppSendTokenValue)
                  2000dda0    00000054     sysbios.aem4 : BIOS.obj (.text:ti_sysbios_family_arm_m3_Timer_start__E)
                  2000ddf4    00000050     ti.targets.arm.rtsarm.aem4 : Startup.oem4 (.text:xdc_runtime_Startup_exec__E)
                  2000de44    00000050                                : Text.oem4 (.text:xdc_runtime_Text_visitRope2__I)
                  2000de94    0000004c     driverlib.a : spi.obj (.text:SPIIntEnable)
                  2000dee0    0000004c     rtsv7M4_T_le_eabi.lib : atoi.obj (.text)
                  2000df2c    0000004c     sysbios.aem4 : m3_TaskSupport_asm.obj (.text:ti_sysbios_family_arm_m3_TaskSupport_buildTaskStack)
                  2000df78    0000004c                  : BIOS.obj (.text:ti_sysbios_knl_Swi_runLoop__I)
                  2000dfc4    0000004c     driverlib.a : udma.obj (.text:uDMAChannelAssign)
                  2000e010    0000004a     simplelink.a : device.obj (.text:_sl_GetStartResponseConvert)
                  2000e05a    00000002     --HOLE-- [fill = 0]
                  2000e05c    00000048     driverlib.a : spi.obj (.text:SPIIntClear)
                  2000e0a4    00000048     rtsv7M4_T_le_eabi.lib : fd_toi_t2.obj (.text)
                  2000e0ec    00000048     simplelink.a : wlan.obj (.text:sl_WlanSet)
                  2000e134    00000048     sysbios.aem4 : BIOS.obj (.text:ti_sysbios_family_arm_m3_Hwi_excReserved__I)
                  2000e17c    00000048                  : m3_Hwi_asm_switch.obj (.text:ti_sysbios_family_arm_m3_Hwi_initStacks__E)
                  2000e1c4    00000048                  : BIOS.obj (.text:ti_sysbios_family_arm_m3_Timer_initDevice__I)
                  2000e20c    00000048                  : BIOS.obj (.text:ti_sysbios_heaps_HeapMem_getStats__E)
                  2000e254    00000048     ti.targets.arm.rtsarm.aem4 : Assert.oem4 (.text:xdc_runtime_Assert_raise__I)
                  2000e29c    00000046                                : Core-params.oem4 (.text:xdc_runtime_Core_assignParams__I)
                  2000e2e2    00000002     --HOLE-- [fill = 0]
                  2000e2e4    00000044     driverlib.a : spi.obj (.text:SPIDmaMaskGet)
                  2000e328    00000044     boot.aem4 : boot.oem4 (.text)
                  2000e36c    00000044     rtsv7M4_T_le_eabi.lib : cpy_tbl.obj (.text)
                  2000e3b0    00000044                           : exit.obj (.text)
                  2000e3f4    00000044                           : xdtest.obj (.text)
                  2000e438    00000044     simplelink.a : netcfg.obj (.text:sl_NetCfgSet)
                  2000e47c    00000044     sysbios.aem4 : BIOS.obj (.text:ti_sysbios_family_arm_m3_Hwi_disableInterrupt__E)
                  2000e4c0    00000044                  : BIOS.obj (.text:ti_sysbios_family_arm_m3_Hwi_enableInterrupt__E)
                  2000e504    00000044                  : BIOS.obj (.text:ti_sysbios_knl_Task_allBlockedFunction__I)
                  2000e548    00000044     ti.targets.arm.rtsarm.aem4 : Error.oem4 (.text:xdc_runtime_Error_setX__E)
                  2000e58c    00000044                                : LoggerBuf.oem4 (.text:xdc_runtime_LoggerBuf_filterOutEvent__I)
                  2000e5d0    00000044                                : SysMin.oem4 (.text:xdc_runtime_SysMin_flush__E)
                  2000e614    00000042     rtsv7M4_T_le_eabi.lib : u_divt2.obj (.text)
                  2000e656    00000002     --HOLE-- [fill = 0]
                  2000e658    00000040     driverlib.a : pin.obj (.text:PinModeSet)
                  2000e698    00000040     simplelink.a : driver.obj (.text:_SlDrvRxIrqHandler)
                  2000e6d8    00000040                  : driver.obj (.text:_SlRemoveFromList)
                  2000e718    00000040                  : wlan.obj (.text:sl_WlanPolicySet)
                  2000e758    00000040                  : wlan.obj (.text:sl_WlanRxFilterSet)
                  2000e798    00000040     sysbios.aem4 : BIOS.obj (.text:ti_sysbios_family_arm_m3_Timer_Module_startup__E)
                  2000e7d8    00000040                  : BIOS.obj (.text:ti_sysbios_knl_Mailbox_postInit__I)
                  2000e818    0000003e     app_pem4.oem4 (.text:realloc)
                  2000e856    00000002     --HOLE-- [fill = 0]
                  2000e858    0000003c     simplelink.a : cc_pal.obj (.text:NwpPowerOff)
                  2000e894    0000003c     driverlib.a : prcm.obj (.text:PRCMPeripheralClkEnable)
                  2000e8d0    0000003c     simplelink.a : driver.obj (.text:_SlDrvObjInit)
                  2000e90c    0000003c     sysbios.aem4 : BIOS.obj (.text:ti_sysbios_family_arm_m3_Hwi_excSvCall__I)
                  2000e948    0000003c                  : BIOS.obj (.text:ti_sysbios_heaps_HeapMem_init__I)
                  2000e984    0000003c                  : BIOS.obj (.text:ti_sysbios_knl_Swi_startup__E)
                  2000e9c0    0000003c     driverlib.a : udma.obj (.text:uDMAChannelControlSet)
                  2000e9fc    0000003c     ti.targets.arm.rtsarm.aem4 : Text.oem4 (.text:xdc_runtime_Text_xprintf__I)
                  2000ea38    0000003a                                : LoggerBuf.oem4 (.text:xdc_runtime_LoggerBuf_Instance_init__E)
                  2000ea72    00000002     --HOLE-- [fill = 0]
                  2000ea74    00000038     sysbios.aem4 : BIOS.obj (.text:ti_sysbios_family_arm_m3_Hwi_excNoIsr__I)
                  2000eaac    00000038                  : BIOS.obj (.text:ti_sysbios_family_arm_m3_Hwi_getStackInfo__E)
                  2000eae4    00000038                  : BIOS.obj (.text:ti_sysbios_family_arm_m3_TaskSupport_start__E)
                  2000eb1c    00000038                  : BIOS.obj (.text:ti_sysbios_knl_Task_processVitalTaskFlag__I)
                  2000eb54    00000038     ti.targets.arm.rtsarm.aem4 : SysMin.oem4 (.text:xdc_runtime_SysMin_putch__E)
                  2000eb8c    00000038                                : System.oem4 (.text:xdc_runtime_System_atexit__E)
                  2000ebc4    00000036     driverlib.a : gpio.obj (.text:GPIODirModeSet)
                  2000ebfa    00000002     --HOLE-- [fill = 0]
                  2000ebfc    00000034                 : prcm.obj (.text:PRCMPeripheralStatusGet)
                  2000ec30    00000034                 : spi.obj (.text:SPIFIFOLevelSet)
                  2000ec64    00000034     simplelink.a : driver.obj (.text:_SlDrvBasicCmd)
                  2000ec98    00000034     sysbios.aem4 : BIOS.obj (.text:ti_sysbios_family_arm_m3_Hwi_excNmi__I)
                  2000eccc    00000034                  : BIOS.obj (.text:ti_sysbios_family_arm_m3_Timer_periodicStub__I)
                  2000ed00    00000034                  : BIOS.obj (.text:ti_sysbios_hal_Hwi_checkStack)
                  2000ed34    00000034     app_pem4.oem4 (.text:ti_sysbios_knl_Semaphore_create)
                  2000ed68    00000034     ti.targets.arm.rtsarm.aem4 : Core-label.oem4 (.text:xdc_runtime_Core_assignLabel__I)
                  2000ed9c    00000033                                : Text.oem4 (.text:xdc_runtime_Text_printVisFxn__I)
                  2000edcf    00000001     --HOLE-- [fill = 0]
                  2000edd0    00000032     sysbios.aem4 : BIOS.obj (.text:ti_sysbios_knl_Semaphore_pendTimeout__I)
                  2000ee02    00000002     --HOLE-- [fill = 0]
                  2000ee04    00000030     simplelink.a : cc_pal.obj (.text:NwpPowerOn)
                  2000ee34    00000030     driverlib.a : pin.obj (.text:PinTypeGPIO)
                  2000ee64    00000030                 : uart.obj (.text:UARTDisable)
                  2000ee94    00000030     app_pem4.oem4 (.text:ti_sysbios_BIOS_atExitFunc__I)
                  2000eec4    00000030     app_pem4.oem4 (.text:ti_sysbios_gates_GateHwi_Object__create__S)
                  2000eef4    00000030     app_pem4.oem4 (.text:ti_sysbios_gates_GateMutex_Object__create__S)
                  2000ef24    00000030     app_pem4.oem4 (.text:ti_sysbios_heaps_HeapMem_Object__create__S)
                  2000ef54    00000030     app_pem4.oem4 (.text:ti_sysbios_knl_Semaphore_construct)
                  2000ef84    00000030     ti.targets.arm.rtsarm.aem4 : SysMin.oem4 (.text:xdc_runtime_SysMin_abort__E)
                  2000efb4    00000030                                : System.oem4 (.text:xdc_runtime_System_processAtExit__E)
                  2000efe4    0000002e     app_pem4.oem4 (.text:malloc)
                  2000f012    0000002e     rtsv7M4_T_le_eabi.lib : i_tofd_t2.obj (.text)
                  2000f040    0000002c     simplelink.a : cc_pal.obj (.text:DmaSpiSwIntHandler)
                  2000f06c    0000002c     driverlib.a : prcm.obj (.text:PRCMSysResetCauseGet)
                  2000f098    0000002c     simplelink.a : flowcont.obj (.text:_SlDrvFlowContDeinit)
                  2000f0c4    0000002c                  : flowcont.obj (.text:_SlDrvFlowContInit)
                  2000f0f0    0000002c     sysbios.aem4 : BIOS.obj (.text:ti_sysbios_family_arm_m3_Hwi_Instance_finalize__E)
                  2000f11c    0000002c                  : BIOS.obj (.text:ti_sysbios_hal_Hwi_initStack)
                  2000f148    0000002c     app_pem4.oem4 (.text:ti_sysbios_knl_Clock_doTick__I)
                  2000f174    0000002c     app_pem4.oem4 (.text:ti_sysbios_knl_Queue_construct)
                  2000f1a0    0000002c     sysbios.aem4 : BIOS.obj (.text:ti_sysbios_knl_Task_restore__E)
                  2000f1cc    0000002c     ti.targets.arm.rtsarm.aem4 : Text.oem4 (.text:xdc_runtime_Text_cordText__E)
                  2000f1f8    0000002a                                : System.oem4 (.text:xdc_runtime_System_putchar__I)
                  2000f222    00000002     --HOLE-- [fill = 0]
                  2000f224    00000028     driverlib.a : prcm.obj (.text:PRCMPeripheralClkDisable)
                  2000f24c    00000028     simplelink.a : wlan.obj (.text:sl_WlanSetMode)
                  2000f274    00000028     ti.targets.arm.rtsarm.aem4 : LoggerBuf.oem4 (.text:xdc_runtime_LoggerBuf_Module_startup__E)
                  2000f29c    00000026                                : System.oem4 (.text:xdc_runtime_System_avprintf__E)
                  2000f2c2    00000024     driverlib.a : uart.obj (.text:UARTEnable)
                  2000f2e6    00000024     rtsv7M4_T_le_eabi.lib : memmov.obj (.text)
                  2000f30a    00000002     --HOLE-- [fill = 0]
                  2000f30c    00000024     simplelink.a : wlan.obj (.text:sl_WlanProfileDel)
                  2000f330    00000024     app_pem4.oem4 (.text:ti_sysbios_BIOS_errorRaiseHook__I)
                  2000f354    00000024     app_pem4.oem4 (.text:ti_sysbios_BIOS_registerRTSLock__I)
                  2000f378    00000024     app_pem4.oem4 (.text:ti_sysbios_BIOS_removeRTSLock__I)
                  2000f39c    00000024     app_pem4.oem4 (.text:ti_sysbios_BIOS_startFunc__I)
                  2000f3c0    00000024     sysbios.aem4 : BIOS.obj (.text:ti_sysbios_family_arm_m3_Hwi_doTaskRestore__I)
                  2000f3e4    00000024                  : BIOS.obj (.text:ti_sysbios_family_arm_m3_Timer_startup__E)
                  2000f408    00000024     app_pem4.oem4 (.text:ti_sysbios_gates_GateMutex_Object__delete__S)
                  2000f42c    00000024     sysbios.aem4 : BIOS.obj (.text:ti_sysbios_knl_Clock_Module_startup__E)
                  2000f450    00000024     app_pem4.oem4 (.text:ti_sysbios_knl_Semaphore_Object__delete__S)
                  2000f474    00000024     sysbios.aem4 : BIOS.obj (.text:ti_sysbios_knl_Swi_Module_startup__E)
                  2000f498    00000024     ti.targets.arm.rtsarm.aem4 : System.oem4 (.text:xdc_runtime_System_vprintf__E)
                  2000f4bc    00000022     simplelink.a : cc_pal.obj (.text:NwpRegisterInterruptHandler)
                  2000f4de    00000022     driverlib.a : spi.obj (.text:SPIReset)
                  2000f500    00000022                 : spi.obj (.text:SPIWordCountSet)
                  2000f522    00000022     app_pem4.oem4 (.text:xdc_runtime_SysMin_output__I)
                  2000f544    00000020     driverlib.a : gpio.obj (.text:GPIOPinWrite)
                  2000f564    00000020     simplelink.a : driver.obj (.text:_SlDrvCmdSend)
                  2000f584    00000020     app_pem4.oem4 (.text:ti_sysbios_family_arm_m3_Hwi_Object__delete__S)
                  2000f5a4    00000020     sysbios.aem4 : m3_Hwi_asm.obj (.text:ti_sysbios_family_arm_m3_Hwi_excHandlerAsm__I)
                  2000f5c4    00000020                  : BIOS.obj (.text:ti_sysbios_family_arm_m3_Hwi_excHandler__I)
                  2000f5e4    00000020                  : BIOS.obj (.text:ti_sysbios_family_arm_m3_TimestampProvider_Module_startup__E)
                  2000f604    00000020     app_pem4.oem4 (.text:ti_sysbios_gates_GateHwi_Object__delete__S)
                  2000f624    00000020     app_pem4.oem4 (.text:ti_sysbios_heaps_HeapMem_Object__delete__S)
                  2000f644    00000020     sysbios.aem4 : BIOS.obj (.text:ti_sysbios_knl_Idle_run__E)
                  2000f664    00000020     app_pem4.oem4 (.text:ti_sysbios_knl_Mailbox_Object__delete__S)
                  2000f684    00000020     app_pem4.oem4 (.text:ti_sysbios_knl_Semaphore_Object__destruct__S)
                  2000f6a4    00000020     app_pem4.oem4 (.text:ti_sysbios_knl_Task_Object__delete__S)
                  2000f6c4    00000020     sysbios.aem4 : BIOS.obj (.text:ti_sysbios_knl_Task_enter__I)
                  2000f6e4    00000020     app_pem4.oem4 (.text:xdc_runtime_LoggerBuf_Object__delete__S)
                  2000f704    00000020     ti.targets.arm.rtsarm.aem4 : LoggerBuf.oem4 (.text:xdc_runtime_LoggerBuf_reset__E)
                  2000f724    00000020                                : Registry.oem4 (.text:xdc_runtime_Registry_findById__E)
                  2000f744    00000020                                : SysMin.oem4 (.text:xdc_runtime_SysMin_Module_startup__E)
                  2000f764    0000001e     driverlib.a : uart.obj (.text:UARTCharPut)
                  2000f782    0000001e     sysbios.aem4 : m3_Hwi_asm_switch.obj (.text:ti_sysbios_family_xxx_Hwi_switchAndRunFunc)
                  2000f7a0    0000001c     simplelink.a : driver.obj (.text:_SlDrvObjDeInit)
                  2000f7bc    0000001c     rtsv7M4_T_le_eabi.lib : memccpy.obj (.text)
                  2000f7d8    0000001c     app_pem4.oem4 (.text:ti_sysbios_BIOS_rtsLock__I)
                  2000f7f4    0000001c     sysbios.aem4 : BIOS.obj (.text:ti_sysbios_family_arm_m3_Hwi_setPriority__E)
                  2000f810    0000001c                  : BIOS.obj (.text:ti_sysbios_gates_GateMutex_Instance_init__E)
                  2000f82c    0000001c     app_pem4.oem4 (.text:ti_sysbios_knl_Queue_Object__destruct__S)
                  2000f848    0000001c     driverlib.a : udma.obj (.text:uDMAChannelEnable)
                  2000f864    0000001c     ti.targets.arm.rtsarm.aem4 : Error.oem4 (.text:xdc_runtime_Error_raiseX__E)
                  2000f880    0000001c                                : Memory.oem4 (.text:xdc_runtime_Memory_valloc__E)
                  2000f89c    0000001c                                : SysMin.oem4 (.text:xdc_runtime_SysMin_exit__E)
                  2000f8b8    0000001c                                : System.oem4 (.text:xdc_runtime_System_abort__E)
                  2000f8d4    0000001a     simplelink.a : netapp.obj (.text:CopyPingResultsToReport)
                  2000f8ee    0000001a     driverlib.a : gpio.obj (.text:GPIOIntEnable)
                  2000f908    0000001a                 : pin.obj (.text:PinTypeUART)
                  2000f922    0000001a                 : spi.obj (.text:SPIDmaDisable)
                  2000f93c    0000001a                 : spi.obj (.text:SPIDmaEnable)
                  2000f956    0000001a                 : spi.obj (.text:SPIFIFODisable)
                  2000f970    0000001a                 : spi.obj (.text:SPIFIFOEnable)
                  2000f98a    0000001a     simplelink.a : device.obj (.text:_SlDrvDeviceEventHandler)
                  2000f9a4    0000001a     app_pem4.oem4 (.text:ti_sysbios_family_arm_m3_Hwi_Handle__label__S)
                  2000f9be    0000001a     sysbios.aem4 : m3_Hwi_asm.obj (.text:ti_sysbios_family_arm_m3_Hwi_pendSV__I)
                  2000f9d8    0000001a     app_pem4.oem4 (.text:ti_sysbios_gates_GateHwi_Handle__label__S)
                  2000f9f2    0000001a     app_pem4.oem4 (.text:ti_sysbios_gates_GateMutex_Handle__label__S)
                  2000fa0c    0000001a     app_pem4.oem4 (.text:ti_sysbios_heaps_HeapMem_Handle__label__S)
                  2000fa26    0000001a     app_pem4.oem4 (.text:ti_sysbios_knl_Swi_Handle__label__S)
                  2000fa40    0000001a     app_pem4.oem4 (.text:ti_sysbios_knl_Task_Handle__label__S)
                  2000fa5a    0000001a     sysbios.aem4 : BIOS.obj (.text:ti_sysbios_knl_Task_sleepTimeout__I)
                  2000fa74    0000001a     app_pem4.oem4 (.text:xdc_runtime_LoggerBuf_Handle__label__S)
                  2000fa8e    0000001a     app_pem4.oem4 (.text:xdc_runtime_System_aprintf__E)
                  2000faa8    0000001a     app_pem4.oem4 (.text:xdc_runtime_System_printf__E)
                  2000fac2    00000018     driverlib.a : gpio.obj (.text:GPIOPinRead)
                  2000fada    00000018                 : spi.obj (.text:SPICSDisable)
                  2000faf2    00000018                 : spi.obj (.text:SPICSEnable)
                  2000fb0a    00000018                 : spi.obj (.text:SPIDisable)
                  2000fb22    00000018                 : spi.obj (.text:SPIEnable)
                  2000fb3a    00000018     app_pem4.oem4 (.text:free)
                  2000fb52    00000002     --HOLE-- [fill = 0]
                  2000fb54    00000018     rtsv7M4_T_le_eabi.lib : args_main.obj (.text)
                  2000fb6c    00000018                           : ll_mul_t2.obj (.text)
                  2000fb84    00000018     app_pem4.oem4 (.text:ti_sysbios_BIOS_rtsUnlock__I)
                  2000fb9c    00000018     app_pem4.oem4 (.text:ti_sysbios_family_arm_m3_Hwi_Module__startupDone__F)
                  2000fbb4    00000018     app_pem4.oem4 (.text:ti_sysbios_family_arm_m3_Timer_Module__startupDone__F)
                  2000fbcc    00000018     sysbios.aem4 : BIOS.obj (.text:ti_sysbios_gates_GateMutex_leave__E)
                  2000fbe4    00000018     ti.targets.arm.rtsarm.aem4 : Error.oem4 (.text:xdc_runtime_Error_check__E)
                  2000fbfc    00000018                                : System.oem4 (.text:xdc_runtime_System_exit__E)
                  2000fc14    00000018                                : Text.oem4 (.text:xdc_runtime_Text_ropeText__E)
                  2000fc2c    00000016     driverlib.a : prcm.obj (.text:PRCMHIBRegRead)
                  2000fc42    00000016                 : prcm.obj (.text:PRCMHIBRegWrite)
                  2000fc58    00000016                 : uart.obj (.text:UARTCharGet)
                  2000fc6e    00000016     app_pem4.oem4 (.text:ti_sysbios_BIOS_exitFunc__I)
                  2000fc84    00000014     driverlib.a : cpu.obj (.text:CPUcpsie)
                  2000fc98    00000014                 : gpio.obj (.text:GPIOIntClear)
                  2000fcac    00000014     simplelink.a : driver.obj (.text:_SlDrvShiftDWord)
                  2000fcc0    00000014     rtsv7M4_T_le_eabi.lib : _lock.obj (.text)
                  2000fcd4    00000014                           : strlen.obj (.text)
                  2000fce8    00000014     app_pem4.oem4 (.text:ti_sysbios_family_arm_m3_Hwi_Object__get__S)
                  2000fcfc    00000014     sysbios.aem4 : BIOS.obj (.text:ti_sysbios_family_arm_m3_Hwi_switchFromBootStack__E)
                  2000fd10    00000014     app_pem4.oem4 (.text:ti_sysbios_heaps_HeapMem_Object__get__S)
                  2000fd24    00000014     app_pem4.oem4 (.text:ti_sysbios_knl_Swi_Object__get__S)
                  2000fd38    00000014     app_pem4.oem4 (.text:xdc_runtime_LoggerBuf_Object__get__S)
                  2000fd4c    00000012     rtsv7M4_T_le_eabi.lib : copy_zero_init.obj (.text:decompress:ZI)
                  2000fd5e    00000012     simplelink.a : netapp.obj (.text:sl_NetAppMDNSUnRegisterService)
                  2000fd70    00000012     sysbios.aem4 : BIOS.obj (.text:ti_sysbios_hal_Hwi_Module_startup__E)
                  2000fd82    00000012                  : BIOS.obj (.text:ti_sysbios_hal_Timer_Module_startup__E)
                  2000fd94    00000012     ti.targets.arm.rtsarm.aem4 : LoggerBuf.oem4 (.text:xdc_runtime_LoggerBuf_Instance_finalize__E)
                  2000fda6    00000012                                : LoggerBuf.oem4 (.text:xdc_runtime_LoggerBuf_write1__E)
                  2000fdb8    00000012                                : LoggerBuf.oem4 (.text:xdc_runtime_LoggerBuf_write2__E)
                  2000fdca    00000012     app_pem4.oem4 (.text:xdc_runtime_Startup_exec__I)
                  2000fddc    00000010     simplelink.a : cc_pal.obj (.text:NwpMaskInterrupt)
                  2000fdec    00000010     rtsv7M4_T_le_eabi.lib : strcpy.obj (.text)
                  2000fdfc    00000010     sysbios.aem4 : BIOS.obj (.text:ti_sysbios_BIOS_setThreadType__E)
                  2000fe0c    00000010                  : BIOS.obj (.text:ti_sysbios_BIOS_start__E)
                  2000fe1c    00000010                  : BIOS.obj (.text:ti_sysbios_family_arm_m3_Hwi_getHandle__E)
                  2000fe2c    00000010                  : m3_TaskSupport_asm.obj (.text:ti_sysbios_family_arm_m3_TaskSupport_glue)
                  2000fe3c    00000010                  : m3_TaskSupport_asm.obj (.text:ti_sysbios_family_arm_m3_TaskSupport_swap__E)
                  2000fe4c    00000010                  : BIOS.obj (.text:ti_sysbios_gates_GateMutex_Instance_finalize__E)
                  2000fe5c    00000010     app_pem4.oem4 (.text:ti_sysbios_knl_Mailbox_Object__get__S)
                  2000fe6c    00000010     sysbios.aem4 : BIOS.obj (.text:ti_sysbios_knl_Semaphore_Instance_finalize__E)
                  2000fe7c    00000010                  : BIOS.obj (.text:ti_sysbios_knl_Swi_disable__E)
                  2000fe8c    00000010     app_pem4.oem4 (.text:ti_sysbios_knl_Task_Object__get__S)
                  2000fe9c    00000010     sysbios.aem4 : BIOS.obj (.text:ti_sysbios_knl_Task_disable__E)
                  2000feac    00000010     ti.targets.arm.rtsarm.aem4 : Gate.oem4 (.text:xdc_runtime_Gate_leaveSystem__E)
                  2000febc    00000010                                : LoggerBuf.oem4 (.text:xdc_runtime_LoggerBuf_write0__E)
                  2000fecc    00000010                                : Memory.oem4 (.text:xdc_runtime_Memory_free__E)
                  2000fedc    00000010                                : SysMin.oem4 (.text:xdc_runtime_SysMin_ready__E)
                  2000feec    00000010                                : System.oem4 (.text:xdc_runtime_System_vsnprintf__E)
                  2000fefc    00000010     app_pem4.oem4 (.text:xdc_runtime_Text_visitRope__I)
                  2000ff0c    0000000e     rtsv7M4_T_le_eabi.lib : copy_decompress_none.obj (.text:decompress:none)
                  2000ff1a    0000000e                           : xdclass.obj (.text)
                  2000ff28    0000000e     sysbios.aem4 : BIOS.obj (.text:ti_sysbios_knl_Queue_empty__E)
                  2000ff36    00000002     --HOLE-- [fill = 0]
                  2000ff38    0000000c     simplelink.a : cc_pal.obj (.text:NwpUnMaskInterrupt)
                  2000ff44    0000000c     app_pem4.oem4 (.text:ti_sysbios_family_arm_m3_Hwi_Params__init__S)
                  2000ff50    0000000c     sysbios.aem4 : BIOS.obj (.text:ti_sysbios_family_arm_m3_Hwi_disableFxn__E)
                  2000ff5c    0000000c                  : BIOS.obj (.text:ti_sysbios_family_arm_m3_TaskSupport_checkStack__E)
                  2000ff68    0000000c                  : BIOS.obj (.text:ti_sysbios_family_arm_m3_TaskSupport_getStackAlignment__E)
                  2000ff74    0000000c                  : BIOS.obj (.text:ti_sysbios_gates_GateHwi_enter__E)
                  2000ff80    0000000c     app_pem4.oem4 (.text:ti_sysbios_knl_Queue_Object__get__S)
                  2000ff8c    0000000c     app_pem4.oem4 (.text:ti_sysbios_knl_Semaphore_Params__init__S)
                  2000ff98    0000000c     app_pem4.oem4 (.text:ti_sysbios_knl_Task_Params__init__S)
                  2000ffa4    0000000c     ti.targets.arm.rtsarm.aem4 : Error.oem4 (.text:xdc_runtime_Error_init__E)
                  2000ffb0    0000000c                                : Gate.oem4 (.text:xdc_runtime_Gate_enterSystem__E)
                  2000ffbc    0000000c                                : Memory.oem4 (.text:xdc_runtime_Memory_calloc__E)
                  2000ffc8    0000000c                                : Memory.oem4 (.text:xdc_runtime_Memory_getMaxDefaultTypeAlign__E)
                  2000ffd4    0000000a     driverlib.a : interrupt.obj (.text:IntMasterEnable)
                  2000ffde    0000000a     app_pem4.oem4 (.text:xdc_runtime_IHeap_alloc)
                  2000ffe8    0000000a     app_pem4.oem4 (.text:xdc_runtime_IHeap_free)
                  2000fff2    0000000a     ti.targets.arm.rtsarm.aem4 : LoggerBuf.oem4 (.text:xdc_runtime_LoggerBuf_disable__E)
                  2000fffc    0000000a                                : LoggerBuf.oem4 (.text:xdc_runtime_LoggerBuf_enable__E)
                  20010006    00000008     simplelink.a : wlan.obj (.text:sl_WlanDisconnect)
                  2001000e    00000008     sysbios.aem4 : BIOS.obj (.text:ti_sysbios_family_arm_m3_Hwi_doSwiRestore__I)
                  20010016    00000008                  : BIOS.obj (.text:ti_sysbios_family_arm_m3_Hwi_startup__E)
                  2001001e    00000008                  : BIOS.obj (.text:ti_sysbios_knl_Idle_loop__E)
                  20010026    00000006     driverlib.a : utils.obj (.text:UtilsDelay)
                  2001002c    00000006     ti.targets.arm.rtsarm.aem4 : xdc_noinit.oem4 (.text:__xdc__init)
                  20010032    00000006     rtsv7M4_T_le_eabi.lib : copy_decompress_rle.obj (.text:decompress:rle24)
                  20010038    00000006     sysbios.aem4 : BIOS.obj (.text:ti_sysbios_family_arm_m3_Hwi_restoreFxn__E)
                  2001003e    00000006                  : BIOS.obj (.text:ti_sysbios_gates_GateHwi_leave__E)
                  20010044    00000006                  : BIOS.obj (.text:ti_sysbios_heaps_HeapMem_isBlocking__E)
                  2001004a    00000006                  : BIOS.obj (.text:ti_sysbios_knl_Queue_Instance_init__E)
                  20010050    00000006     ti.targets.arm.rtsarm.aem4 : System.oem4 (.text:xdc_runtime_System_Module_startup__E)
                  20010056    00000004                                : LoggerBuf.oem4 (.text:LoggerBuf_instanceStartup)
                  2001005a    00000004     app_pem4.oem4 (.text:ti_sysbios_BIOS_RtsGateProxy_enter__E)
                  2001005e    00000004     app_pem4.oem4 (.text:ti_sysbios_BIOS_RtsGateProxy_leave__E)
                  20010062    00000004     app_pem4.oem4 (.text:ti_sysbios_family_arm_m3_Hwi_delete)
                  20010066    00000004     app_pem4.oem4 (.text:ti_sysbios_family_arm_m3_TaskSupport_Module__startupDone__S)
                  2001006a    00000004     sysbios.aem4 : BIOS.obj (.text:ti_sysbios_family_arm_m3_Timer_getMaxTicks__E)
                  2001006e    00000004                  : BIOS.obj (.text:ti_sysbios_gates_GateHwi_query__E)
                  20010072    00000004                  : BIOS.obj (.text:ti_sysbios_gates_GateMutex_query__E)
                  20010076    00000004     app_pem4.oem4 (.text:ti_sysbios_hal_Hwi_HwiProxy_Module__startupDone__S)
                  2001007a    00000004     app_pem4.oem4 (.text:ti_sysbios_hal_Timer_TimerProxy_Module__startupDone__S)
                  2001007e    00000004     app_pem4.oem4 (.text:ti_sysbios_heaps_HeapMem_Module_GateProxy_enter__E)
                  20010082    00000004     app_pem4.oem4 (.text:ti_sysbios_heaps_HeapMem_Module_GateProxy_leave__E)
                  20010086    00000004     app_pem4.oem4 (.text:ti_sysbios_knl_Clock_TimerProxy_Module__startupDone__S)
                  2001008a    00000004     app_pem4.oem4 (.text:ti_sysbios_knl_Clock_TimerProxy_getMaxTicks__E)
                  2001008e    00000004     app_pem4.oem4 (.text:ti_sysbios_knl_Mailbox_delete)
                  20010092    00000004     app_pem4.oem4 (.text:ti_sysbios_knl_Queue_destruct)
                  20010096    00000004     app_pem4.oem4 (.text:ti_sysbios_knl_Semaphore_delete)
                  2001009a    00000004     app_pem4.oem4 (.text:ti_sysbios_knl_Semaphore_destruct)
                  2001009e    00000004     app_pem4.oem4 (.text:ti_sysbios_knl_Task_SupportProxy_Module__startupDone__S)
                  200100a2    00000004     app_pem4.oem4 (.text:ti_sysbios_knl_Task_delete)
                  200100a6    00000004     sysbios.aem4 : BIOS.obj (.text:ti_sysbios_knl_Task_startup__E)
                  200100aa    00000004     ti.targets.arm.rtsarm.aem4 : Error.oem4 (.text:xdc_runtime_Error_getSite__E)
                  200100ae    00000004     app_pem4.oem4 (.text:xdc_runtime_LoggerBuf_Module_GateProxy_enter__E)
                  200100b2    00000004     app_pem4.oem4 (.text:xdc_runtime_LoggerBuf_Module_GateProxy_leave__E)
                  200100b6    00000004     app_pem4.oem4 (.text:xdc_runtime_Memory_HeapProxy_alloc__E)
                  200100ba    00000004     app_pem4.oem4 (.text:xdc_runtime_Memory_HeapProxy_free__E)
                  200100be    00000004     app_pem4.oem4 (.text:xdc_runtime_System_Module_GateProxy_enter__E)
                  200100c2    00000004     app_pem4.oem4 (.text:xdc_runtime_System_Module_GateProxy_leave__E)
                  200100c6    00000004     ti.targets.arm.rtsarm.aem4 : System.oem4 (.text:xdc_runtime_System_aprintf_va__F)
                  200100ca    00000004                                : System.oem4 (.text:xdc_runtime_System_printf_va__F)

.const     0    200100d0    000024ac     
                  200100d0    0000178e     app_pem4.oem4 (.const:xdc_runtime_Text_charTab__A)
                  2001185e    00000102     rtsv7M4_T_le_eabi.lib : ctype.obj (.const:.string:_ctypes_)
                  20011960    00000100     driverlib.a : pin.obj (.const:g_ulPinToPadMap)
                  20011a60    000000ec     simplelink.a : wlan.obj (.const)
                  20011b4c    000000b8     app_pem4.oem4 (.const:xdc_runtime_Text_nodeTab__A)
                  20011c04    000000a8     driverlib.a : prcm.obj (.const:PRCM_PeriphRegsList)
                  20011cac    00000088     main.obj (.const)
                  20011d34    00000080     driverlib.a : interrupt.obj (.const)
                  20011db4    0000004c     simplelink.a : driver.obj (.const)
                  20011e00    00000048     app_pem4.oem4 (.const:.string)
                  20011e48    0000003c     main.obj (.const:.string)
                  20011e84    0000003c     app_pem4.oem4 (.const:ti_sysbios_knl_Task_Object__PARAMS__C)
                  20011ec0    0000003c     app_pem4.oem4 (.const:xdc_runtime_LoggerBuf_Module__FXNS__C)
                  20011efc    00000034     app_pem4.oem4 (.const:ti_sysbios_knl_Mailbox_Object__PARAMS__C)
                  20011f30    00000030     app_pem4.oem4 (.const:ti_sysbios_family_arm_m3_Hwi_Object__PARAMS__C)
                  20011f60    00000030     app_pem4.oem4 (.const:xdc_runtime_Startup_sfxnTab__A)
                  20011f90    0000002c     main.obj (.const:$P$T1$2)
                  20011fbc    00000028     simplelink.a : netapp.obj (.const)
                  20011fe4    00000028     app_pem4.oem4 (.const:ti_sysbios_heaps_HeapMem_Module__FXNS__C)
                  2001200c    00000024     app_pem4.oem4 (.const:ti_sysbios_gates_GateHwi_Module__FXNS__C)
                  20012030    00000024     app_pem4.oem4 (.const:ti_sysbios_gates_GateMutex_Module__FXNS__C)
                  20012054    00000024     app_pem4.oem4 (.const:ti_sysbios_heaps_HeapMem_Object__PARAMS__C)
                  20012078    00000024     app_pem4.oem4 (.const:ti_sysbios_knl_Semaphore_Object__PARAMS__C)
                  2001209c    00000024     app_pem4.oem4 (.const:xdc_runtime_LoggerBuf_Object__PARAMS__C)
                  200120c0    00000022     main.obj (.const:.string:$P$T0$1)
                  200120e2    00000002     app_pem4.oem4 (.const:ti_sysbios_family_arm_m3_Hwi_Module__id__C)
                  200120e4    00000020     app_pem4.oem4 (.const:ti_sysbios_family_arm_m3_Hwi_Object__DESC__C)
                  20012104    00000020     app_pem4.oem4 (.const:ti_sysbios_gates_GateHwi_Object__DESC__C)
                  20012124    00000020     app_pem4.oem4 (.const:ti_sysbios_gates_GateMutex_Object__DESC__C)
                  20012144    00000020     app_pem4.oem4 (.const:ti_sysbios_heaps_HeapMem_Object__DESC__C)
                  20012164    00000020     app_pem4.oem4 (.const:ti_sysbios_knl_Mailbox_Object__DESC__C)
                  20012184    00000020     app_pem4.oem4 (.const:ti_sysbios_knl_Queue_Object__DESC__C)
                  200121a4    00000020     app_pem4.oem4 (.const:ti_sysbios_knl_Semaphore_Object__DESC__C)
                  200121c4    00000020     app_pem4.oem4 (.const:ti_sysbios_knl_Task_Object__DESC__C)
                  200121e4    00000020     app_pem4.oem4 (.const:xdc_runtime_LoggerBuf_Object__DESC__C)
                  20012204    00000018     driverlib.a : spi.obj (.const)
                  2001221c    00000018     app_pem4.oem4 (.const:ti_sysbios_gates_GateHwi_Object__PARAMS__C)
                  20012234    00000018     app_pem4.oem4 (.const:ti_sysbios_gates_GateMutex_Object__PARAMS__C)
                  2001224c    00000018     app_pem4.oem4 (.const:ti_sysbios_knl_Queue_Object__PARAMS__C)
                  20012264    00000018     app_pem4.oem4 (.const:xdc_runtime_Startup_sfxnRts__A)
                  2001227c    00000014     simplelink.a : device.obj (.const)
                  20012290    00000011     ti.targets.arm.rtsarm.aem4 : System.oem4 (.const:.string)
                  200122a1    00000001     app_pem4.oem4 (.const:xdc_runtime_Error_policy__C)
                  200122a2    00000002     app_pem4.oem4 (.const:ti_sysbios_family_arm_m3_Hwi_Module__loggerDefined__C)
                  200122a4    0000000c     app_pem4.oem4 (.const:xdc_runtime_Startup_firstFxns__A)
                  200122b0    00000008     simplelink.a : netcfg.obj (.const)
                  200122b8    00000008     app_pem4.oem4 (.const:ti_sysbios_family_arm_m3_Hwi_excHookFuncs__A)
                  200122c0    00000008     app_pem4.oem4 (.const:ti_sysbios_knl_Idle_funcList__C)
                  200122c8    00000008     app_pem4.oem4 (.const:xdc_runtime_Startup_firstFxns__C)
                  200122d0    00000008     app_pem4.oem4 (.const:xdc_runtime_Startup_lastFxns__C)
                  200122d8    00000004     app_pem4.oem4 (.const:ti_sysbios_family_arm_m3_Hwi_E_NMI__C)
                  200122dc    00000004     app_pem4.oem4 (.const:ti_sysbios_family_arm_m3_Hwi_E_alreadyDefined__C)
                  200122e0    00000004     app_pem4.oem4 (.const:ti_sysbios_family_arm_m3_Hwi_E_busFault__C)
                  200122e4    00000004     app_pem4.oem4 (.const:ti_sysbios_family_arm_m3_Hwi_E_debugMon__C)
                  200122e8    00000004     app_pem4.oem4 (.const:ti_sysbios_family_arm_m3_Hwi_E_hardFault__C)
                  200122ec    00000004     app_pem4.oem4 (.const:ti_sysbios_family_arm_m3_Hwi_E_memFault__C)
                  200122f0    00000004     app_pem4.oem4 (.const:ti_sysbios_family_arm_m3_Hwi_E_noIsr__C)
                  200122f4    00000004     app_pem4.oem4 (.const:ti_sysbios_family_arm_m3_Hwi_E_reserved__C)
                  200122f8    00000004     app_pem4.oem4 (.const:ti_sysbios_family_arm_m3_Hwi_E_svCall__C)
                  200122fc    00000004     app_pem4.oem4 (.const:ti_sysbios_family_arm_m3_Hwi_E_usageFault__C)
                  20012300    00000004     app_pem4.oem4 (.const:ti_sysbios_family_arm_m3_Hwi_LD_end__C)
                  20012304    00000004     app_pem4.oem4 (.const:ti_sysbios_family_arm_m3_Hwi_LM_begin__C)
                  20012308    00000004     app_pem4.oem4 (.const:ti_sysbios_family_arm_m3_Hwi_Module__diagsEnabled__C)
                  2001230c    00000004     app_pem4.oem4 (.const:ti_sysbios_family_arm_m3_Hwi_Module__diagsIncluded__C)
                  20012310    00000004     app_pem4.oem4 (.const:ti_sysbios_family_arm_m3_Hwi_Module__diagsMask__C)
                  20012314    00000004     app_pem4.oem4 (.const:ti_sysbios_family_arm_m3_Hwi_Module__loggerFxn1__C)
                  20012318    00000004     app_pem4.oem4 (.const:ti_sysbios_family_arm_m3_Hwi_Module__loggerFxn8__C)
                  2001231c    00000004     app_pem4.oem4 (.const:ti_sysbios_family_arm_m3_Hwi_Module__loggerObj__C)
                  20012320    00000004     app_pem4.oem4 (.const:ti_sysbios_family_arm_m3_Hwi_NUM_INTERRUPTS__C)
                  20012324    00000004     app_pem4.oem4 (.const:ti_sysbios_family_arm_m3_Hwi_Object__count__C)
                  20012328    00000004     app_pem4.oem4 (.const:ti_sysbios_family_arm_m3_Hwi_ccr__C)
                  2001232c    00000004     app_pem4.oem4 (.const:ti_sysbios_family_arm_m3_Hwi_excHandlerFunc__C)
                  20012330    00000004     app_pem4.oem4 (.const:ti_sysbios_family_arm_m3_Hwi_excHookFuncs__C)
                  20012334    00000004     app_pem4.oem4 (.const:ti_sysbios_family_arm_m3_Hwi_nullIsrFunc__C)
                  20012338    00000004     app_pem4.oem4 (.const:ti_sysbios_family_arm_m3_Hwi_priGroup__C)
                  2001233c    00000004     app_pem4.oem4 (.const:ti_sysbios_family_arm_m3_TaskSupport_stackAlignment__C)
                  20012340    00000004     app_pem4.oem4 (.const:ti_sysbios_family_arm_m3_Timer_E_cannotSupport__C)
                  20012344    00000004     app_pem4.oem4 (.const:ti_sysbios_family_arm_m3_Timer_startupNeeded__C)
                  20012348    00000004     app_pem4.oem4 (.const:ti_sysbios_gates_GateMutex_A_badContext__C)
                  2001234c    00000004     app_pem4.oem4 (.const:ti_sysbios_gates_GateMutex_Instance_State_sem__O)
                  20012350    00000004     app_pem4.oem4 (.const:ti_sysbios_gates_GateMutex_Module__diagsEnabled__C)
                  20012354    00000004     app_pem4.oem4 (.const:ti_sysbios_gates_GateMutex_Module__diagsIncluded__C)
                  20012358    00000004     app_pem4.oem4 (.const:ti_sysbios_gates_GateMutex_Module__diagsMask__C)
                  2001235c    00000004     app_pem4.oem4 (.const:ti_sysbios_hal_Hwi_E_stackOverflow__C)
                  20012360    00000004     app_pem4.oem4 (.const:ti_sysbios_heaps_HeapMem_A_align__C)
                  20012364    00000004     app_pem4.oem4 (.const:ti_sysbios_heaps_HeapMem_A_heapSize__C)
                  20012368    00000004     app_pem4.oem4 (.const:ti_sysbios_heaps_HeapMem_A_invalidFree__C)
                  2001236c    00000004     app_pem4.oem4 (.const:ti_sysbios_heaps_HeapMem_A_zeroBlock__C)
                  20012370    00000004     app_pem4.oem4 (.const:ti_sysbios_heaps_HeapMem_E_memory__C)
                  20012374    00000004     app_pem4.oem4 (.const:ti_sysbios_heaps_HeapMem_Module__diagsEnabled__C)
                  20012378    00000004     app_pem4.oem4 (.const:ti_sysbios_heaps_HeapMem_Module__diagsIncluded__C)
                  2001237c    00000004     app_pem4.oem4 (.const:ti_sysbios_heaps_HeapMem_Module__diagsMask__C)
                  20012380    00000004     app_pem4.oem4 (.const:ti_sysbios_heaps_HeapMem_Module__gateObj__C)
                  20012384    00000004     app_pem4.oem4 (.const:ti_sysbios_heaps_HeapMem_Object__count__C)
                  20012388    00000004     app_pem4.oem4 (.const:ti_sysbios_heaps_HeapMem_reqAlign__C)
                  2001238c    00000004     app_pem4.oem4 (.const:ti_sysbios_knl_Clock_LM_begin__C)
                  20012390    00000004     app_pem4.oem4 (.const:ti_sysbios_knl_Clock_LM_tick__C)
                  20012394    00000004     app_pem4.oem4 (.const:ti_sysbios_knl_Clock_LW_delayed__C)
                  20012398    00000004     app_pem4.oem4 (.const:ti_sysbios_knl_Clock_Module_State_clockQ__O)
                  2001239c    00000004     app_pem4.oem4 (.const:ti_sysbios_knl_Clock_Module__diagsEnabled__C)
                  200123a0    00000004     app_pem4.oem4 (.const:ti_sysbios_knl_Clock_Module__diagsIncluded__C)
                  200123a4    00000004     app_pem4.oem4 (.const:ti_sysbios_knl_Clock_Module__diagsMask__C)
                  200123a8    00000004     app_pem4.oem4 (.const:ti_sysbios_knl_Clock_Module__loggerFxn1__C)
                  200123ac    00000004     app_pem4.oem4 (.const:ti_sysbios_knl_Clock_Module__loggerFxn2__C)
                  200123b0    00000004     app_pem4.oem4 (.const:ti_sysbios_knl_Clock_Module__loggerObj__C)
                  200123b4    00000004     app_pem4.oem4 (.const:ti_sysbios_knl_Clock_tickPeriod__C)
                  200123b8    00000004     app_pem4.oem4 (.const:ti_sysbios_knl_Idle_funcList__A)
                  200123bc    00000004     app_pem4.oem4 (.const:ti_sysbios_knl_Mailbox_A_invalidBufSize__C)
                  200123c0    00000004     app_pem4.oem4 (.const:ti_sysbios_knl_Mailbox_Instance_State_dataQue__O)
                  200123c4    00000004     app_pem4.oem4 (.const:ti_sysbios_knl_Mailbox_Instance_State_dataSem__O)
                  200123c8    00000004     app_pem4.oem4 (.const:ti_sysbios_knl_Mailbox_Instance_State_freeQue__O)
                  200123cc    00000004     app_pem4.oem4 (.const:ti_sysbios_knl_Mailbox_Instance_State_freeSem__O)
                  200123d0    00000004     app_pem4.oem4 (.const:ti_sysbios_knl_Mailbox_Module__diagsEnabled__C)
                  200123d4    00000004     app_pem4.oem4 (.const:ti_sysbios_knl_Mailbox_Module__diagsIncluded__C)
                  200123d8    00000004     app_pem4.oem4 (.const:ti_sysbios_knl_Mailbox_Module__diagsMask__C)
                  200123dc    00000004     app_pem4.oem4 (.const:ti_sysbios_knl_Mailbox_Object__count__C)
                  200123e0    00000004     app_pem4.oem4 (.const:ti_sysbios_knl_Mailbox_maxTypeAlign__C)
                  200123e4    00000004     app_pem4.oem4 (.const:ti_sysbios_knl_Semaphore_A_badContext__C)
                  200123e8    00000004     app_pem4.oem4 (.const:ti_sysbios_knl_Semaphore_A_noEvents__C)
                  200123ec    00000004     app_pem4.oem4 (.const:ti_sysbios_knl_Semaphore_A_overflow__C)
                  200123f0    00000004     app_pem4.oem4 (.const:ti_sysbios_knl_Semaphore_A_pendTaskDisabled__C)
                  200123f4    00000004     app_pem4.oem4 (.const:ti_sysbios_knl_Semaphore_Instance_State_pendQ__O)
                  200123f8    00000004     app_pem4.oem4 (.const:ti_sysbios_knl_Semaphore_LM_pend__C)
                  200123fc    00000004     app_pem4.oem4 (.const:ti_sysbios_knl_Semaphore_LM_post__C)
                  20012400    00000004     app_pem4.oem4 (.const:ti_sysbios_knl_Semaphore_Module__diagsEnabled__C)
                  20012404    00000004     app_pem4.oem4 (.const:ti_sysbios_knl_Semaphore_Module__diagsIncluded__C)
                  20012408    00000004     app_pem4.oem4 (.const:ti_sysbios_knl_Semaphore_Module__diagsMask__C)
                  2001240c    00000004     app_pem4.oem4 (.const:ti_sysbios_knl_Semaphore_Module__loggerFxn2__C)
                  20012410    00000004     app_pem4.oem4 (.const:ti_sysbios_knl_Semaphore_Module__loggerFxn4__C)
                  20012414    00000004     app_pem4.oem4 (.const:ti_sysbios_knl_Semaphore_Module__loggerObj__C)
                  20012418    00000004     app_pem4.oem4 (.const:ti_sysbios_knl_Swi_LD_end__C)
                  2001241c    00000004     app_pem4.oem4 (.const:ti_sysbios_knl_Swi_LM_begin__C)
                  20012420    00000004     app_pem4.oem4 (.const:ti_sysbios_knl_Swi_LM_post__C)
                  20012424    00000004     app_pem4.oem4 (.const:ti_sysbios_knl_Swi_Module__diagsEnabled__C)
                  20012428    00000004     app_pem4.oem4 (.const:ti_sysbios_knl_Swi_Module__diagsIncluded__C)
                  2001242c    00000004     app_pem4.oem4 (.const:ti_sysbios_knl_Swi_Module__diagsMask__C)
                  20012430    00000004     app_pem4.oem4 (.const:ti_sysbios_knl_Swi_Module__loggerFxn1__C)
                  20012434    00000004     app_pem4.oem4 (.const:ti_sysbios_knl_Swi_Module__loggerFxn4__C)
                  20012438    00000004     app_pem4.oem4 (.const:ti_sysbios_knl_Swi_Module__loggerObj__C)
                  2001243c    00000004     app_pem4.oem4 (.const:ti_sysbios_knl_Swi_Object__count__C)
                  20012440    00000004     app_pem4.oem4 (.const:ti_sysbios_knl_Task_A_badPriority__C)
                  20012444    00000004     app_pem4.oem4 (.const:ti_sysbios_knl_Task_A_badTaskState__C)
                  20012448    00000004     app_pem4.oem4 (.const:ti_sysbios_knl_Task_A_badThreadType__C)
                  2001244c    00000004     app_pem4.oem4 (.const:ti_sysbios_knl_Task_A_badTimeout__C)
                  20012450    00000004     app_pem4.oem4 (.const:ti_sysbios_knl_Task_A_noPendElem__C)
                  20012454    00000004     app_pem4.oem4 (.const:ti_sysbios_knl_Task_A_sleepTaskDisabled__C)
                  20012458    00000004     app_pem4.oem4 (.const:ti_sysbios_knl_Task_E_spOutOfBounds__C)
                  2001245c    00000004     app_pem4.oem4 (.const:ti_sysbios_knl_Task_E_stackOverflow__C)
                  20012460    00000004     app_pem4.oem4 (.const:ti_sysbios_knl_Task_LD_block__C)
                  20012464    00000004     app_pem4.oem4 (.const:ti_sysbios_knl_Task_LD_exit__C)
                  20012468    00000004     app_pem4.oem4 (.const:ti_sysbios_knl_Task_LD_ready__C)
                  2001246c    00000004     app_pem4.oem4 (.const:ti_sysbios_knl_Task_LM_sleep__C)
                  20012470    00000004     app_pem4.oem4 (.const:ti_sysbios_knl_Task_LM_switch__C)
                  20012474    00000004     app_pem4.oem4 (.const:ti_sysbios_knl_Task_Module_State_inactiveQ__O)
                  20012478    00000004     app_pem4.oem4 (.const:ti_sysbios_knl_Task_Module__diagsEnabled__C)
                  2001247c    00000004     app_pem4.oem4 (.const:ti_sysbios_knl_Task_Module__diagsIncluded__C)
                  20012480    00000004     app_pem4.oem4 (.const:ti_sysbios_knl_Task_Module__diagsMask__C)
                  20012484    00000004     app_pem4.oem4 (.const:ti_sysbios_knl_Task_Module__loggerFxn2__C)
                  20012488    00000004     app_pem4.oem4 (.const:ti_sysbios_knl_Task_Module__loggerFxn4__C)
                  2001248c    00000004     app_pem4.oem4 (.const:ti_sysbios_knl_Task_Module__loggerObj__C)
                  20012490    00000004     app_pem4.oem4 (.const:ti_sysbios_knl_Task_Object__count__C)
                  20012494    00000004     app_pem4.oem4 (.const:ti_sysbios_knl_Task_allBlockedFunc__C)
                  20012498    00000004     app_pem4.oem4 (.const:ti_sysbios_knl_Task_defaultStackHeap__C)
                  2001249c    00000004     app_pem4.oem4 (.const:ti_sysbios_knl_Task_defaultStackSize__C)
                  200124a0    00000004     app_pem4.oem4 (.const:ti_sysbios_knl_Task_numConstructedTasks__C)
                  200124a4    00000004     app_pem4.oem4 (.const:xdc_runtime_Assert_E_assertFailed__C)
                  200124a8    00000004     app_pem4.oem4 (.const:xdc_runtime_Core_A_initializedParams__C)
                  200124ac    00000004     app_pem4.oem4 (.const:xdc_runtime_Core_Module__diagsEnabled__C)
                  200124b0    00000004     app_pem4.oem4 (.const:xdc_runtime_Core_Module__diagsIncluded__C)
                  200124b4    00000004     app_pem4.oem4 (.const:xdc_runtime_Core_Module__diagsMask__C)
                  200124b8    00000004     app_pem4.oem4 (.const:xdc_runtime_Error_E_memory__C)
                  200124bc    00000004     app_pem4.oem4 (.const:xdc_runtime_Error_Module__diagsEnabled__C)
                  200124c0    00000004     app_pem4.oem4 (.const:xdc_runtime_Error_Module__diagsIncluded__C)
                  200124c4    00000004     app_pem4.oem4 (.const:xdc_runtime_Error_Module__diagsMask__C)
                  200124c8    00000004     app_pem4.oem4 (.const:xdc_runtime_Error_Module__loggerFxn8__C)
                  200124cc    00000004     app_pem4.oem4 (.const:xdc_runtime_Error_Module__loggerObj__C)
                  200124d0    00000004     app_pem4.oem4 (.const:xdc_runtime_Error_policyFxn__C)
                  200124d4    00000004     app_pem4.oem4 (.const:xdc_runtime_Error_raiseHook__C)
                  200124d8    00000004     app_pem4.oem4 (.const:xdc_runtime_IFilterLogger_Interface__BASE__C)
                  200124dc    00000004     app_pem4.oem4 (.const:xdc_runtime_IGateProvider_Interface__BASE__C)
                  200124e0    00000004     app_pem4.oem4 (.const:xdc_runtime_IHeap_Interface__BASE__C)
                  200124e4    00000004     app_pem4.oem4 (.const:xdc_runtime_ILogger_Interface__BASE__C)
                  200124e8    00000004     app_pem4.oem4 (.const:xdc_runtime_IModule_Interface__BASE__C)
                  200124ec    00000004     app_pem4.oem4 (.const:xdc_runtime_Log_L_error__C)
                  200124f0    00000004     app_pem4.oem4 (.const:xdc_runtime_LoggerBuf_E_badLevel__C)
                  200124f4    00000004     app_pem4.oem4 (.const:xdc_runtime_LoggerBuf_Module__gateObj__C)
                  200124f8    00000004     app_pem4.oem4 (.const:xdc_runtime_LoggerBuf_Object__count__C)
                  200124fc    00000004     app_pem4.oem4 (.const:xdc_runtime_LoggerBuf_statusLogger__C)
                  20012500    00000004     app_pem4.oem4 (.const:xdc_runtime_Memory_defaultHeapInstance__C)
                  20012504    00000004     app_pem4.oem4 (.const:xdc_runtime_Startup_execImpl__C)
                  20012508    00000004     app_pem4.oem4 (.const:xdc_runtime_Startup_maxPasses__C)
                  2001250c    00000004     app_pem4.oem4 (.const:xdc_runtime_Startup_sfxnRts__C)
                  20012510    00000004     app_pem4.oem4 (.const:xdc_runtime_Startup_sfxnTab__C)
                  20012514    00000004     app_pem4.oem4 (.const:xdc_runtime_SysMin_bufSize__C)
                  20012518    00000004     app_pem4.oem4 (.const:xdc_runtime_SysMin_outputFunc__C)
                  2001251c    00000004     app_pem4.oem4 (.const:xdc_runtime_System_Module__gateObj__C)
                  20012520    00000004     app_pem4.oem4 (.const:xdc_runtime_System_abortFxn__C)
                  20012524    00000004     app_pem4.oem4 (.const:xdc_runtime_System_exitFxn__C)
                  20012528    00000004     app_pem4.oem4 (.const:xdc_runtime_System_extendFxn__C)
                  2001252c    00000004     app_pem4.oem4 (.const:xdc_runtime_System_maxAtexitHandlers__C)
                  20012530    00000004     app_pem4.oem4 (.const:xdc_runtime_Text_charTab__C)
                  20012534    00000004     app_pem4.oem4 (.const:xdc_runtime_Text_nameEmpty__C)
                  20012538    00000004     app_pem4.oem4 (.const:xdc_runtime_Text_nameStatic__C)
                  2001253c    00000004     app_pem4.oem4 (.const:xdc_runtime_Text_nameUnknown__C)
                  20012540    00000004     app_pem4.oem4 (.const:xdc_runtime_Text_nodeTab__C)
                  20012544    00000004     app_pem4.oem4 (.const:xdc_runtime_Text_visitRopeFxn__C)
                  20012548    00000002     app_pem4.oem4 (.const:ti_sysbios_family_arm_m3_Timer_Module__id__C)
                  2001254a    00000002     app_pem4.oem4 (.const:ti_sysbios_family_arm_m3_TimestampProvider_configTimer__C)
                  2001254c    00000002     app_pem4.oem4 (.const:ti_sysbios_gates_GateMutex_Module__id__C)
                  2001254e    00000002     app_pem4.oem4 (.const:ti_sysbios_hal_Hwi_Module__id__C)
                  20012550    00000002     app_pem4.oem4 (.const:ti_sysbios_heaps_HeapMem_Module__id__C)
                  20012552    00000002     app_pem4.oem4 (.const:ti_sysbios_knl_Clock_Module__id__C)
                  20012554    00000002     app_pem4.oem4 (.const:ti_sysbios_knl_Clock_Module__loggerDefined__C)
                  20012556    00000002     app_pem4.oem4 (.const:ti_sysbios_knl_Mailbox_Module__id__C)
                  20012558    00000002     app_pem4.oem4 (.const:ti_sysbios_knl_Semaphore_Module__id__C)
                  2001255a    00000002     app_pem4.oem4 (.const:ti_sysbios_knl_Semaphore_Module__loggerDefined__C)
                  2001255c    00000002     app_pem4.oem4 (.const:ti_sysbios_knl_Swi_Module__id__C)
                  2001255e    00000002     app_pem4.oem4 (.const:ti_sysbios_knl_Swi_Module__loggerDefined__C)
                  20012560    00000002     app_pem4.oem4 (.const:ti_sysbios_knl_Task_Module__id__C)
                  20012562    00000002     app_pem4.oem4 (.const:ti_sysbios_knl_Task_Module__loggerDefined__C)
                  20012564    00000002     app_pem4.oem4 (.const:ti_sysbios_knl_Task_initStackFlag__C)
                  20012566    00000002     app_pem4.oem4 (.const:xdc_runtime_Core_Module__id__C)
                  20012568    00000002     app_pem4.oem4 (.const:xdc_runtime_Error_Module__loggerDefined__C)
                  2001256a    00000002     app_pem4.oem4 (.const:xdc_runtime_Error_maxDepth__C)
                  2001256c    00000002     app_pem4.oem4 (.const:xdc_runtime_LoggerBuf_Module__id__C)
                  2001256e    00000002     app_pem4.oem4 (.const:xdc_runtime_LoggerBuf_filterByLevel__C)
                  20012570    00000002     app_pem4.oem4 (.const:xdc_runtime_Memory_Module__id__C)
                  20012572    00000002     app_pem4.oem4 (.const:xdc_runtime_SysMin_flushAtExit__C)
                  20012574    00000002     app_pem4.oem4 (.const:xdc_runtime_Text_charCnt__C)
                  20012576    00000002     app_pem4.oem4 (.const:xdc_runtime_Text_isLoaded__C)
                  20012578    00000002     app_pem4.oem4 (.const:xdc_runtime_Text_registryModsLastId__C)
                  2001257a    00000002     app_pem4.oem4 (.const:xdc_runtime_Text_unnamedModsLastId__C)

.cinit     0    20012580    00000370     
                  20012580    00000345     (.cinit..data.load) [load image, compression = rle]
                  200128c5    00000003     --HOLE-- [fill = 0]
                  200128c8    0000000c     (__TI_handler_table)
                  200128d4    00000004     --HOLE-- [fill = 0]
                  200128d8    00000008     (.cinit..bss.load) [load image, compression = zero_init]
                  200128e0    00000010     (__TI_cinit_table)

.bss       0    20018000    0000946f     UNINITIALIZED
                  20018000    00008000     app_pem4.oem4 (.bss:ti_sysbios_heaps_HeapMem_Instance_State_0_buf__A)
                  20020000    00000800     app_pem4.oem4 (.bss:taskStackSection)
                  20020800    00000400     app_pem4.oem4 (.bss:xdc_runtime_LoggerBuf_Instance_State_0_entryArr__A)
                  20020c00    00000400     app_pem4.oem4 (.bss:xdc_runtime_SysMin_Module_State_0_outbuf__A)
                  20021000    0000030c     app_pem4.oem4 (.bss:ti_sysbios_family_arm_m3_Hwi_dispatchTable)
                  2002130c    00000120     rtsv7M4_T_le_eabi.lib : trgmsg.obj (.bss:__CIOBUF_)
                  2002142c    00000024     main.obj (.bss:g_ucConnectionSSID)
                  20021450    00000008     (.common:g_ucConnectionBSSID)
                  20021458    00000008     (.common:parmbuf)
                  20021460    00000004     (.common:SimpleLinkSpawnTaskHndl)
                  20021464    00000004     (.common:__Errorlog)
                  20021468    00000004     (.common:simpleLink_mailbox)
                  2002146c    00000001     (.common:g_ucLED1Pin)
                  2002146d    00000001     (.common:g_ucLED2Pin)
                  2002146e    00000001     (.common:g_ucLED3Pin)

.data      0    20021470    00000630     UNINITIALIZED
                  20021470    00000184     simplelink.a : driver.obj (.data)
                  200215f4    00000138     app_pem4.oem4 (.data)
                  2002172c    00000080     app_pem4.oem4 (.data:ti_sysbios_knl_Swi_Module_State_0_readyQ__A)
                  200217ac    00000080     app_pem4.oem4 (.data:ti_sysbios_knl_Task_Module_State_0_readyQ__A)
                  2002182c    00000064     simplelink.a : cc_pal.obj (.data)
                  20021890    0000004c     app_pem4.oem4 (.data:ti_sysbios_knl_Task_Object__table__V)
                  200218dc    00000044     app_pem4.oem4 (.data:ti_sysbios_knl_Task_Module__state__V)
                  20021920    00000038     app_pem4.oem4 (.data:ti_sysbios_gates_GateMutex_Object__table__V)
                  20021958    00000034     app_pem4.oem4 (.data:ti_sysbios_family_arm_m3_Hwi_Module__state__V)
                  2002198c    00000030     app_pem4.oem4 (.data:ti_sysbios_family_arm_m3_Timer_Object__table__V)
                  200219bc    00000030     app_pem4.oem4 (.data:ti_sysbios_knl_Swi_Object__table__V)
                  200219ec    0000002c     app_pem4.oem4 (.data:ti_sysbios_knl_Clock_Module__state__V)
                  20021a18    00000024     app_pem4.oem4 (.data:ti_sysbios_BIOS_Module__state__V)
                  20021a3c    00000024     app_pem4.oem4 (.data:xdc_runtime_LoggerBuf_Object__table__V)
                  20021a60    00000020     gpio_if.obj (.data)
                  20021a80    0000000c     main.obj (.data)
                  20021a8c    00000008     rtsv7M4_T_le_eabi.lib : _lock.obj (.data)
                  20021a94    00000008                           : exit.obj (.data)
                  20021a9c    00000004                           : stkdepth_vars.obj (.data)

.stack     0    2002e000    00002000     UNINITIALIZED
                  2002e000    00002000     --HOLE--


LINKER GENERATED COPY TABLES

__TI_cinit_table @ 200128e0 records: 2, size/record: 8, table size: 16
	.data: load addr=20012580, load size=00000345 bytes, run addr=20021470, run size=00000630 bytes, compression=rle
	.bss: load addr=200128d8, load size=00000008 bytes, run addr=20018000, run size=0000946f bytes, compression=zero_init


LINKER GENERATED HANDLER TABLE

__TI_handler_table @ 200128c8 records: 3, size/record: 4, table size: 12
	index: 0, handler: __TI_decompress_rle24
	index: 1, handler: __TI_decompress_none
	index: 2, handler: __TI_zero_init


GLOBAL SYMBOLS: SORTED ALPHABETICALLY BY Name 

address    name
--------   ----
2000e3b1   C$$EXIT
2000d767   C$$IO$$
2000fc85   CPUcpsie
20007de1   ClearTerm
2000f8d5   CopyPingResultsToReport
20021838   DMAMsgQ
2000f041   DmaSpiSwIntHandler
20007deb   Error
2000ebc5   GPIODirModeSet
2000fc99   GPIOIntClear
2000f8ef   GPIOIntEnable
2000cbc9   GPIOIntTypeSet
2000fac3   GPIOPinRead
2000f545   GPIOPinWrite
2000706d   GPIO_IF_ConfigureNIntEnable
200070e9   GPIO_IF_Get
20007027   GPIO_IF_GetPortNPin
20006de9   GPIO_IF_LedConfigure
20006edb   GPIO_IF_LedOff
20006e27   GPIO_IF_LedOn
20006f8f   GPIO_IF_LedStatus
20006ff9   GPIO_IF_LedToggle
200070af   GPIO_IF_Set
20007e23   GetCmd
20007d59   HOSTclock
20007d21   HOSTclose
20007ce3   HOSTgetenv
20007c87   HOSTlseek
20007c35   HOSTopen
20007be9   HOSTread
20007b8b   HOSTrename
20007b51   HOSTtime
20007b19   HOSTunlink
20007acd   HOSTwrite
20007da1   InitTerm
2000bcb5   IntEnable
2000ffd5   IntMasterEnable
2000dae9   IntPendClear
20010057   LoggerBuf_instanceStartup
20007dbf   Message
2000fddd   NwpMaskInterrupt
2000e859   NwpPowerOff
2000ee05   NwpPowerOn
2000cc4d   NwpPowerOnPreamble
2000f4bd   NwpRegisterInterruptHandler
2000ff39   NwpUnMaskInterrupt
20009ec1   PRCMCC3200MCUInit
2000fc2d   PRCMHIBRegRead
2000fc43   PRCMHIBRegWrite
2000f225   PRCMPeripheralClkDisable
2000e895   PRCMPeripheralClkEnable
2000c39d   PRCMPeripheralClockGet
2000db41   PRCMPeripheralReset
2000ebfd   PRCMPeripheralStatusGet
2000f06d   PRCMSysResetCauseGet
2000c711   PinConfigSet
2000e659   PinModeSet
2000d549   PinMuxConfig
2000ee35   PinTypeGPIO
2000f909   PinTypeUART
20007f4d   Report
UNDEFED    SHT$$INIT_ARRAY$$Base
UNDEFED    SHT$$INIT_ARRAY$$Limit
2000fadb   SPICSDisable
2000faf3   SPICSEnable
2000bf55   SPIConfigSetExpClk
2000fb0b   SPIDisable
2000f923   SPIDmaDisable
2000f93d   SPIDmaEnable
2000fb23   SPIEnable
2000f957   SPIFIFODisable
2000f971   SPIFIFOEnable
2000ec31   SPIFIFOLevelSet
2000e05d   SPIIntClear
2000de95   SPIIntEnable
2000f4df   SPIReset
2000f501   SPIWordCountSet
200044d5   SimpleLinkGeneralEventHandler
200044ad   SimpleLinkHttpServerCallback
20004417   SimpleLinkNetAppEventHandler
200044eb   SimpleLinkSockEventHandler
20021460   SimpleLinkSpawnTaskHndl
2000430d   SimpleLinkWlanEventHandler
20021890   TSK_idle
20007eb5   TrimSpace
2000fc59   UARTCharGet
2000f765   UARTCharPut
2000cfb5   UARTConfigSetExpClk
2000ee65   UARTDisable
2000f2c3   UARTEnable
20010027   UtilsDelay
2000640b   VDeleteSimpleLinkSpawnTask
200063b1   VStartSimpleLinkSpawnTask
20004de1   WlanStationMode
2000ff1b   _Dclass
2000e3f5   _Dtest
20011dc8   _SlActionLookupTable
20007141   _SlAsyncEventGenericHandler
20012288   _SlDeviceGetCmdCtrl
2001228c   _SlDeviceSetCmdCtrl
2000ec65   _SlDrvBasicCmd
2000c431   _SlDrvClassifyRxMsg
2000ca3d   _SlDrvCmdOp
2000f565   _SlDrvCmdSend
2000f98b   _SlDrvDeviceEventHandler
2000db99   _SlDrvDriverCBDeinit
2000cd4d   _SlDrvDriverCBInit
2000f099   _SlDrvFlowContDeinit
2000f0c5   _SlDrvFlowContInit
20006a05   _SlDrvMsgRead
2000b881   _SlDrvMsgReadCmdCtx
2000c681   _SlDrvMsgReadSpawnCtx
2000a6e5   _SlDrvMsgWrite
2000bb51   _SlDrvNetAppEventHandler
2000f7a1   _SlDrvObjDeInit
2000e8d1   _SlDrvObjInit
2000a905   _SlDrvReleasePoolObj
2000975d   _SlDrvRxHdrRead
2000e699   _SlDrvRxIrqHandler
2000fcad   _SlDrvShiftDWord
2000a7f9   _SlDrvWaitForPoolObj
20012284   _SlEventMaskGetCmdCtrl
20012280   _SlEventMaskSetCmdCtrl
2000c305   _SlFindAndSetActiveObj
20011fd4   _SlGetHostByNameCtrl
20011fd0   _SlGetHostByServiceCtrl
20011fc8   _SlGetServiceListeCtrl
20011fe0   _SlNetAppGetCmdCtrl
20011fdc   _SlNetAppSendTokenValueCmdCtrl
20011fd8   _SlNetAppSetCmdCtrl
20011fc0   _SlNetAppStartCtrl
20011fc4   _SlNetAppStopCtrl
200122b4   _SlNetCfgGetCmdCtrl
200122b0   _SlNetCfgSetCmdCtrl
20011a68   _SlPolicyGetCmdCtrl
20011a64   _SlPolicySetCmdCtrl
20011a70   _SlProfileDelCmdCtrl
20011a6c   _SlProfileGetCmdCtrl
20011fcc   _SlRegisterServiceCtrl
2000e6d9   _SlRemoveFromList
20011a78   _SlRxFilterAddtCmdCtrl
20011a80   _SlRxFilterGetCmdCtrl
20011a7c   _SlRxFilterSetCmdCtrl
20011a84   _SlSmartConfigStartCmdCtrl
2001227c   _SlStopCmdCtrl
20011a90   _SlWlanCfgGetCmdCtrl
20011a8c   _SlWlanCfgSetCmdCtrl
20011a74   _SlWlanGetNetworkListCtrl
20011a88   _SlWlanSetModeCmdCtrl
00000000   __ASM__
2002130c   __CIOBUF_
00000076   __ISA__
00000089   __PLAT__
20030000   __STACK_END
00002000   __STACK_SIZE
000000b0   __TARG__
200128e0   __TI_CINIT_Base
[...]
2000fe4d   ti_sysbios_gates_GateMutex_Instance_finalize__E
2000fe5d   ti_sysbios_knl_Mailbox_Object__get__S
2000fe6d   ti_sysbios_knl_Semaphore_Instance_finalize__E
2000fe7d   ti_sysbios_knl_Swi_disable__E
2000fe8d   ti_sysbios_knl_Task_Object__get__S
2000fe9d   ti_sysbios_knl_Task_disable__E
2000fead   xdc_runtime_Gate_leaveSystem__E
2000febd   xdc_runtime_LoggerBuf_write0__E
2000fecd   xdc_runtime_Memory_free__E
2000fedd   xdc_runtime_SysMin_ready__E
2000fedd   xdc_runtime_System_SupportProxy_ready__E
2000feed   xdc_runtime_System_vsnprintf__E
2000fefd   xdc_runtime_Text_visitRope__I
2000ff0d   __TI_decompress_none
2000ff1b   _Dclass
2000ff29   ti_sysbios_knl_Queue_empty__E
2000ff39   NwpUnMaskInterrupt
2000ff45   ti_sysbios_family_arm_m3_Hwi_Params__init__S
2000ff51   ti_sysbios_family_arm_m3_Hwi_disableFxn__E
2000ff51   ti_sysbios_hal_Hwi_HwiProxy_disable__E
2000ff51   ti_sysbios_hal_Hwi_disable__E
2000ff5d   ti_sysbios_family_arm_m3_TaskSupport_checkStack__E
2000ff5d   ti_sysbios_knl_Task_SupportProxy_checkStack__E
2000ff69   ti_sysbios_family_arm_m3_TaskSupport_getStackAlignment__E
2000ff69   ti_sysbios_knl_Task_SupportProxy_getStackAlignment__E
2000ff75   ti_sysbios_gates_GateHwi_enter__E
2000ff81   ti_sysbios_knl_Queue_Object__get__S
2000ff8d   ti_sysbios_knl_Semaphore_Params__init__S
2000ff99   ti_sysbios_knl_Task_Params__init__S
2000ffa5   xdc_runtime_Error_init__E
2000ffb1   xdc_runtime_Gate_enterSystem__E
2000ffbd   xdc_runtime_Memory_calloc__E
2000ffc9   xdc_runtime_Memory_getMaxDefaultTypeAlign__E
2000ffd5   IntMasterEnable
2000fff3   xdc_runtime_LoggerBuf_disable__E
2000fffd   xdc_runtime_LoggerBuf_enable__E
20010007   sl_WlanDisconnect
2001000f   ti_sysbios_family_arm_m3_Hwi_doSwiRestore__I
20010017   ti_sysbios_family_arm_m3_Hwi_startup__E
20010017   ti_sysbios_hal_Hwi_HwiProxy_startup__E
20010017   ti_sysbios_hal_Hwi_startup__E
2001001f   ti_sysbios_knl_Idle_loop__E
20010027   UtilsDelay
2001002d   __xdc__init
20010033   __TI_decompress_rle24
20010039   ti_sysbios_family_arm_m3_Hwi_restoreFxn__E
20010039   ti_sysbios_hal_Hwi_HwiProxy_restore__E
20010039   ti_sysbios_hal_Hwi_restore__E
2001003f   ti_sysbios_gates_GateHwi_leave__E
20010045   ti_sysbios_heaps_HeapMem_isBlocking__E
2001004b   ti_sysbios_knl_Queue_Instance_init__E
20010051   xdc_runtime_System_Module_startup__E
20010057   LoggerBuf_instanceStartup
2001005b   ti_sysbios_BIOS_RtsGateProxy_enter__E
2001005f   ti_sysbios_BIOS_RtsGateProxy_leave__E
20010063   ti_sysbios_family_arm_m3_Hwi_delete
20010067   ti_sysbios_family_arm_m3_TaskSupport_Module__startupDone__S
2001006b   ti_sysbios_family_arm_m3_Timer_getMaxTicks__E
2001006f   ti_sysbios_gates_GateHwi_query__E
2001006f   xdc_runtime_LoggerBuf_Module_GateProxy_query__E
2001006f   xdc_runtime_Main_Module_GateProxy_query__E
2001006f   xdc_runtime_System_Module_GateProxy_query__E
20010073   ti_sysbios_BIOS_RtsGateProxy_query__E
20010073   ti_sysbios_gates_GateMutex_query__E
20010073   ti_sysbios_heaps_HeapMem_Module_GateProxy_query__E
20010077   ti_sysbios_hal_Hwi_HwiProxy_Module__startupDone__S
2001007b   ti_sysbios_hal_Timer_TimerProxy_Module__startupDone__S
2001007f   ti_sysbios_heaps_HeapMem_Module_GateProxy_enter__E
20010083   ti_sysbios_heaps_HeapMem_Module_GateProxy_leave__E
20010087   ti_sysbios_knl_Clock_TimerProxy_Module__startupDone__S
2001008b   ti_sysbios_knl_Clock_TimerProxy_getMaxTicks__E
2001008f   ti_sysbios_knl_Mailbox_delete
20010093   ti_sysbios_knl_Queue_destruct
20010097   ti_sysbios_knl_Semaphore_delete
2001009b   ti_sysbios_knl_Semaphore_destruct
2001009f   ti_sysbios_knl_Task_SupportProxy_Module__startupDone__S
200100a3   ti_sysbios_knl_Task_delete
200100a7   ti_sysbios_knl_Task_startup__E
200100ab   xdc_runtime_Error_getSite__E
200100af   xdc_runtime_LoggerBuf_Module_GateProxy_enter__E
200100b3   xdc_runtime_LoggerBuf_Module_GateProxy_leave__E
200100b7   xdc_runtime_Memory_HeapProxy_alloc__E
200100bb   xdc_runtime_Memory_HeapProxy_free__E
200100bf   xdc_runtime_System_Module_GateProxy_enter__E
200100c3   xdc_runtime_System_Module_GateProxy_leave__E
200100c7   xdc_runtime_System_aprintf_va__F
200100cb   xdc_runtime_System_printf_va__F
200100d0   xdc_runtime_Text_charTab__A
2001185e   _ctypes_
20011a64   _SlPolicySetCmdCtrl
20011a68   _SlPolicyGetCmdCtrl
20011a6c   _SlProfileGetCmdCtrl
20011a70   _SlProfileDelCmdCtrl
20011a74   _SlWlanGetNetworkListCtrl
20011a78   _SlRxFilterAddtCmdCtrl
20011a7c   _SlRxFilterSetCmdCtrl
20011a80   _SlRxFilterGetCmdCtrl
20011a84   _SlSmartConfigStartCmdCtrl
20011a88   _SlWlanSetModeCmdCtrl
20011a8c   _SlWlanCfgSetCmdCtrl
20011a90   _SlWlanCfgGetCmdCtrl
20011b4c   xdc_runtime_Text_nodeTab__A
20011db8   g_H2NSyncPattern
20011dc0   g_H2NCnysPattern
20011dc8   _SlActionLookupTable
20011e84   ti_sysbios_knl_Task_Object__PARAMS__C
20011ec0   xdc_runtime_LoggerBuf_Module__FXNS__C
20011efc   ti_sysbios_knl_Mailbox_Object__PARAMS__C
20011f30   ti_sysbios_family_arm_m3_Hwi_Object__PARAMS__C
20011f60   xdc_runtime_Startup_sfxnTab__A
20011fc0   _SlNetAppStartCtrl
20011fc4   _SlNetAppStopCtrl
20011fc8   _SlGetServiceListeCtrl
20011fcc   _SlRegisterServiceCtrl
20011fd0   _SlGetHostByServiceCtrl
20011fd4   _SlGetHostByNameCtrl
20011fd8   _SlNetAppSetCmdCtrl
20011fdc   _SlNetAppSendTokenValueCmdCtrl
20011fe0   _SlNetAppGetCmdCtrl
20011fe4   ti_sysbios_heaps_HeapMem_Module__FXNS__C
2001200c   ti_sysbios_gates_GateHwi_Module__FXNS__C
20012030   ti_sysbios_gates_GateMutex_Module__FXNS__C
20012054   ti_sysbios_heaps_HeapMem_Object__PARAMS__C
20012078   ti_sysbios_knl_Semaphore_Object__PARAMS__C
2001209c   xdc_runtime_LoggerBuf_Object__PARAMS__C
200120e2   ti_sysbios_family_arm_m3_Hwi_Module__id__C
200120e4   ti_sysbios_family_arm_m3_Hwi_Object__DESC__C
20012104   ti_sysbios_gates_GateHwi_Object__DESC__C
20012124   ti_sysbios_gates_GateMutex_Object__DESC__C
20012144   ti_sysbios_heaps_HeapMem_Object__DESC__C
20012164   ti_sysbios_knl_Mailbox_Object__DESC__C
20012184   ti_sysbios_knl_Queue_Object__DESC__C
200121a4   ti_sysbios_knl_Semaphore_Object__DESC__C
200121c4   ti_sysbios_knl_Task_Object__DESC__C
200121e4   xdc_runtime_LoggerBuf_Object__DESC__C
2001221c   ti_sysbios_gates_GateHwi_Object__PARAMS__C
20012234   ti_sysbios_gates_GateMutex_Object__PARAMS__C
2001224c   ti_sysbios_knl_Queue_Object__PARAMS__C
20012264   xdc_runtime_Startup_sfxnRts__A
2001227c   _SlStopCmdCtrl
20012280   _SlEventMaskSetCmdCtrl
20012284   _SlEventMaskGetCmdCtrl
20012288   _SlDeviceGetCmdCtrl
2001228c   _SlDeviceSetCmdCtrl
200122a1   xdc_runtime_Error_policy__C
200122a2   ti_sysbios_family_arm_m3_Hwi_Module__loggerDefined__C
200122a4   xdc_runtime_Startup_firstFxns__A
200122b0   _SlNetCfgSetCmdCtrl
200122b4   _SlNetCfgGetCmdCtrl
200122b8   ti_sysbios_family_arm_m3_Hwi_excHookFuncs__A
200122c0   ti_sysbios_knl_Idle_funcList__C
200122c8   xdc_runtime_Startup_firstFxns__C
200122d0   xdc_runtime_Startup_lastFxns__C
200122d8   ti_sysbios_family_arm_m3_Hwi_E_NMI__C
200122dc   ti_sysbios_family_arm_m3_Hwi_E_alreadyDefined__C
200122e0   ti_sysbios_family_arm_m3_Hwi_E_busFault__C
200122e4   ti_sysbios_family_arm_m3_Hwi_E_debugMon__C
200122e8   ti_sysbios_family_arm_m3_Hwi_E_hardFault__C
200122ec   ti_sysbios_family_arm_m3_Hwi_E_memFault__C
200122f0   ti_sysbios_family_arm_m3_Hwi_E_noIsr__C
200122f4   ti_sysbios_family_arm_m3_Hwi_E_reserved__C
200122f8   ti_sysbios_family_arm_m3_Hwi_E_svCall__C
200122fc   ti_sysbios_family_arm_m3_Hwi_E_usageFault__C
20012300   ti_sysbios_family_arm_m3_Hwi_LD_end__C
20012304   ti_sysbios_family_arm_m3_Hwi_LM_begin__C
20012308   ti_sysbios_family_arm_m3_Hwi_Module__diagsEnabled__C
2001230c   ti_sysbios_family_arm_m3_Hwi_Module__diagsIncluded__C
20012310   ti_sysbios_family_arm_m3_Hwi_Module__diagsMask__C
20012314   ti_sysbios_family_arm_m3_Hwi_Module__loggerFxn1__C
20012318   ti_sysbios_family_arm_m3_Hwi_Module__loggerFxn8__C
2001231c   ti_sysbios_family_arm_m3_Hwi_Module__loggerObj__C
20012320   ti_sysbios_family_arm_m3_Hwi_NUM_INTERRUPTS__C
20012324   ti_sysbios_family_arm_m3_Hwi_Object__count__C
20012328   ti_sysbios_family_arm_m3_Hwi_ccr__C
2001232c   ti_sysbios_family_arm_m3_Hwi_excHandlerFunc__C
20012330   ti_sysbios_family_arm_m3_Hwi_excHookFuncs__C
20012334   ti_sysbios_family_arm_m3_Hwi_nullIsrFunc__C
20012338   ti_sysbios_family_arm_m3_Hwi_priGroup__C
2001233c   ti_sysbios_family_arm_m3_TaskSupport_stackAlignment__C
20012340   ti_sysbios_family_arm_m3_Timer_E_cannotSupport__C
20012344   ti_sysbios_family_arm_m3_Timer_startupNeeded__C
20012348   ti_sysbios_gates_GateMutex_A_badContext__C
2001234c   ti_sysbios_gates_GateMutex_Instance_State_sem__O
20012350   ti_sysbios_gates_GateMutex_Module__diagsEnabled__C
20012354   ti_sysbios_gates_GateMutex_Module__diagsIncluded__C
20012358   ti_sysbios_gates_GateMutex_Module__diagsMask__C
2001235c   ti_sysbios_hal_Hwi_E_stackOverflow__C
20012360   ti_sysbios_heaps_HeapMem_A_align__C
20012364   ti_sysbios_heaps_HeapMem_A_heapSize__C
20012368   ti_sysbios_heaps_HeapMem_A_invalidFree__C
2001236c   ti_sysbios_heaps_HeapMem_A_zeroBlock__C
20012370   ti_sysbios_heaps_HeapMem_E_memory__C
20012374   ti_sysbios_heaps_HeapMem_Module__diagsEnabled__C
20012378   ti_sysbios_heaps_HeapMem_Module__diagsIncluded__C
2001237c   ti_sysbios_heaps_HeapMem_Module__diagsMask__C
20012380   ti_sysbios_heaps_HeapMem_Module__gateObj__C
20012384   ti_sysbios_heaps_HeapMem_Object__count__C
20012388   ti_sysbios_heaps_HeapMem_reqAlign__C
2001238c   ti_sysbios_knl_Clock_LM_begin__C
20012390   ti_sysbios_knl_Clock_LM_tick__C
20012394   ti_sysbios_knl_Clock_LW_delayed__C
20012398   ti_sysbios_knl_Clock_Module_State_clockQ__O
2001239c   ti_sysbios_knl_Clock_Module__diagsEnabled__C
200123a0   ti_sysbios_knl_Clock_Module__diagsIncluded__C
200123a4   ti_sysbios_knl_Clock_Module__diagsMask__C
200123a8   ti_sysbios_knl_Clock_Module__loggerFxn1__C
200123ac   ti_sysbios_knl_Clock_Module__loggerFxn2__C
200123b0   ti_sysbios_knl_Clock_Module__loggerObj__C
200123b4   ti_sysbios_knl_Clock_tickPeriod__C
200123b8   ti_sysbios_knl_Idle_funcList__A
200123bc   ti_sysbios_knl_Mailbox_A_invalidBufSize__C
200123c0   ti_sysbios_knl_Mailbox_Instance_State_dataQue__O
200123c4   ti_sysbios_knl_Mailbox_Instance_State_dataSem__O
200123c8   ti_sysbios_knl_Mailbox_Instance_State_freeQue__O
200123cc   ti_sysbios_knl_Mailbox_Instance_State_freeSem__O
200123d0   ti_sysbios_knl_Mailbox_Module__diagsEnabled__C
200123d4   ti_sysbios_knl_Mailbox_Module__diagsIncluded__C
200123d8   ti_sysbios_knl_Mailbox_Module__diagsMask__C
200123dc   ti_sysbios_knl_Mailbox_Object__count__C
200123e0   ti_sysbios_knl_Mailbox_maxTypeAlign__C
200123e4   ti_sysbios_knl_Semaphore_A_badContext__C
200123e8   ti_sysbios_knl_Semaphore_A_noEvents__C
200123ec   ti_sysbios_knl_Semaphore_A_overflow__C
200123f0   ti_sysbios_knl_Semaphore_A_pendTaskDisabled__C
200123f4   ti_sysbios_knl_Semaphore_Instance_State_pendQ__O
200123f8   ti_sysbios_knl_Semaphore_LM_pend__C
200123fc   ti_sysbios_knl_Semaphore_LM_post__C
20012400   ti_sysbios_knl_Semaphore_Module__diagsEnabled__C
20012404   ti_sysbios_knl_Semaphore_Module__diagsIncluded__C
20012408   ti_sysbios_knl_Semaphore_Module__diagsMask__C
2001240c   ti_sysbios_knl_Semaphore_Module__loggerFxn2__C
20012410   ti_sysbios_knl_Semaphore_Module__loggerFxn4__C
20012414   ti_sysbios_knl_Semaphore_Module__loggerObj__C
20012418   ti_sysbios_knl_Swi_LD_end__C
2001241c   ti_sysbios_knl_Swi_LM_begin__C
20012420   ti_sysbios_knl_Swi_LM_post__C
20012424   ti_sysbios_knl_Swi_Module__diagsEnabled__C
20012428   ti_sysbios_knl_Swi_Module__diagsIncluded__C
2001242c   ti_sysbios_knl_Swi_Module__diagsMask__C
20012430   ti_sysbios_knl_Swi_Module__loggerFxn1__C
20012434   ti_sysbios_knl_Swi_Module__loggerFxn4__C
20012438   ti_sysbios_knl_Swi_Module__loggerObj__C
2001243c   ti_sysbios_knl_Swi_Object__count__C
20012440   ti_sysbios_knl_Task_A_badPriority__C
20012444   ti_sysbios_knl_Task_A_badTaskState__C
20012448   ti_sysbios_knl_Task_A_badThreadType__C
2001244c   ti_sysbios_knl_Task_A_badTimeout__C
20012450   ti_sysbios_knl_Task_A_noPendElem__C
20012454   ti_sysbios_knl_Task_A_sleepTaskDisabled__C
20012458   ti_sysbios_knl_Task_E_spOutOfBounds__C
2001245c   ti_sysbios_knl_Task_E_stackOverflow__C
20012460   ti_sysbios_knl_Task_LD_block__C
20012464   ti_sysbios_knl_Task_LD_exit__C
20012468   ti_sysbios_knl_Task_LD_ready__C
2001246c   ti_sysbios_knl_Task_LM_sleep__C
20012470   ti_sysbios_knl_Task_LM_switch__C
20012474   ti_sysbios_knl_Task_Module_State_inactiveQ__O
20012478   ti_sysbios_knl_Task_Module__diagsEnabled__C
2001247c   ti_sysbios_knl_Task_Module__diagsIncluded__C
20012480   ti_sysbios_knl_Task_Module__diagsMask__C
20012484   ti_sysbios_knl_Task_Module__loggerFxn2__C
20012488   ti_sysbios_knl_Task_Module__loggerFxn4__C
2001248c   ti_sysbios_knl_Task_Module__loggerObj__C
20012490   ti_sysbios_knl_Task_Object__count__C
20012494   ti_sysbios_knl_Task_allBlockedFunc__C
20012498   ti_sysbios_knl_Task_defaultStackHeap__C
2001249c   ti_sysbios_knl_Task_defaultStackSize__C
200124a0   ti_sysbios_knl_Task_numConstructedTasks__C
200124a4   xdc_runtime_Assert_E_assertFailed__C
200124a8   xdc_runtime_Core_A_initializedParams__C
200124ac   xdc_runtime_Core_Module__diagsEnabled__C
200124b0   xdc_runtime_Core_Module__diagsIncluded__C
200124b4   xdc_runtime_Core_Module__diagsMask__C
200124b8   xdc_runtime_Error_E_memory__C
200124bc   xdc_runtime_Error_Module__diagsEnabled__C
200124c0   xdc_runtime_Error_Module__diagsIncluded__C
200124c4   xdc_runtime_Error_Module__diagsMask__C
200124c8   xdc_runtime_Error_Module__loggerFxn8__C
200124cc   xdc_runtime_Error_Module__loggerObj__C
200124d0   xdc_runtime_Error_policyFxn__C
200124d4   xdc_runtime_Error_raiseHook__C
200124d8   xdc_runtime_IFilterLogger_Interface__BASE__C
200124dc   xdc_runtime_IGateProvider_Interface__BASE__C
200124e0   xdc_runtime_IHeap_Interface__BASE__C
200124e4   xdc_runtime_ILogger_Interface__BASE__C
200124e8   xdc_runtime_IModule_Interface__BASE__C
200124ec   xdc_runtime_Log_L_error__C
200124f0   xdc_runtime_LoggerBuf_E_badLevel__C
200124f4   xdc_runtime_LoggerBuf_Module__gateObj__C
200124f8   xdc_runtime_LoggerBuf_Object__count__C
200124fc   xdc_runtime_LoggerBuf_statusLogger__C
20012500   xdc_runtime_Memory_defaultHeapInstance__C
20012504   xdc_runtime_Startup_execImpl__C
20012508   xdc_runtime_Startup_maxPasses__C
2001250c   xdc_runtime_Startup_sfxnRts__C
20012510   xdc_runtime_Startup_sfxnTab__C
20012514   xdc_runtime_SysMin_bufSize__C
20012518   xdc_runtime_SysMin_outputFunc__C
2001251c   xdc_runtime_System_Module__gateObj__C
20012520   xdc_runtime_System_abortFxn__C
20012524   xdc_runtime_System_exitFxn__C
20012528   xdc_runtime_System_extendFxn__C
2001252c   xdc_runtime_System_maxAtexitHandlers__C
20012530   xdc_runtime_Text_charTab__C
20012534   xdc_runtime_Text_nameEmpty__C
20012538   xdc_runtime_Text_nameStatic__C
2001253c   xdc_runtime_Text_nameUnknown__C
20012540   xdc_runtime_Text_nodeTab__C
20012544   xdc_runtime_Text_visitRopeFxn__C
20012548   ti_sysbios_family_arm_m3_Timer_Module__id__C
2001254a   ti_sysbios_family_arm_m3_TimestampProvider_configTimer__C
2001254c   ti_sysbios_gates_GateMutex_Module__id__C
2001254e   ti_sysbios_hal_Hwi_Module__id__C
20012550   ti_sysbios_heaps_HeapMem_Module__id__C
20012552   ti_sysbios_knl_Clock_Module__id__C
20012554   ti_sysbios_knl_Clock_Module__loggerDefined__C
20012556   ti_sysbios_knl_Mailbox_Module__id__C
20012558   ti_sysbios_knl_Semaphore_Module__id__C
2001255a   ti_sysbios_knl_Semaphore_Module__loggerDefined__C
2001255c   ti_sysbios_knl_Swi_Module__id__C
2001255e   ti_sysbios_knl_Swi_Module__loggerDefined__C
20012560   ti_sysbios_knl_Task_Module__id__C
20012562   ti_sysbios_knl_Task_Module__loggerDefined__C
20012564   ti_sysbios_knl_Task_initStackFlag__C
20012566   xdc_runtime_Core_Module__id__C
20012568   xdc_runtime_Error_Module__loggerDefined__C
2001256a   xdc_runtime_Error_maxDepth__C
2001256c   xdc_runtime_LoggerBuf_Module__id__C
2001256e   xdc_runtime_LoggerBuf_filterByLevel__C
20012570   xdc_runtime_Memory_Module__id__C
20012572   xdc_runtime_SysMin_flushAtExit__C
20012574   xdc_runtime_Text_charCnt__C
20012576   xdc_runtime_Text_isLoaded__C
20012578   xdc_runtime_Text_registryModsLastId__C
2001257a   xdc_runtime_Text_unnamedModsLastId__C
20012580   __TI_static_base__
200128c8   __TI_Handler_Table_Base
200128d4   __TI_Handler_Table_Limit
200128e0   __TI_CINIT_Base
200128f0   __TI_CINIT_Limit
20018000   ti_sysbios_heaps_HeapMem_Instance_State_0_buf__A
20020000   ti_sysbios_knl_Task_Instance_State_0_stack__A
20020800   xdc_runtime_LoggerBuf_Instance_State_0_entryArr__A
20020c00   xdc_runtime_SysMin_Module_State_0_outbuf__A
20021000   ti_sysbios_family_arm_m3_Hwi_dispatchTable
2002130c   __CIOBUF_
2002142c   g_ucConnectionSSID
20021450   g_ucConnectionBSSID
20021460   SimpleLinkSpawnTaskHndl
20021468   simpleLink_mailbox
2002146c   g_ucLED1Pin
2002146d   g_ucLED2Pin
2002146e   g_ucLED3Pin
20021470   pPingCallBackFunc
20021474   gFirstCmdMode
20021478   g_pCB
2002147c   g_StatMem
200215f4   ti_sysbios_family_arm_m3_Hwi_Module__root__V
200215fc   ti_sysbios_family_arm_m3_Hwi_Object__table__V
20021614   ti_sysbios_family_arm_m3_Hwi_Module_State_0_excActive__A
20021618   ti_sysbios_family_arm_m3_Hwi_Module_State_0_excContext__A
2002161c   ti_sysbios_family_arm_m3_Hwi_Module_State_0_excStack__A
20021620   ti_sysbios_family_arm_m3_Timer_Module__root__V
20021628   ti_sysbios_family_arm_m3_Timer_Module__state__V
20021634   ti_sysbios_family_arm_m3_TimestampProvider_Module__state__V
20021638   ti_sysbios_gates_GateHwi_Module__root__V
20021640   ti_sysbios_gates_GateHwi_Object__table__V
20021644   ti_sysbios_gates_GateMutex_Module__root__V
2002164c   ti_sysbios_hal_Hwi_Module__root__V
20021654   ti_sysbios_hal_Timer_Module__root__V
2002165c   ti_sysbios_heaps_HeapMem_Module__root__V
20021664   ti_sysbios_heaps_HeapMem_Object__table__V
2002167c   ti_sysbios_knl_Clock_Module__root__V
20021684   ti_sysbios_knl_Event_Module__root__V
2002168c   ti_sysbios_knl_Mailbox_Module__root__V
20021694   ti_sysbios_knl_Queue_Module__root__V
2002169c   ti_sysbios_knl_Semaphore_Module__root__V
200216a4   ti_sysbios_knl_Swi_Module__root__V
200216ac   ti_sysbios_knl_Swi_Module__state__V
200216c8   ti_sysbios_knl_Task_Module__root__V
200216d0   ti_sysbios_knl_Task_Module_State_0_idleTask__A
200216d4   xdc_runtime_Error_Module__state__V
200216d8   xdc_runtime_LoggerBuf_Module__root__V
200216e0   xdc_runtime_LoggerBuf_Module__state__V
200216e8   xdc_runtime_Memory_Module__state__V
200216ec   xdc_runtime_Registry_Module__state__V
200216f4   xdc_runtime_Startup_Module__state__V
200216fc   xdc_runtime_SysMin_Module__state__V
20021708   xdc_runtime_System_Module_State_0_atexitHandlers__A
20021718   xdc_runtime_System_Module__state__V
20021720   xdc_runtime_Text_Module__state__V
20021728   __xdc__init__addr
2002172c   ti_sysbios_knl_Swi_Module_State_0_readyQ__A
200217ac   ti_sysbios_knl_Task_Module_State_0_readyQ__A
2002182c   g_SpiFd
20021830   g_pHostIntHdl
20021834   g_ucDMAEnabled
20021838   DMAMsgQ
2002183c   g_cDummy
20021840   g_ucDinDout
20021890   TSK_idle
20021890   ti_sysbios_knl_Task_Object__table__V
200218dc   ti_sysbios_knl_Task_Module__state__V
20021920   ti_sysbios_gates_GateMutex_Object__table__V
20021958   ti_sysbios_family_arm_m3_Hwi_Module__state__V
2002198c   ti_sysbios_family_arm_m3_Timer_Object__table__V
200219bc   ti_sysbios_knl_Swi_Object__table__V
200219ec   ti_sysbios_knl_Clock_Module__state__V
20021a18   ti_sysbios_BIOS_Module__state__V
20021a3c   xdc_runtime_LoggerBuf_Object__table__V
20021a74   g_uiLED1Port
20021a78   g_uiLED2Port
20021a7c   g_uiLED3Port
20021a80   g_ulStatus
20021a84   g_ulPingPacketsRecv
20021a88   g_ulGatewayIP
20021a8c   _lock
20021a90   _unlock
20021a94   __TI_cleanup_ptr
20021a98   __TI_dtors_ptr
20021a9c   main_func_sp
2002e000   __stack
20030000   __STACK_END
e000e000   ti_sysbios_family_arm_m3_Hwi_nvic
ffffffff   __binit__
ffffffff   __c_args__
ffffffff   binit
UNDEFED    SHT$$INIT_ARRAY$$Base
UNDEFED    SHT$$INIT_ARRAY$$Limit

[880 symbols]
