******************************************************************************
                  TI ARM Linker PC v5.1.9                      
******************************************************************************
>> Linked Fri Dec 19 14:21:36 2014

OUTPUT FILE NAME:   <wlan_station.out>
ENTRY POINT SYMBOL: "_c_int00"  address: 2000e331


MEMORY CONFIGURATION

         name            origin    length      used     unused   attr    fill
----------------------  --------  ---------  --------  --------  ----  --------
  SRAM_CODE             20004000   00014000  0000e8f2  0000570e  RW X
  SRAM_DATA             20018000   00018000  0000ba9f  0000c561  RW X


SEGMENT ALLOCATION MAP

run origin  load origin   length   init length attrs members
----------  ----------- ---------- ----------- ----- -------
20004000    20004000    0000e8f8   0000e8f8    r-x
  20004000    20004000    0000030c   0000030c    r-- .resetVecs
  2000430c    2000430c    0000bdca   0000bdca    r-x .text
  200100d8    200100d8    000024ac   000024ac    r-- .const
  20012588    20012588    00000370   00000370    r-- .cinit
20018000    20018000    00009aa0   00000000    rw-
  20018000    20018000    0000946f   00000000    rw- .bss
  20021470    20021470    00000630   00000000    rw- .data
2002e000    2002e000    00002000   00000000    rw-
  2002e000    2002e000    00002000   00000000    rw- .stack


SECTION ALLOCATION MAP

 output                                  attributes/
section   page    origin      length       input sections
--------  ----  ----------  ----------   ----------------
.init_array 
*          0    20004000    00000000     UNINITIALIZED

.bootVecs 
*          0    00000000    00000008     DSECT
                  00000000    00000008     boot.aem4 : boot.oem4 (.bootVecs)

xdc.meta   0    00000000    000000fd     COPY SECTION
                  00000000    000000fd     app_pem4.oem4 (xdc.meta)

.vecs      0    20004000    00000000     DSECT

.resetVecs 
*          0    20004000    0000030c     
                  20004000    0000030c     app_pem4.oem4 (.resetVecs)

.text      0    2000430c    0000bdca     
                  2000430c    00000edc     main.obj (.text)
                  200051e8    00000ec0     rtsv7M4_T_le_eabi.lib : _printfi.obj (.text)
                  200060a8    00000540     ti_rtos.a : osi_tirtos.obj (.text)
                  200065e8    00000424     sysbios.aem4 : BIOS.obj (.text:ti_sysbios_family_arm_m3_Hwi_excDumpRegs__I)
                  20006a0c    000003a6     simplelink.a : driver.obj (.text:_SlDrvMsgRead)
                  20006db2    00000002     app_pem4.oem4 (.text:ti_sysbios_BIOS_nullFunc__I)
                  20006db4    00000394     gpio_if.obj (.text)
                  20007148    0000034c     simplelink.a : driver.obj (.text:_SlAsyncEventGenericHandler)
                  20007494    0000033c     ti.targets.arm.rtsarm.aem4 : System.oem4 (.text:xdc_runtime_System_doPrint__I)
                  200077d0    00000304     sysbios.aem4 : BIOS.obj (.text:ti_sysbios_knl_Semaphore_pend__E)
                  20007ad4    000002d4     rtsv7M4_T_le_eabi.lib : trgdrv.obj (.text)
                  20007da8    0000026c     uart_if.obj (.text)
                  20008014    00000248     sysbios.aem4 : BIOS.obj (.text:ti_sysbios_heaps_HeapMem_free__E)
                  2000825c    00000234                  : BIOS.obj (.text:ti_sysbios_heaps_HeapMem_alloc__E)
                  20008490    00000228                  : BIOS.obj (.text:ti_sysbios_knl_Task_Instance_finalize__E)
                  200086b8    00000208                  : BIOS.obj (.text:ti_sysbios_knl_Task_sleep__E)
                  200088c0    000001f8                  : BIOS.obj (.text:ti_sysbios_family_arm_m3_Hwi_excHandlerMax__I)
                  20008ab8    000001f4     rtsv7M4_T_le_eabi.lib : ull_div_t2.obj (.text)
                  20008cac    000001bc     sysbios.aem4 : BIOS.obj (.text:ti_sysbios_knl_Task_Instance_init__E)
                  20008e68    000001b6     rtsv7M4_T_le_eabi.lib : fd_add_t2.obj (.text)
                  2000901e    00000002     sysbios.aem4 : BIOS.obj (.text:ti_sysbios_gates_GateHwi_Instance_init__E)
                  20009020    0000019c     simplelink.a : wlan.obj (.text:sl_WlanConnect)
                  200091bc    0000018c     sysbios.aem4 : BIOS.obj (.text:ti_sysbios_knl_Task_Module_startup__E)
                  20009348    00000168                  : BIOS.obj (.text:ti_sysbios_family_arm_m3_Hwi_excBusFault__I)
                  200094b0    00000160                  : BIOS.obj (.text:ti_sysbios_knl_Mailbox_Instance_init__E)
                  20009610    00000154                  : BIOS.obj (.text:ti_sysbios_family_arm_m3_Hwi_excUsageFault__I)
                  20009764    00000140     simplelink.a : driver.obj (.text:_SlDrvRxHdrRead)
                  200098a4    00000140     sysbios.aem4 : BIOS.obj (.text:ti_sysbios_family_arm_m3_Hwi_excMemFault__I)
                  200099e4    0000013c                  : BIOS.obj (.text:ti_sysbios_family_arm_m3_Hwi_dispatchC__I)
                  20009b20    00000138                  : BIOS.obj (.text:ti_sysbios_heaps_HeapMem_Instance_init__E)
                  20009c58    00000138                  : BIOS.obj (.text:ti_sysbios_knl_Semaphore_post__E)
                  20009d90    00000136     rtsv7M4_T_le_eabi.lib : fd_div_t2.obj (.text)
                  20009ec6    00000002     app_pem4.oem4 (.text:xdc_runtime_Startup_reset__I)
                  20009ec8    00000134     driverlib.a : prcm.obj (.text:PRCMCC3200MCUInit)
                  20009ffc    00000130     simplelink.a : cc_pal.obj (.text:spi_Open)
                  2000a12c    00000130     ti.targets.arm.rtsarm.aem4 : LoggerBuf.oem4 (.text:xdc_runtime_LoggerBuf_write8__E)
                  2000a25c    0000012c     sysbios.aem4 : BIOS.obj (.text:ti_sysbios_knl_Clock_workFunc__E)
                  2000a388    00000124     simplelink.a : netapp.obj (.text:sl_NetAppPingStart)
                  2000a4ac    00000120     sysbios.aem4 : BIOS.obj (.text:ti_sysbios_knl_Swi_run__I)
                  2000a5cc    00000120     ti.targets.arm.rtsarm.aem4 : Error.oem4 (.text:xdc_runtime_Error_policyDefault__E)
                  2000a6ec    00000114     simplelink.a : driver.obj (.text:_SlDrvMsgWrite)
                  2000a800    0000010c                  : driver.obj (.text:_SlDrvWaitForPoolObj)
                  2000a90c    00000104                  : driver.obj (.text:_SlDrvReleasePoolObj)
                  2000aa10    00000104     ti.targets.arm.rtsarm.aem4 : Core-mem.oem4 (.text:xdc_runtime_Core_createObject__I)
                  2000ab14    00000104     app_pem4.oem4 (.text:xdc_runtime_System_printfExtend__I)
                  2000ac18    000000fc     rtsv7M4_T_le_eabi.lib : fd_mul_t2.obj (.text)
                  2000ad14    000000fc     ti.targets.arm.rtsarm.aem4 : Startup.oem4 (.text:xdc_runtime_Startup_startMods__I)
                  2000ae10    000000f0     driverlib.a : udma.obj (.text:uDMAChannelTransferSet)
                  2000af00    000000e8     simplelink.a : cc_pal.obj (.text:spi_Write)
                  2000afe8    000000d8                  : netapp.obj (.text:sl_NetAppDnsGetHostByName)
                  2000b0c0    000000d4     ti.targets.arm.rtsarm.aem4 : LoggerBuf.oem4 (.text:xdc_runtime_LoggerBuf_write4__E)
                  2000b194    000000d0     sysbios.aem4 : m3_Hwi_asm.obj (.text:ti_sysbios_family_arm_m3_Hwi_dispatch__I)
                  2000b264    000000cc     simplelink.a : cc_pal.obj (.text:spi_Read)
                  2000b330    000000cc     ti.targets.arm.rtsarm.aem4 : Core-smem.oem4 (.text:xdc_runtime_Core_constructObject__I)
                  2000b3fc    000000c8     sysbios.aem4 : BIOS.obj (.text:ti_sysbios_knl_Task_schedule__I)
                  2000b4c4    000000c4     simplelink.a : device.obj (.text:sl_Stop)
                  2000b588    000000c4     sysbios.aem4 : BIOS.obj (.text:ti_sysbios_family_arm_m3_Hwi_Module_startup__E)
                  2000b64c    000000c0     simplelink.a : device.obj (.text:sl_Start)
                  2000b70c    000000c0     sysbios.aem4 : BIOS.obj (.text:ti_sysbios_knl_Task_exit__E)
                  2000b7cc    000000bc                  : BIOS.obj (.text:ti_sysbios_knl_Task_startCore__E)
                  2000b888    000000b4     simplelink.a : driver.obj (.text:_SlDrvMsgReadCmdCtx)
                  2000b93c    000000b4     sysbios.aem4 : BIOS.obj (.text:ti_sysbios_family_arm_m3_Hwi_excHardFault__I)
                  2000b9f0    000000b4                  : BIOS.obj (.text:ti_sysbios_gates_GateMutex_enter__E)
                  2000baa4    000000b4                  : BIOS.obj (.text:ti_sysbios_knl_Task_checkStacks__E)
                  2000bb58    000000b2     simplelink.a : netapp.obj (.text:_SlDrvNetAppEventHandler)
                  2000bc0a    00000002     --HOLE-- [fill = 0]
                  2000bc0c    000000b0     sysbios.aem4 : BIOS.obj (.text:ti_sysbios_family_arm_m3_Hwi_excDebugMon__I)
                  2000bcbc    000000a8     driverlib.a : interrupt.obj (.text:IntEnable)
                  2000bd64    000000a8     sysbios.aem4 : BIOS.obj (.text:ti_sysbios_knl_Swi_post__E)
                  2000be0c    000000a8                  : BIOS.obj (.text:ti_sysbios_knl_Task_blockI__E)
                  2000beb4    000000a8                  : BIOS.obj (.text:ti_sysbios_knl_Task_postInit__I)
                  2000bf5c    000000a0     driverlib.a : spi.obj (.text:SPIConfigSetExpClk)
                  2000bffc    000000a0     auto_init.aem4 : auto_init.oem4 (.text)
                  2000c09c    0000009c     rtsv7M4_T_le_eabi.lib : memcpy_t2.obj (.text)
                  2000c138    0000009c     sysbios.aem4 : BIOS.obj (.text:ti_sysbios_family_arm_m3_Hwi_Instance_init__E)
                  2000c1d4    0000009c                  : BIOS.obj (.text:ti_sysbios_knl_Semaphore_Instance_init__E)
                  2000c270    0000009a     ti.targets.arm.rtsarm.aem4 : Text.oem4 (.text:xdc_runtime_Text_putSite__E)
                  2000c30a    00000002     --HOLE-- [fill = 0]
                  2000c30c    00000098     simplelink.a : driver.obj (.text:_SlFindAndSetActiveObj)
                  2000c3a4    00000094     driverlib.a : prcm.obj (.text:PRCMPeripheralClockGet)
                  2000c438    00000094     simplelink.a : driver.obj (.text:_SlDrvClassifyRxMsg)
                  2000c4cc    00000094     sysbios.aem4 : BIOS.obj (.text:ti_sysbios_knl_Mailbox_post__E)
                  2000c560    00000094                  : BIOS.obj (.text:ti_sysbios_knl_Task_unblockI__E)
                  2000c5f4    00000094     ti.targets.arm.rtsarm.aem4 : Text.oem4 (.text:xdc_runtime_Text_putMod__E)
                  2000c688    00000090     simplelink.a : driver.obj (.text:_SlDrvMsgReadSpawnCtx)
                  2000c718    00000088     driverlib.a : pin.obj (.text:PinConfigSet)
                  2000c7a0    00000088     rtsv7M4_T_le_eabi.lib : vsnprintf.obj (.text)
                  2000c828    00000088     simplelink.a : netapp.obj (.text:sl_NetAppMDNSRegisterUnregisterService)
                  2000c8b0    00000088     sysbios.aem4 : BIOS.obj (.text:ti_sysbios_knl_Mailbox_Module_startup__E)
                  2000c938    00000086     rtsv7M4_T_le_eabi.lib : fd_cmp_t2.obj (.text:__aeabi_cdcmple)
                  2000c9be    00000086                           : fd_cmp_t2.obj (.text:__aeabi_cdrcmple)
                  2000ca44    00000084     simplelink.a : driver.obj (.text:_SlDrvCmdOp)
                  2000cac8    00000084     sysbios.aem4 : BIOS.obj (.text:ti_sysbios_family_arm_m3_Hwi_initNVIC__E)
                  2000cb4c    00000084                  : BIOS.obj (.text:ti_sysbios_knl_Mailbox_pend__E)
                  2000cbd0    00000082     driverlib.a : gpio.obj (.text:GPIOIntTypeSet)
                  2000cc52    00000002     --HOLE-- [fill = 0]
                  2000cc54    00000080     simplelink.a : cc_pal.obj (.text:NwpPowerOnPreamble)
                  2000ccd4    00000080     ti.targets.arm.rtsarm.aem4 : LoggerBuf.oem4 (.text:xdc_runtime_LoggerBuf_setFilterLevel__E)
                  2000cd54    0000007c     simplelink.a : driver.obj (.text:_SlDrvDriverCBInit)
                  2000cdd0    0000007c                  : netapp.obj (.text:_sl_HandleAsync_DnsGetHostByName)
                  2000ce4c    0000007c                  : device.obj (.text:sl_DevGet)
                  2000cec8    0000007a     rtsv7M4_T_le_eabi.lib : memset_t2.obj (.text)
                  2000cf42    00000002     --HOLE-- [fill = 0]
                  2000cf44    00000078     simplelink.a : cc_pal.obj (.text:SetupDMAReceive)
                  2000cfbc    00000076     driverlib.a : uart.obj (.text:UARTConfigSetExpClk)
                  2000d032    00000002     --HOLE-- [fill = 0]
                  2000d034    00000074     simplelink.a : device.obj (.text:_sl_HandleAsync_InitComplete)
                  2000d0a8    00000074                  : cc_pal.obj (.text:spi_Close)
                  2000d11c    00000070                  : netapp.obj (.text:_sl_HandleAsync_PingResponse)
                  2000d18c    00000070     sysbios.aem4 : BIOS.obj (.text:ti_sysbios_family_arm_m3_Hwi_postInit__I)
                  2000d1fc    00000070                  : BIOS.obj (.text:ti_sysbios_knl_Mailbox_Instance_finalize__E)
                  2000d26c    00000070     ti.targets.arm.rtsarm.aem4 : Memory.oem4 (.text:xdc_runtime_Memory_alloc__E)
                  2000d2dc    0000006c                                : Error.oem4 (.text:xdc_runtime_Error_print__E)
                  2000d348    0000006c                                : LoggerBuf.oem4 (.text:xdc_runtime_LoggerBuf_getFilterLevel__E)
                  2000d3b4    00000068     simplelink.a : socket.obj (.text:_sl_HandleAsync_Connect)
                  2000d41c    00000068                  : netapp.obj (.text:_sl_HandleAsync_DnsGetHostByService)
                  2000d484    00000066     ti.targets.arm.rtsarm.aem4 : Core-mem.oem4 (.text:xdc_runtime_Core_deleteObject__I)
                  2000d4ea    00000002     --HOLE-- [fill = 0]
                  2000d4ec    00000064     simplelink.a : socket.obj (.text:_sl_HandleAsync_Accept)
                  2000d550    00000064     pinmux.obj (.text)
                  2000d5b4    00000064     app_pem4.oem4 (.text:ti_sysbios_family_arm_m3_Hwi_create)
                  2000d618    00000064     app_pem4.oem4 (.text:ti_sysbios_knl_Mailbox_create)
                  2000d67c    00000064     driverlib.a : udma.obj (.text:uDMAChannelAttributeDisable)
                  2000d6e0    00000064                 : udma.obj (.text:uDMAChannelAttributeEnable)
                  2000d744    00000060     rtsv7M4_T_le_eabi.lib : trgmsg.obj (.text)
                  2000d7a4    00000060     sysbios.aem4 : BIOS.obj (.text:ti_sysbios_family_arm_m3_TimestampProvider_get64__E)
                  2000d804    00000060                  : BIOS.obj (.text:ti_sysbios_knl_Clock_logTick__E)
                  2000d864    00000060     ti.targets.arm.rtsarm.aem4 : System.oem4 (.text:xdc_runtime_System_formatNum__I)
                  2000d8c4    0000005e     rtsv7M4_T_le_eabi.lib : copy_decompress_rle.obj (.text)
                  2000d922    00000002     --HOLE-- [fill = 0]
                  2000d924    0000005c     sysbios.aem4 : BIOS.obj (.text:ti_sysbios_family_arm_m3_Timer_setPeriod__E)
                  2000d980    0000005c     app_pem4.oem4 (.text:ti_sysbios_knl_Task_create)
                  2000d9dc    0000005c     app_pem4.oem4 (.text:xdc_runtime_LoggerBuf_Object__create__S)
                  2000da38    0000005b     ti.targets.arm.rtsarm.aem4 : Text.oem4 (.text:xdc_runtime_Text_putLab__E)
                  2000da93    00000001     --HOLE-- [fill = 0]
                  2000da94    0000005a     rtsv7M4_T_le_eabi.lib : ltoa.obj (.text)
                  2000daee    00000002     --HOLE-- [fill = 0]
                  2000daf0    00000058     driverlib.a : interrupt.obj (.text:IntPendClear)
                  2000db48    00000058                 : prcm.obj (.text:PRCMPeripheralReset)
                  2000dba0    00000058     simplelink.a : driver.obj (.text:_SlDrvDriverCBDeinit)
                  2000dbf8    00000058                  : socket.obj (.text:_sl_HandleAsync_Select)
                  2000dc50    00000058     sysbios.aem4 : BIOS.obj (.text:ti_sysbios_knl_Swi_restoreHwi__E)
                  2000dca8    00000058                  : BIOS.obj (.text:ti_sysbios_knl_Swi_schedule__I)
                  2000dd00    00000054     simplelink.a : device.obj (.text:_sl_HandleAsync_Stop)
                  2000dd54    00000054                  : netapp.obj (.text:sl_NetAppSendTokenValue)
                  2000dda8    00000054     sysbios.aem4 : BIOS.obj (.text:ti_sysbios_family_arm_m3_Timer_start__E)
                  2000ddfc    00000050     ti.targets.arm.rtsarm.aem4 : Startup.oem4 (.text:xdc_runtime_Startup_exec__E)
                  2000de4c    00000050                                : Text.oem4 (.text:xdc_runtime_Text_visitRope2__I)
                  2000de9c    0000004c     driverlib.a : spi.obj (.text:SPIIntEnable)
                  2000dee8    0000004c     rtsv7M4_T_le_eabi.lib : atoi.obj (.text)
                  2000df34    0000004c     sysbios.aem4 : m3_TaskSupport_asm.obj (.text:ti_sysbios_family_arm_m3_TaskSupport_buildTaskStack)
                  2000df80    0000004c                  : BIOS.obj (.text:ti_sysbios_knl_Swi_runLoop__I)
                  2000dfcc    0000004c     driverlib.a : udma.obj (.text:uDMAChannelAssign)
                  2000e018    0000004a     simplelink.a : device.obj (.text:_sl_GetStartResponseConvert)
                  2000e062    00000002     --HOLE-- [fill = 0]
                  2000e064    00000048     driverlib.a : spi.obj (.text:SPIIntClear)
                  2000e0ac    00000048     rtsv7M4_T_le_eabi.lib : fd_toi_t2.obj (.text)
                  2000e0f4    00000048     simplelink.a : wlan.obj (.text:sl_WlanSet)
                  2000e13c    00000048     sysbios.aem4 : BIOS.obj (.text:ti_sysbios_family_arm_m3_Hwi_excReserved__I)
                  2000e184    00000048                  : m3_Hwi_asm_switch.obj (.text:ti_sysbios_family_arm_m3_Hwi_initStacks__E)
                  2000e1cc    00000048                  : BIOS.obj (.text:ti_sysbios_family_arm_m3_Timer_initDevice__I)
                  2000e214    00000048                  : BIOS.obj (.text:ti_sysbios_heaps_HeapMem_getStats__E)
                  2000e25c    00000048     ti.targets.arm.rtsarm.aem4 : Assert.oem4 (.text:xdc_runtime_Assert_raise__I)
                  2000e2a4    00000046                                : Core-params.oem4 (.text:xdc_runtime_Core_assignParams__I)
                  2000e2ea    00000002     --HOLE-- [fill = 0]
                  2000e2ec    00000044     driverlib.a : spi.obj (.text:SPIDmaMaskGet)
                  2000e330    00000044     boot.aem4 : boot.oem4 (.text)
                  2000e374    00000044     rtsv7M4_T_le_eabi.lib : cpy_tbl.obj (.text)
                  2000e3b8    00000044                           : exit.obj (.text)
                  2000e3fc    00000044                           : xdtest.obj (.text)
                  2000e440    00000044     simplelink.a : netcfg.obj (.text:sl_NetCfgSet)
                  2000e484    00000044     sysbios.aem4 : BIOS.obj (.text:ti_sysbios_family_arm_m3_Hwi_disableInterrupt__E)
                  2000e4c8    00000044                  : BIOS.obj (.text:ti_sysbios_family_arm_m3_Hwi_enableInterrupt__E)
                  2000e50c    00000044                  : BIOS.obj (.text:ti_sysbios_knl_Task_allBlockedFunction__I)
                  2000e550    00000044     ti.targets.arm.rtsarm.aem4 : Error.oem4 (.text:xdc_runtime_Error_setX__E)
                  2000e594    00000044                                : LoggerBuf.oem4 (.text:xdc_runtime_LoggerBuf_filterOutEvent__I)
                  2000e5d8    00000044                                : SysMin.oem4 (.text:xdc_runtime_SysMin_flush__E)
                  2000e61c    00000042     rtsv7M4_T_le_eabi.lib : u_divt2.obj (.text)
                  2000e65e    00000002     --HOLE-- [fill = 0]
                  2000e660    00000040     driverlib.a : pin.obj (.text:PinModeSet)
                  2000e6a0    00000040     simplelink.a : driver.obj (.text:_SlDrvRxIrqHandler)
                  2000e6e0    00000040                  : driver.obj (.text:_SlRemoveFromList)
                  2000e720    00000040                  : wlan.obj (.text:sl_WlanPolicySet)
                  2000e760    00000040                  : wlan.obj (.text:sl_WlanRxFilterSet)
                  2000e7a0    00000040     sysbios.aem4 : BIOS.obj (.text:ti_sysbios_family_arm_m3_Timer_Module_startup__E)
                  2000e7e0    00000040                  : BIOS.obj (.text:ti_sysbios_knl_Mailbox_postInit__I)
                  2000e820    0000003e     app_pem4.oem4 (.text:realloc)
                  2000e85e    00000002     --HOLE-- [fill = 0]
                  2000e860    0000003c     simplelink.a : cc_pal.obj (.text:NwpPowerOff)
                  2000e89c    0000003c     driverlib.a : prcm.obj (.text:PRCMPeripheralClkEnable)
                  2000e8d8    0000003c     simplelink.a : driver.obj (.text:_SlDrvObjInit)
                  2000e914    0000003c     sysbios.aem4 : BIOS.obj (.text:ti_sysbios_family_arm_m3_Hwi_excSvCall__I)
                  2000e950    0000003c                  : BIOS.obj (.text:ti_sysbios_heaps_HeapMem_init__I)
                  2000e98c    0000003c                  : BIOS.obj (.text:ti_sysbios_knl_Swi_startup__E)
                  2000e9c8    0000003c     driverlib.a : udma.obj (.text:uDMAChannelControlSet)
                  2000ea04    0000003c     ti.targets.arm.rtsarm.aem4 : Text.oem4 (.text:xdc_runtime_Text_xprintf__I)
                  2000ea40    0000003a                                : LoggerBuf.oem4 (.text:xdc_runtime_LoggerBuf_Instance_init__E)
                  2000ea7a    00000002     --HOLE-- [fill = 0]
                  2000ea7c    00000038     sysbios.aem4 : BIOS.obj (.text:ti_sysbios_family_arm_m3_Hwi_excNoIsr__I)
                  2000eab4    00000038                  : BIOS.obj (.text:ti_sysbios_family_arm_m3_Hwi_getStackInfo__E)
                  2000eaec    00000038                  : BIOS.obj (.text:ti_sysbios_family_arm_m3_TaskSupport_start__E)
                  2000eb24    00000038                  : BIOS.obj (.text:ti_sysbios_knl_Task_processVitalTaskFlag__I)
                  2000eb5c    00000038     ti.targets.arm.rtsarm.aem4 : SysMin.oem4 (.text:xdc_runtime_SysMin_putch__E)
                  2000eb94    00000038                                : System.oem4 (.text:xdc_runtime_System_atexit__E)
                  2000ebcc    00000036     driverlib.a : gpio.obj (.text:GPIODirModeSet)
                  2000ec02    00000002     --HOLE-- [fill = 0]
                  2000ec04    00000034                 : prcm.obj (.text:PRCMPeripheralStatusGet)
                  2000ec38    00000034                 : spi.obj (.text:SPIFIFOLevelSet)
                  2000ec6c    00000034     simplelink.a : driver.obj (.text:_SlDrvBasicCmd)
                  2000eca0    00000034     sysbios.aem4 : BIOS.obj (.text:ti_sysbios_family_arm_m3_Hwi_excNmi__I)
                  2000ecd4    00000034                  : BIOS.obj (.text:ti_sysbios_family_arm_m3_Timer_periodicStub__I)
                  2000ed08    00000034                  : BIOS.obj (.text:ti_sysbios_hal_Hwi_checkStack)
                  2000ed3c    00000034     app_pem4.oem4 (.text:ti_sysbios_knl_Semaphore_create)
                  2000ed70    00000034     ti.targets.arm.rtsarm.aem4 : Core-label.oem4 (.text:xdc_runtime_Core_assignLabel__I)
                  2000eda4    00000033                                : Text.oem4 (.text:xdc_runtime_Text_printVisFxn__I)
                  2000edd7    00000001     --HOLE-- [fill = 0]
                  2000edd8    00000032     sysbios.aem4 : BIOS.obj (.text:ti_sysbios_knl_Semaphore_pendTimeout__I)
                  2000ee0a    00000002     --HOLE-- [fill = 0]
                  2000ee0c    00000030     simplelink.a : cc_pal.obj (.text:NwpPowerOn)
                  2000ee3c    00000030     driverlib.a : pin.obj (.text:PinTypeGPIO)
                  2000ee6c    00000030                 : uart.obj (.text:UARTDisable)
                  2000ee9c    00000030     app_pem4.oem4 (.text:ti_sysbios_BIOS_atExitFunc__I)
                  2000eecc    00000030     app_pem4.oem4 (.text:ti_sysbios_gates_GateHwi_Object__create__S)
                  2000eefc    00000030     app_pem4.oem4 (.text:ti_sysbios_gates_GateMutex_Object__create__S)
                  2000ef2c    00000030     app_pem4.oem4 (.text:ti_sysbios_heaps_HeapMem_Object__create__S)
                  2000ef5c    00000030     app_pem4.oem4 (.text:ti_sysbios_knl_Semaphore_construct)
                  2000ef8c    00000030     ti.targets.arm.rtsarm.aem4 : SysMin.oem4 (.text:xdc_runtime_SysMin_abort__E)
                  2000efbc    00000030                                : System.oem4 (.text:xdc_runtime_System_processAtExit__E)
                  2000efec    0000002e     app_pem4.oem4 (.text:malloc)
                  2000f01a    0000002e     rtsv7M4_T_le_eabi.lib : i_tofd_t2.obj (.text)
                  2000f048    0000002c     simplelink.a : cc_pal.obj (.text:DmaSpiSwIntHandler)
                  2000f074    0000002c     driverlib.a : prcm.obj (.text:PRCMSysResetCauseGet)
                  2000f0a0    0000002c     simplelink.a : flowcont.obj (.text:_SlDrvFlowContDeinit)
                  2000f0cc    0000002c                  : flowcont.obj (.text:_SlDrvFlowContInit)
                  2000f0f8    0000002c     sysbios.aem4 : BIOS.obj (.text:ti_sysbios_family_arm_m3_Hwi_Instance_finalize__E)
                  2000f124    0000002c                  : BIOS.obj (.text:ti_sysbios_hal_Hwi_initStack)
                  2000f150    0000002c     app_pem4.oem4 (.text:ti_sysbios_knl_Clock_doTick__I)
                  2000f17c    0000002c     app_pem4.oem4 (.text:ti_sysbios_knl_Queue_construct)
                  2000f1a8    0000002c     sysbios.aem4 : BIOS.obj (.text:ti_sysbios_knl_Task_restore__E)
                  2000f1d4    0000002c     ti.targets.arm.rtsarm.aem4 : Text.oem4 (.text:xdc_runtime_Text_cordText__E)
                  2000f200    0000002a                                : System.oem4 (.text:xdc_runtime_System_putchar__I)
                  2000f22a    00000002     --HOLE-- [fill = 0]
                  2000f22c    00000028     driverlib.a : prcm.obj (.text:PRCMPeripheralClkDisable)
                  2000f254    00000028     simplelink.a : wlan.obj (.text:sl_WlanSetMode)
                  2000f27c    00000028     ti.targets.arm.rtsarm.aem4 : LoggerBuf.oem4 (.text:xdc_runtime_LoggerBuf_Module_startup__E)
                  2000f2a4    00000026                                : System.oem4 (.text:xdc_runtime_System_avprintf__E)
                  2000f2ca    00000024     driverlib.a : uart.obj (.text:UARTEnable)
                  2000f2ee    00000024     rtsv7M4_T_le_eabi.lib : memmov.obj (.text)
                  2000f312    00000002     --HOLE-- [fill = 0]
                  2000f314    00000024     simplelink.a : wlan.obj (.text:sl_WlanProfileDel)
                  2000f338    00000024     app_pem4.oem4 (.text:ti_sysbios_BIOS_errorRaiseHook__I)
                  2000f35c    00000024     app_pem4.oem4 (.text:ti_sysbios_BIOS_registerRTSLock__I)
                  2000f380    00000024     app_pem4.oem4 (.text:ti_sysbios_BIOS_removeRTSLock__I)
                  2000f3a4    00000024     app_pem4.oem4 (.text:ti_sysbios_BIOS_startFunc__I)
                  2000f3c8    00000024     sysbios.aem4 : BIOS.obj (.text:ti_sysbios_family_arm_m3_Hwi_doTaskRestore__I)
                  2000f3ec    00000024                  : BIOS.obj (.text:ti_sysbios_family_arm_m3_Timer_startup__E)
                  2000f410    00000024     app_pem4.oem4 (.text:ti_sysbios_gates_GateMutex_Object__delete__S)
                  2000f434    00000024     sysbios.aem4 : BIOS.obj (.text:ti_sysbios_knl_Clock_Module_startup__E)
                  2000f458    00000024     app_pem4.oem4 (.text:ti_sysbios_knl_Semaphore_Object__delete__S)
                  2000f47c    00000024     sysbios.aem4 : BIOS.obj (.text:ti_sysbios_knl_Swi_Module_startup__E)
                  2000f4a0    00000024     ti.targets.arm.rtsarm.aem4 : System.oem4 (.text:xdc_runtime_System_vprintf__E)
                  2000f4c4    00000022     simplelink.a : cc_pal.obj (.text:NwpRegisterInterruptHandler)
                  2000f4e6    00000022     driverlib.a : spi.obj (.text:SPIReset)
                  2000f508    00000022                 : spi.obj (.text:SPIWordCountSet)
                  2000f52a    00000022     app_pem4.oem4 (.text:xdc_runtime_SysMin_output__I)
                  2000f54c    00000020     driverlib.a : gpio.obj (.text:GPIOPinWrite)
                  2000f56c    00000020     simplelink.a : driver.obj (.text:_SlDrvCmdSend)
                  2000f58c    00000020     app_pem4.oem4 (.text:ti_sysbios_family_arm_m3_Hwi_Object__delete__S)
                  2000f5ac    00000020     sysbios.aem4 : m3_Hwi_asm.obj (.text:ti_sysbios_family_arm_m3_Hwi_excHandlerAsm__I)
                  2000f5cc    00000020                  : BIOS.obj (.text:ti_sysbios_family_arm_m3_Hwi_excHandler__I)
                  2000f5ec    00000020                  : BIOS.obj (.text:ti_sysbios_family_arm_m3_TimestampProvider_Module_startup__E)
                  2000f60c    00000020     app_pem4.oem4 (.text:ti_sysbios_gates_GateHwi_Object__delete__S)
                  2000f62c    00000020     app_pem4.oem4 (.text:ti_sysbios_heaps_HeapMem_Object__delete__S)
                  2000f64c    00000020     sysbios.aem4 : BIOS.obj (.text:ti_sysbios_knl_Idle_run__E)
                  2000f66c    00000020     app_pem4.oem4 (.text:ti_sysbios_knl_Mailbox_Object__delete__S)
                  2000f68c    00000020     app_pem4.oem4 (.text:ti_sysbios_knl_Semaphore_Object__destruct__S)
                  2000f6ac    00000020     app_pem4.oem4 (.text:ti_sysbios_knl_Task_Object__delete__S)
                  2000f6cc    00000020     sysbios.aem4 : BIOS.obj (.text:ti_sysbios_knl_Task_enter__I)
                  2000f6ec    00000020     app_pem4.oem4 (.text:xdc_runtime_LoggerBuf_Object__delete__S)
                  2000f70c    00000020     ti.targets.arm.rtsarm.aem4 : LoggerBuf.oem4 (.text:xdc_runtime_LoggerBuf_reset__E)
                  2000f72c    00000020                                : Registry.oem4 (.text:xdc_runtime_Registry_findById__E)
                  2000f74c    00000020                                : SysMin.oem4 (.text:xdc_runtime_SysMin_Module_startup__E)
                  2000f76c    0000001e     driverlib.a : uart.obj (.text:UARTCharPut)
                  2000f78a    0000001e     sysbios.aem4 : m3_Hwi_asm_switch.obj (.text:ti_sysbios_family_xxx_Hwi_switchAndRunFunc)
                  2000f7a8    0000001c     simplelink.a : driver.obj (.text:_SlDrvObjDeInit)
                  2000f7c4    0000001c     rtsv7M4_T_le_eabi.lib : memccpy.obj (.text)
                  2000f7e0    0000001c     app_pem4.oem4 (.text:ti_sysbios_BIOS_rtsLock__I)
                  2000f7fc    0000001c     sysbios.aem4 : BIOS.obj (.text:ti_sysbios_family_arm_m3_Hwi_setPriority__E)
                  2000f818    0000001c                  : BIOS.obj (.text:ti_sysbios_gates_GateMutex_Instance_init__E)
                  2000f834    0000001c     app_pem4.oem4 (.text:ti_sysbios_knl_Queue_Object__destruct__S)
                  2000f850    0000001c     driverlib.a : udma.obj (.text:uDMAChannelEnable)
                  2000f86c    0000001c     ti.targets.arm.rtsarm.aem4 : Error.oem4 (.text:xdc_runtime_Error_raiseX__E)
                  2000f888    0000001c                                : Memory.oem4 (.text:xdc_runtime_Memory_valloc__E)
                  2000f8a4    0000001c                                : SysMin.oem4 (.text:xdc_runtime_SysMin_exit__E)
                  2000f8c0    0000001c                                : System.oem4 (.text:xdc_runtime_System_abort__E)
                  2000f8dc    0000001a     simplelink.a : netapp.obj (.text:CopyPingResultsToReport)
                  2000f8f6    0000001a     driverlib.a : gpio.obj (.text:GPIOIntEnable)
                  2000f910    0000001a                 : pin.obj (.text:PinTypeUART)
                  2000f92a    0000001a                 : spi.obj (.text:SPIDmaDisable)
                  2000f944    0000001a                 : spi.obj (.text:SPIDmaEnable)
                  2000f95e    0000001a                 : spi.obj (.text:SPIFIFODisable)
                  2000f978    0000001a                 : spi.obj (.text:SPIFIFOEnable)
                  2000f992    0000001a     simplelink.a : device.obj (.text:_SlDrvDeviceEventHandler)
                  2000f9ac    0000001a     app_pem4.oem4 (.text:ti_sysbios_family_arm_m3_Hwi_Handle__label__S)
                  2000f9c6    0000001a     sysbios.aem4 : m3_Hwi_asm.obj (.text:ti_sysbios_family_arm_m3_Hwi_pendSV__I)
                  2000f9e0    0000001a     app_pem4.oem4 (.text:ti_sysbios_gates_GateHwi_Handle__label__S)
                  2000f9fa    0000001a     app_pem4.oem4 (.text:ti_sysbios_gates_GateMutex_Handle__label__S)
                  2000fa14    0000001a     app_pem4.oem4 (.text:ti_sysbios_heaps_HeapMem_Handle__label__S)
                  2000fa2e    0000001a     app_pem4.oem4 (.text:ti_sysbios_knl_Swi_Handle__label__S)
                  2000fa48    0000001a     app_pem4.oem4 (.text:ti_sysbios_knl_Task_Handle__label__S)
                  2000fa62    0000001a     sysbios.aem4 : BIOS.obj (.text:ti_sysbios_knl_Task_sleepTimeout__I)
                  2000fa7c    0000001a     app_pem4.oem4 (.text:xdc_runtime_LoggerBuf_Handle__label__S)
                  2000fa96    0000001a     app_pem4.oem4 (.text:xdc_runtime_System_aprintf__E)
                  2000fab0    0000001a     app_pem4.oem4 (.text:xdc_runtime_System_printf__E)
                  2000faca    00000018     driverlib.a : gpio.obj (.text:GPIOPinRead)
                  2000fae2    00000018                 : spi.obj (.text:SPICSDisable)
                  2000fafa    00000018                 : spi.obj (.text:SPICSEnable)
                  2000fb12    00000018                 : spi.obj (.text:SPIDisable)
                  2000fb2a    00000018                 : spi.obj (.text:SPIEnable)
                  2000fb42    00000018     app_pem4.oem4 (.text:free)
                  2000fb5a    00000002     --HOLE-- [fill = 0]
                  2000fb5c    00000018     rtsv7M4_T_le_eabi.lib : args_main.obj (.text)
                  2000fb74    00000018                           : ll_mul_t2.obj (.text)
                  2000fb8c    00000018     app_pem4.oem4 (.text:ti_sysbios_BIOS_rtsUnlock__I)
                  2000fba4    00000018     app_pem4.oem4 (.text:ti_sysbios_family_arm_m3_Hwi_Module__startupDone__F)
                  2000fbbc    00000018     app_pem4.oem4 (.text:ti_sysbios_family_arm_m3_Timer_Module__startupDone__F)
                  2000fbd4    00000018     sysbios.aem4 : BIOS.obj (.text:ti_sysbios_gates_GateMutex_leave__E)
                  2000fbec    00000018     ti.targets.arm.rtsarm.aem4 : Error.oem4 (.text:xdc_runtime_Error_check__E)
                  2000fc04    00000018                                : System.oem4 (.text:xdc_runtime_System_exit__E)
                  2000fc1c    00000018                                : Text.oem4 (.text:xdc_runtime_Text_ropeText__E)
                  2000fc34    00000016     driverlib.a : prcm.obj (.text:PRCMHIBRegRead)
                  2000fc4a    00000016                 : prcm.obj (.text:PRCMHIBRegWrite)
                  2000fc60    00000016                 : uart.obj (.text:UARTCharGet)
                  2000fc76    00000016     app_pem4.oem4 (.text:ti_sysbios_BIOS_exitFunc__I)
                  2000fc8c    00000014     driverlib.a : cpu.obj (.text:CPUcpsie)
                  2000fca0    00000014                 : gpio.obj (.text:GPIOIntClear)
                  2000fcb4    00000014     simplelink.a : driver.obj (.text:_SlDrvShiftDWord)
                  2000fcc8    00000014     rtsv7M4_T_le_eabi.lib : _lock.obj (.text)
                  2000fcdc    00000014                           : strlen.obj (.text)
                  2000fcf0    00000014     app_pem4.oem4 (.text:ti_sysbios_family_arm_m3_Hwi_Object__get__S)
                  2000fd04    00000014     sysbios.aem4 : BIOS.obj (.text:ti_sysbios_family_arm_m3_Hwi_switchFromBootStack__E)
                  2000fd18    00000014     app_pem4.oem4 (.text:ti_sysbios_heaps_HeapMem_Object__get__S)
                  2000fd2c    00000014     app_pem4.oem4 (.text:ti_sysbios_knl_Swi_Object__get__S)
                  2000fd40    00000014     app_pem4.oem4 (.text:xdc_runtime_LoggerBuf_Object__get__S)
                  2000fd54    00000012     rtsv7M4_T_le_eabi.lib : copy_zero_init.obj (.text:decompress:ZI)
                  2000fd66    00000012     simplelink.a : netapp.obj (.text:sl_NetAppMDNSUnRegisterService)
                  2000fd78    00000012     sysbios.aem4 : BIOS.obj (.text:ti_sysbios_hal_Hwi_Module_startup__E)
                  2000fd8a    00000012                  : BIOS.obj (.text:ti_sysbios_hal_Timer_Module_startup__E)
                  2000fd9c    00000012     ti.targets.arm.rtsarm.aem4 : LoggerBuf.oem4 (.text:xdc_runtime_LoggerBuf_Instance_finalize__E)
                  2000fdae    00000012                                : LoggerBuf.oem4 (.text:xdc_runtime_LoggerBuf_write1__E)
                  2000fdc0    00000012                                : LoggerBuf.oem4 (.text:xdc_runtime_LoggerBuf_write2__E)
                  2000fdd2    00000012     app_pem4.oem4 (.text:xdc_runtime_Startup_exec__I)
                  2000fde4    00000010     simplelink.a : cc_pal.obj (.text:NwpMaskInterrupt)
                  2000fdf4    00000010     rtsv7M4_T_le_eabi.lib : strcpy.obj (.text)
                  2000fe04    00000010     sysbios.aem4 : BIOS.obj (.text:ti_sysbios_BIOS_setThreadType__E)
                  2000fe14    00000010                  : BIOS.obj (.text:ti_sysbios_BIOS_start__E)
                  2000fe24    00000010                  : BIOS.obj (.text:ti_sysbios_family_arm_m3_Hwi_getHandle__E)
                  2000fe34    00000010                  : m3_TaskSupport_asm.obj (.text:ti_sysbios_family_arm_m3_TaskSupport_glue)
                  2000fe44    00000010                  : m3_TaskSupport_asm.obj (.text:ti_sysbios_family_arm_m3_TaskSupport_swap__E)
                  2000fe54    00000010                  : BIOS.obj (.text:ti_sysbios_gates_GateMutex_Instance_finalize__E)
                  2000fe64    00000010     app_pem4.oem4 (.text:ti_sysbios_knl_Mailbox_Object__get__S)
                  2000fe74    00000010     sysbios.aem4 : BIOS.obj (.text:ti_sysbios_knl_Semaphore_Instance_finalize__E)
                  2000fe84    00000010                  : BIOS.obj (.text:ti_sysbios_knl_Swi_disable__E)
                  2000fe94    00000010     app_pem4.oem4 (.text:ti_sysbios_knl_Task_Object__get__S)
                  2000fea4    00000010     sysbios.aem4 : BIOS.obj (.text:ti_sysbios_knl_Task_disable__E)
                  2000feb4    00000010     ti.targets.arm.rtsarm.aem4 : Gate.oem4 (.text:xdc_runtime_Gate_leaveSystem__E)
                  2000fec4    00000010                                : LoggerBuf.oem4 (.text:xdc_runtime_LoggerBuf_write0__E)
                  2000fed4    00000010                                : Memory.oem4 (.text:xdc_runtime_Memory_free__E)
                  2000fee4    00000010                                : SysMin.oem4 (.text:xdc_runtime_SysMin_ready__E)
                  2000fef4    00000010                                : System.oem4 (.text:xdc_runtime_System_vsnprintf__E)
                  2000ff04    00000010     app_pem4.oem4 (.text:xdc_runtime_Text_visitRope__I)
                  2000ff14    0000000e     rtsv7M4_T_le_eabi.lib : copy_decompress_none.obj (.text:decompress:none)
                  2000ff22    0000000e                           : xdclass.obj (.text)
                  2000ff30    0000000e     sysbios.aem4 : BIOS.obj (.text:ti_sysbios_knl_Queue_empty__E)
                  2000ff3e    00000002     --HOLE-- [fill = 0]
                  2000ff40    0000000c     simplelink.a : cc_pal.obj (.text:NwpUnMaskInterrupt)
                  2000ff4c    0000000c     app_pem4.oem4 (.text:ti_sysbios_family_arm_m3_Hwi_Params__init__S)
                  2000ff58    0000000c     sysbios.aem4 : BIOS.obj (.text:ti_sysbios_family_arm_m3_Hwi_disableFxn__E)
                  2000ff64    0000000c                  : BIOS.obj (.text:ti_sysbios_family_arm_m3_TaskSupport_checkStack__E)
                  2000ff70    0000000c                  : BIOS.obj (.text:ti_sysbios_family_arm_m3_TaskSupport_getStackAlignment__E)
                  2000ff7c    0000000c                  : BIOS.obj (.text:ti_sysbios_gates_GateHwi_enter__E)
                  2000ff88    0000000c     app_pem4.oem4 (.text:ti_sysbios_knl_Queue_Object__get__S)
                  2000ff94    0000000c     app_pem4.oem4 (.text:ti_sysbios_knl_Semaphore_Params__init__S)
                  2000ffa0    0000000c     app_pem4.oem4 (.text:ti_sysbios_knl_Task_Params__init__S)
                  2000ffac    0000000c     ti.targets.arm.rtsarm.aem4 : Error.oem4 (.text:xdc_runtime_Error_init__E)
                  2000ffb8    0000000c                                : Gate.oem4 (.text:xdc_runtime_Gate_enterSystem__E)
                  2000ffc4    0000000c                                : Memory.oem4 (.text:xdc_runtime_Memory_calloc__E)
                  2000ffd0    0000000c                                : Memory.oem4 (.text:xdc_runtime_Memory_getMaxDefaultTypeAlign__E)
                  2000ffdc    0000000a     driverlib.a : interrupt.obj (.text:IntMasterEnable)
                  2000ffe6    0000000a     app_pem4.oem4 (.text:xdc_runtime_IHeap_alloc)
                  2000fff0    0000000a     app_pem4.oem4 (.text:xdc_runtime_IHeap_free)
                  2000fffa    0000000a     ti.targets.arm.rtsarm.aem4 : LoggerBuf.oem4 (.text:xdc_runtime_LoggerBuf_disable__E)
                  20010004    0000000a                                : LoggerBuf.oem4 (.text:xdc_runtime_LoggerBuf_enable__E)
                  2001000e    00000008     simplelink.a : wlan.obj (.text:sl_WlanDisconnect)
                  20010016    00000008     sysbios.aem4 : BIOS.obj (.text:ti_sysbios_family_arm_m3_Hwi_doSwiRestore__I)
                  2001001e    00000008                  : BIOS.obj (.text:ti_sysbios_family_arm_m3_Hwi_startup__E)
                  20010026    00000008                  : BIOS.obj (.text:ti_sysbios_knl_Idle_loop__E)
                  2001002e    00000006     driverlib.a : utils.obj (.text:UtilsDelay)
                  20010034    00000006     ti.targets.arm.rtsarm.aem4 : xdc_noinit.oem4 (.text:__xdc__init)
                  2001003a    00000006     rtsv7M4_T_le_eabi.lib : copy_decompress_rle.obj (.text:decompress:rle24)
                  20010040    00000006     sysbios.aem4 : BIOS.obj (.text:ti_sysbios_family_arm_m3_Hwi_restoreFxn__E)
                  20010046    00000006                  : BIOS.obj (.text:ti_sysbios_gates_GateHwi_leave__E)
                  2001004c    00000006                  : BIOS.obj (.text:ti_sysbios_heaps_HeapMem_isBlocking__E)
                  20010052    00000006                  : BIOS.obj (.text:ti_sysbios_knl_Queue_Instance_init__E)
                  20010058    00000006     ti.targets.arm.rtsarm.aem4 : System.oem4 (.text:xdc_runtime_System_Module_startup__E)
                  2001005e    00000004                                : LoggerBuf.oem4 (.text:LoggerBuf_instanceStartup)
                  20010062    00000004     app_pem4.oem4 (.text:ti_sysbios_BIOS_RtsGateProxy_enter__E)
                  20010066    00000004     app_pem4.oem4 (.text:ti_sysbios_BIOS_RtsGateProxy_leave__E)
                  2001006a    00000004     app_pem4.oem4 (.text:ti_sysbios_family_arm_m3_Hwi_delete)
                  2001006e    00000004     app_pem4.oem4 (.text:ti_sysbios_family_arm_m3_TaskSupport_Module__startupDone__S)
                  20010072    00000004     sysbios.aem4 : BIOS.obj (.text:ti_sysbios_family_arm_m3_Timer_getMaxTicks__E)
                  20010076    00000004                  : BIOS.obj (.text:ti_sysbios_gates_GateHwi_query__E)
                  2001007a    00000004                  : BIOS.obj (.text:ti_sysbios_gates_GateMutex_query__E)
                  2001007e    00000004     app_pem4.oem4 (.text:ti_sysbios_hal_Hwi_HwiProxy_Module__startupDone__S)
                  20010082    00000004     app_pem4.oem4 (.text:ti_sysbios_hal_Timer_TimerProxy_Module__startupDone__S)
                  20010086    00000004     app_pem4.oem4 (.text:ti_sysbios_heaps_HeapMem_Module_GateProxy_enter__E)
                  2001008a    00000004     app_pem4.oem4 (.text:ti_sysbios_heaps_HeapMem_Module_GateProxy_leave__E)
                  2001008e    00000004     app_pem4.oem4 (.text:ti_sysbios_knl_Clock_TimerProxy_Module__startupDone__S)
                  20010092    00000004     app_pem4.oem4 (.text:ti_sysbios_knl_Clock_TimerProxy_getMaxTicks__E)
                  20010096    00000004     app_pem4.oem4 (.text:ti_sysbios_knl_Mailbox_delete)
                  2001009a    00000004     app_pem4.oem4 (.text:ti_sysbios_knl_Queue_destruct)
                  2001009e    00000004     app_pem4.oem4 (.text:ti_sysbios_knl_Semaphore_delete)
                  200100a2    00000004     app_pem4.oem4 (.text:ti_sysbios_knl_Semaphore_destruct)
                  200100a6    00000004     app_pem4.oem4 (.text:ti_sysbios_knl_Task_SupportProxy_Module__startupDone__S)
                  200100aa    00000004     app_pem4.oem4 (.text:ti_sysbios_knl_Task_delete)
                  200100ae    00000004     sysbios.aem4 : BIOS.obj (.text:ti_sysbios_knl_Task_startup__E)
                  200100b2    00000004     ti.targets.arm.rtsarm.aem4 : Error.oem4 (.text:xdc_runtime_Error_getSite__E)
                  200100b6    00000004     app_pem4.oem4 (.text:xdc_runtime_LoggerBuf_Module_GateProxy_enter__E)
                  200100ba    00000004     app_pem4.oem4 (.text:xdc_runtime_LoggerBuf_Module_GateProxy_leave__E)
                  200100be    00000004     app_pem4.oem4 (.text:xdc_runtime_Memory_HeapProxy_alloc__E)
                  200100c2    00000004     app_pem4.oem4 (.text:xdc_runtime_Memory_HeapProxy_free__E)
                  200100c6    00000004     app_pem4.oem4 (.text:xdc_runtime_System_Module_GateProxy_enter__E)
                  200100ca    00000004     app_pem4.oem4 (.text:xdc_runtime_System_Module_GateProxy_leave__E)
                  200100ce    00000004     ti.targets.arm.rtsarm.aem4 : System.oem4 (.text:xdc_runtime_System_aprintf_va__F)
                  200100d2    00000004                                : System.oem4 (.text:xdc_runtime_System_printf_va__F)

.const     0    200100d8    000024ac     
                  200100d8    0000178e     app_pem4.oem4 (.const:xdc_runtime_Text_charTab__A)
                  20011866    00000102     rtsv7M4_T_le_eabi.lib : ctype.obj (.const:.string:_ctypes_)
                  20011968    00000100     driverlib.a : pin.obj (.const:g_ulPinToPadMap)
                  20011a68    000000ec     simplelink.a : wlan.obj (.const)
                  20011b54    000000b8     app_pem4.oem4 (.const:xdc_runtime_Text_nodeTab__A)
                  20011c0c    000000a8     driverlib.a : prcm.obj (.const:PRCM_PeriphRegsList)
                  20011cb4    00000088     main.obj (.const)
                  20011d3c    00000080     driverlib.a : interrupt.obj (.const)
                  20011dbc    0000004c     simplelink.a : driver.obj (.const)
                  20011e08    00000048     app_pem4.oem4 (.const:.string)
                  20011e50    0000003c     main.obj (.const:.string)
                  20011e8c    0000003c     app_pem4.oem4 (.const:ti_sysbios_knl_Task_Object__PARAMS__C)
                  20011ec8    0000003c     app_pem4.oem4 (.const:xdc_runtime_LoggerBuf_Module__FXNS__C)
                  20011f04    00000034     app_pem4.oem4 (.const:ti_sysbios_knl_Mailbox_Object__PARAMS__C)
                  20011f38    00000030     app_pem4.oem4 (.const:ti_sysbios_family_arm_m3_Hwi_Object__PARAMS__C)
                  20011f68    00000030     app_pem4.oem4 (.const:xdc_runtime_Startup_sfxnTab__A)
                  20011f98    0000002c     main.obj (.const:$P$T1$2)
                  20011fc4    00000028     simplelink.a : netapp.obj (.const)
                  20011fec    00000028     app_pem4.oem4 (.const:ti_sysbios_heaps_HeapMem_Module__FXNS__C)
                  20012014    00000024     app_pem4.oem4 (.const:ti_sysbios_gates_GateHwi_Module__FXNS__C)
                  20012038    00000024     app_pem4.oem4 (.const:ti_sysbios_gates_GateMutex_Module__FXNS__C)
                  2001205c    00000024     app_pem4.oem4 (.const:ti_sysbios_heaps_HeapMem_Object__PARAMS__C)
                  20012080    00000024     app_pem4.oem4 (.const:ti_sysbios_knl_Semaphore_Object__PARAMS__C)
                  200120a4    00000024     app_pem4.oem4 (.const:xdc_runtime_LoggerBuf_Object__PARAMS__C)
                  200120c8    00000022     main.obj (.const:.string:$P$T0$1)
                  200120ea    00000002     app_pem4.oem4 (.const:ti_sysbios_family_arm_m3_Hwi_Module__id__C)
                  200120ec    00000020     app_pem4.oem4 (.const:ti_sysbios_family_arm_m3_Hwi_Object__DESC__C)
                  2001210c    00000020     app_pem4.oem4 (.const:ti_sysbios_gates_GateHwi_Object__DESC__C)
                  2001212c    00000020     app_pem4.oem4 (.const:ti_sysbios_gates_GateMutex_Object__DESC__C)
                  2001214c    00000020     app_pem4.oem4 (.const:ti_sysbios_heaps_HeapMem_Object__DESC__C)
                  2001216c    00000020     app_pem4.oem4 (.const:ti_sysbios_knl_Mailbox_Object__DESC__C)
                  2001218c    00000020     app_pem4.oem4 (.const:ti_sysbios_knl_Queue_Object__DESC__C)
                  200121ac    00000020     app_pem4.oem4 (.const:ti_sysbios_knl_Semaphore_Object__DESC__C)
                  200121cc    00000020     app_pem4.oem4 (.const:ti_sysbios_knl_Task_Object__DESC__C)
                  200121ec    00000020     app_pem4.oem4 (.const:xdc_runtime_LoggerBuf_Object__DESC__C)
                  2001220c    00000018     driverlib.a : spi.obj (.const)
                  20012224    00000018     app_pem4.oem4 (.const:ti_sysbios_gates_GateHwi_Object__PARAMS__C)
                  2001223c    00000018     app_pem4.oem4 (.const:ti_sysbios_gates_GateMutex_Object__PARAMS__C)
                  20012254    00000018     app_pem4.oem4 (.const:ti_sysbios_knl_Queue_Object__PARAMS__C)
                  2001226c    00000018     app_pem4.oem4 (.const:xdc_runtime_Startup_sfxnRts__A)
                  20012284    00000014     simplelink.a : device.obj (.const)
                  20012298    00000011     ti.targets.arm.rtsarm.aem4 : System.oem4 (.const:.string)
                  200122a9    00000001     app_pem4.oem4 (.const:xdc_runtime_Error_policy__C)
                  200122aa    00000002     app_pem4.oem4 (.const:ti_sysbios_family_arm_m3_Hwi_Module__loggerDefined__C)
                  200122ac    0000000c     app_pem4.oem4 (.const:xdc_runtime_Startup_firstFxns__A)
                  200122b8    00000008     simplelink.a : netcfg.obj (.const)
                  200122c0    00000008     app_pem4.oem4 (.const:ti_sysbios_family_arm_m3_Hwi_excHookFuncs__A)
                  200122c8    00000008     app_pem4.oem4 (.const:ti_sysbios_knl_Idle_funcList__C)
                  200122d0    00000008     app_pem4.oem4 (.const:xdc_runtime_Startup_firstFxns__C)
                  200122d8    00000008     app_pem4.oem4 (.const:xdc_runtime_Startup_lastFxns__C)
                  200122e0    00000004     app_pem4.oem4 (.const:ti_sysbios_family_arm_m3_Hwi_E_NMI__C)
                  200122e4    00000004     app_pem4.oem4 (.const:ti_sysbios_family_arm_m3_Hwi_E_alreadyDefined__C)
                  200122e8    00000004     app_pem4.oem4 (.const:ti_sysbios_family_arm_m3_Hwi_E_busFault__C)
                  200122ec    00000004     app_pem4.oem4 (.const:ti_sysbios_family_arm_m3_Hwi_E_debugMon__C)
                  200122f0    00000004     app_pem4.oem4 (.const:ti_sysbios_family_arm_m3_Hwi_E_hardFault__C)
                  200122f4    00000004     app_pem4.oem4 (.const:ti_sysbios_family_arm_m3_Hwi_E_memFault__C)
                  200122f8    00000004     app_pem4.oem4 (.const:ti_sysbios_family_arm_m3_Hwi_E_noIsr__C)
                  200122fc    00000004     app_pem4.oem4 (.const:ti_sysbios_family_arm_m3_Hwi_E_reserved__C)
                  20012300    00000004     app_pem4.oem4 (.const:ti_sysbios_family_arm_m3_Hwi_E_svCall__C)
                  20012304    00000004     app_pem4.oem4 (.const:ti_sysbios_family_arm_m3_Hwi_E_usageFault__C)
                  20012308    00000004     app_pem4.oem4 (.const:ti_sysbios_family_arm_m3_Hwi_LD_end__C)
                  2001230c    00000004     app_pem4.oem4 (.const:ti_sysbios_family_arm_m3_Hwi_LM_begin__C)
                  20012310    00000004     app_pem4.oem4 (.const:ti_sysbios_family_arm_m3_Hwi_Module__diagsEnabled__C)
                  20012314    00000004     app_pem4.oem4 (.const:ti_sysbios_family_arm_m3_Hwi_Module__diagsIncluded__C)
                  20012318    00000004     app_pem4.oem4 (.const:ti_sysbios_family_arm_m3_Hwi_Module__diagsMask__C)
                  2001231c    00000004     app_pem4.oem4 (.const:ti_sysbios_family_arm_m3_Hwi_Module__loggerFxn1__C)
                  20012320    00000004     app_pem4.oem4 (.const:ti_sysbios_family_arm_m3_Hwi_Module__loggerFxn8__C)
                  20012324    00000004     app_pem4.oem4 (.const:ti_sysbios_family_arm_m3_Hwi_Module__loggerObj__C)
                  20012328    00000004     app_pem4.oem4 (.const:ti_sysbios_family_arm_m3_Hwi_NUM_INTERRUPTS__C)
                  2001232c    00000004     app_pem4.oem4 (.const:ti_sysbios_family_arm_m3_Hwi_Object__count__C)
                  20012330    00000004     app_pem4.oem4 (.const:ti_sysbios_family_arm_m3_Hwi_ccr__C)
                  20012334    00000004     app_pem4.oem4 (.const:ti_sysbios_family_arm_m3_Hwi_excHandlerFunc__C)
                  20012338    00000004     app_pem4.oem4 (.const:ti_sysbios_family_arm_m3_Hwi_excHookFuncs__C)
                  2001233c    00000004     app_pem4.oem4 (.const:ti_sysbios_family_arm_m3_Hwi_nullIsrFunc__C)
                  20012340    00000004     app_pem4.oem4 (.const:ti_sysbios_family_arm_m3_Hwi_priGroup__C)
                  20012344    00000004     app_pem4.oem4 (.const:ti_sysbios_family_arm_m3_TaskSupport_stackAlignment__C)
                  20012348    00000004     app_pem4.oem4 (.const:ti_sysbios_family_arm_m3_Timer_E_cannotSupport__C)
                  2001234c    00000004     app_pem4.oem4 (.const:ti_sysbios_family_arm_m3_Timer_startupNeeded__C)
                  20012350    00000004     app_pem4.oem4 (.const:ti_sysbios_gates_GateMutex_A_badContext__C)
                  20012354    00000004     app_pem4.oem4 (.const:ti_sysbios_gates_GateMutex_Instance_State_sem__O)
                  20012358    00000004     app_pem4.oem4 (.const:ti_sysbios_gates_GateMutex_Module__diagsEnabled__C)
                  2001235c    00000004     app_pem4.oem4 (.const:ti_sysbios_gates_GateMutex_Module__diagsIncluded__C)
                  20012360    00000004     app_pem4.oem4 (.const:ti_sysbios_gates_GateMutex_Module__diagsMask__C)
                  20012364    00000004     app_pem4.oem4 (.const:ti_sysbios_hal_Hwi_E_stackOverflow__C)
                  20012368    00000004     app_pem4.oem4 (.const:ti_sysbios_heaps_HeapMem_A_align__C)
                  2001236c    00000004     app_pem4.oem4 (.const:ti_sysbios_heaps_HeapMem_A_heapSize__C)
                  20012370    00000004     app_pem4.oem4 (.const:ti_sysbios_heaps_HeapMem_A_invalidFree__C)
                  20012374    00000004     app_pem4.oem4 (.const:ti_sysbios_heaps_HeapMem_A_zeroBlock__C)
                  20012378    00000004     app_pem4.oem4 (.const:ti_sysbios_heaps_HeapMem_E_memory__C)
                  2001237c    00000004     app_pem4.oem4 (.const:ti_sysbios_heaps_HeapMem_Module__diagsEnabled__C)
                  20012380    00000004     app_pem4.oem4 (.const:ti_sysbios_heaps_HeapMem_Module__diagsIncluded__C)
                  20012384    00000004     app_pem4.oem4 (.const:ti_sysbios_heaps_HeapMem_Module__diagsMask__C)
                  20012388    00000004     app_pem4.oem4 (.const:ti_sysbios_heaps_HeapMem_Module__gateObj__C)
                  2001238c    00000004     app_pem4.oem4 (.const:ti_sysbios_heaps_HeapMem_Object__count__C)
                  20012390    00000004     app_pem4.oem4 (.const:ti_sysbios_heaps_HeapMem_reqAlign__C)
                  20012394    00000004     app_pem4.oem4 (.const:ti_sysbios_knl_Clock_LM_begin__C)
                  20012398    00000004     app_pem4.oem4 (.const:ti_sysbios_knl_Clock_LM_tick__C)
                  2001239c    00000004     app_pem4.oem4 (.const:ti_sysbios_knl_Clock_LW_delayed__C)
                  200123a0    00000004     app_pem4.oem4 (.const:ti_sysbios_knl_Clock_Module_State_clockQ__O)
                  200123a4    00000004     app_pem4.oem4 (.const:ti_sysbios_knl_Clock_Module__diagsEnabled__C)
                  200123a8    00000004     app_pem4.oem4 (.const:ti_sysbios_knl_Clock_Module__diagsIncluded__C)
                  200123ac    00000004     app_pem4.oem4 (.const:ti_sysbios_knl_Clock_Module__diagsMask__C)
                  200123b0    00000004     app_pem4.oem4 (.const:ti_sysbios_knl_Clock_Module__loggerFxn1__C)
                  200123b4    00000004     app_pem4.oem4 (.const:ti_sysbios_knl_Clock_Module__loggerFxn2__C)
                  200123b8    00000004     app_pem4.oem4 (.const:ti_sysbios_knl_Clock_Module__loggerObj__C)
                  200123bc    00000004     app_pem4.oem4 (.const:ti_sysbios_knl_Clock_tickPeriod__C)
                  200123c0    00000004     app_pem4.oem4 (.const:ti_sysbios_knl_Idle_funcList__A)
                  200123c4    00000004     app_pem4.oem4 (.const:ti_sysbios_knl_Mailbox_A_invalidBufSize__C)
                  200123c8    00000004     app_pem4.oem4 (.const:ti_sysbios_knl_Mailbox_Instance_State_dataQue__O)
                  200123cc    00000004     app_pem4.oem4 (.const:ti_sysbios_knl_Mailbox_Instance_State_dataSem__O)
                  200123d0    00000004     app_pem4.oem4 (.const:ti_sysbios_knl_Mailbox_Instance_State_freeQue__O)
                  200123d4    00000004     app_pem4.oem4 (.const:ti_sysbios_knl_Mailbox_Instance_State_freeSem__O)
                  200123d8    00000004     app_pem4.oem4 (.const:ti_sysbios_knl_Mailbox_Module__diagsEnabled__C)
                  200123dc    00000004     app_pem4.oem4 (.const:ti_sysbios_knl_Mailbox_Module__diagsIncluded__C)
                  200123e0    00000004     app_pem4.oem4 (.const:ti_sysbios_knl_Mailbox_Module__diagsMask__C)
                  200123e4    00000004     app_pem4.oem4 (.const:ti_sysbios_knl_Mailbox_Object__count__C)
                  200123e8    00000004     app_pem4.oem4 (.const:ti_sysbios_knl_Mailbox_maxTypeAlign__C)
                  200123ec    00000004     app_pem4.oem4 (.const:ti_sysbios_knl_Semaphore_A_badContext__C)
                  200123f0    00000004     app_pem4.oem4 (.const:ti_sysbios_knl_Semaphore_A_noEvents__C)
                  200123f4    00000004     app_pem4.oem4 (.const:ti_sysbios_knl_Semaphore_A_overflow__C)
                  200123f8    00000004     app_pem4.oem4 (.const:ti_sysbios_knl_Semaphore_A_pendTaskDisabled__C)
                  200123fc    00000004     app_pem4.oem4 (.const:ti_sysbios_knl_Semaphore_Instance_State_pendQ__O)
                  20012400    00000004     app_pem4.oem4 (.const:ti_sysbios_knl_Semaphore_LM_pend__C)
                  20012404    00000004     app_pem4.oem4 (.const:ti_sysbios_knl_Semaphore_LM_post__C)
                  20012408    00000004     app_pem4.oem4 (.const:ti_sysbios_knl_Semaphore_Module__diagsEnabled__C)
                  2001240c    00000004     app_pem4.oem4 (.const:ti_sysbios_knl_Semaphore_Module__diagsIncluded__C)
                  20012410    00000004     app_pem4.oem4 (.const:ti_sysbios_knl_Semaphore_Module__diagsMask__C)
                  20012414    00000004     app_pem4.oem4 (.const:ti_sysbios_knl_Semaphore_Module__loggerFxn2__C)
                  20012418    00000004     app_pem4.oem4 (.const:ti_sysbios_knl_Semaphore_Module__loggerFxn4__C)
                  2001241c    00000004     app_pem4.oem4 (.const:ti_sysbios_knl_Semaphore_Module__loggerObj__C)
                  20012420    00000004     app_pem4.oem4 (.const:ti_sysbios_knl_Swi_LD_end__C)
                  20012424    00000004     app_pem4.oem4 (.const:ti_sysbios_knl_Swi_LM_begin__C)
                  20012428    00000004     app_pem4.oem4 (.const:ti_sysbios_knl_Swi_LM_post__C)
                  2001242c    00000004     app_pem4.oem4 (.const:ti_sysbios_knl_Swi_Module__diagsEnabled__C)
                  20012430    00000004     app_pem4.oem4 (.const:ti_sysbios_knl_Swi_Module__diagsIncluded__C)
                  20012434    00000004     app_pem4.oem4 (.const:ti_sysbios_knl_Swi_Module__diagsMask__C)
                  20012438    00000004     app_pem4.oem4 (.const:ti_sysbios_knl_Swi_Module__loggerFxn1__C)
                  2001243c    00000004     app_pem4.oem4 (.const:ti_sysbios_knl_Swi_Module__loggerFxn4__C)
                  20012440    00000004     app_pem4.oem4 (.const:ti_sysbios_knl_Swi_Module__loggerObj__C)
                  20012444    00000004     app_pem4.oem4 (.const:ti_sysbios_knl_Swi_Object__count__C)
                  20012448    00000004     app_pem4.oem4 (.const:ti_sysbios_knl_Task_A_badPriority__C)
                  2001244c    00000004     app_pem4.oem4 (.const:ti_sysbios_knl_Task_A_badTaskState__C)
                  20012450    00000004     app_pem4.oem4 (.const:ti_sysbios_knl_Task_A_badThreadType__C)
                  20012454    00000004     app_pem4.oem4 (.const:ti_sysbios_knl_Task_A_badTimeout__C)
                  20012458    00000004     app_pem4.oem4 (.const:ti_sysbios_knl_Task_A_noPendElem__C)
                  2001245c    00000004     app_pem4.oem4 (.const:ti_sysbios_knl_Task_A_sleepTaskDisabled__C)
                  20012460    00000004     app_pem4.oem4 (.const:ti_sysbios_knl_Task_E_spOutOfBounds__C)
                  20012464    00000004     app_pem4.oem4 (.const:ti_sysbios_knl_Task_E_stackOverflow__C)
                  20012468    00000004     app_pem4.oem4 (.const:ti_sysbios_knl_Task_LD_block__C)
                  2001246c    00000004     app_pem4.oem4 (.const:ti_sysbios_knl_Task_LD_exit__C)
                  20012470    00000004     app_pem4.oem4 (.const:ti_sysbios_knl_Task_LD_ready__C)
                  20012474    00000004     app_pem4.oem4 (.const:ti_sysbios_knl_Task_LM_sleep__C)
                  20012478    00000004     app_pem4.oem4 (.const:ti_sysbios_knl_Task_LM_switch__C)
                  2001247c    00000004     app_pem4.oem4 (.const:ti_sysbios_knl_Task_Module_State_inactiveQ__O)
                  20012480    00000004     app_pem4.oem4 (.const:ti_sysbios_knl_Task_Module__diagsEnabled__C)
                  20012484    00000004     app_pem4.oem4 (.const:ti_sysbios_knl_Task_Module__diagsIncluded__C)
                  20012488    00000004     app_pem4.oem4 (.const:ti_sysbios_knl_Task_Module__diagsMask__C)
                  2001248c    00000004     app_pem4.oem4 (.const:ti_sysbios_knl_Task_Module__loggerFxn2__C)
                  20012490    00000004     app_pem4.oem4 (.const:ti_sysbios_knl_Task_Module__loggerFxn4__C)
                  20012494    00000004     app_pem4.oem4 (.const:ti_sysbios_knl_Task_Module__loggerObj__C)
                  20012498    00000004     app_pem4.oem4 (.const:ti_sysbios_knl_Task_Object__count__C)
                  2001249c    00000004     app_pem4.oem4 (.const:ti_sysbios_knl_Task_allBlockedFunc__C)
                  200124a0    00000004     app_pem4.oem4 (.const:ti_sysbios_knl_Task_defaultStackHeap__C)
                  200124a4    00000004     app_pem4.oem4 (.const:ti_sysbios_knl_Task_defaultStackSize__C)
                  200124a8    00000004     app_pem4.oem4 (.const:ti_sysbios_knl_Task_numConstructedTasks__C)
                  200124ac    00000004     app_pem4.oem4 (.const:xdc_runtime_Assert_E_assertFailed__C)
                  200124b0    00000004     app_pem4.oem4 (.const:xdc_runtime_Core_A_initializedParams__C)
                  200124b4    00000004     app_pem4.oem4 (.const:xdc_runtime_Core_Module__diagsEnabled__C)
                  200124b8    00000004     app_pem4.oem4 (.const:xdc_runtime_Core_Module__diagsIncluded__C)
                  200124bc    00000004     app_pem4.oem4 (.const:xdc_runtime_Core_Module__diagsMask__C)
                  200124c0    00000004     app_pem4.oem4 (.const:xdc_runtime_Error_E_memory__C)
                  200124c4    00000004     app_pem4.oem4 (.const:xdc_runtime_Error_Module__diagsEnabled__C)
                  200124c8    00000004     app_pem4.oem4 (.const:xdc_runtime_Error_Module__diagsIncluded__C)
                  200124cc    00000004     app_pem4.oem4 (.const:xdc_runtime_Error_Module__diagsMask__C)
                  200124d0    00000004     app_pem4.oem4 (.const:xdc_runtime_Error_Module__loggerFxn8__C)
                  200124d4    00000004     app_pem4.oem4 (.const:xdc_runtime_Error_Module__loggerObj__C)
                  200124d8    00000004     app_pem4.oem4 (.const:xdc_runtime_Error_policyFxn__C)
                  200124dc    00000004     app_pem4.oem4 (.const:xdc_runtime_Error_raiseHook__C)
                  200124e0    00000004     app_pem4.oem4 (.const:xdc_runtime_IFilterLogger_Interface__BASE__C)
                  200124e4    00000004     app_pem4.oem4 (.const:xdc_runtime_IGateProvider_Interface__BASE__C)
                  200124e8    00000004     app_pem4.oem4 (.const:xdc_runtime_IHeap_Interface__BASE__C)
                  200124ec    00000004     app_pem4.oem4 (.const:xdc_runtime_ILogger_Interface__BASE__C)
                  200124f0    00000004     app_pem4.oem4 (.const:xdc_runtime_IModule_Interface__BASE__C)
                  200124f4    00000004     app_pem4.oem4 (.const:xdc_runtime_Log_L_error__C)
                  200124f8    00000004     app_pem4.oem4 (.const:xdc_runtime_LoggerBuf_E_badLevel__C)
                  200124fc    00000004     app_pem4.oem4 (.const:xdc_runtime_LoggerBuf_Module__gateObj__C)
                  20012500    00000004     app_pem4.oem4 (.const:xdc_runtime_LoggerBuf_Object__count__C)
                  20012504    00000004     app_pem4.oem4 (.const:xdc_runtime_LoggerBuf_statusLogger__C)
                  20012508    00000004     app_pem4.oem4 (.const:xdc_runtime_Memory_defaultHeapInstance__C)
                  2001250c    00000004     app_pem4.oem4 (.const:xdc_runtime_Startup_execImpl__C)
                  20012510    00000004     app_pem4.oem4 (.const:xdc_runtime_Startup_maxPasses__C)
                  20012514    00000004     app_pem4.oem4 (.const:xdc_runtime_Startup_sfxnRts__C)
                  20012518    00000004     app_pem4.oem4 (.const:xdc_runtime_Startup_sfxnTab__C)
                  2001251c    00000004     app_pem4.oem4 (.const:xdc_runtime_SysMin_bufSize__C)
                  20012520    00000004     app_pem4.oem4 (.const:xdc_runtime_SysMin_outputFunc__C)
                  20012524    00000004     app_pem4.oem4 (.const:xdc_runtime_System_Module__gateObj__C)
                  20012528    00000004     app_pem4.oem4 (.const:xdc_runtime_System_abortFxn__C)
                  2001252c    00000004     app_pem4.oem4 (.const:xdc_runtime_System_exitFxn__C)
                  20012530    00000004     app_pem4.oem4 (.const:xdc_runtime_System_extendFxn__C)
                  20012534    00000004     app_pem4.oem4 (.const:xdc_runtime_System_maxAtexitHandlers__C)
                  20012538    00000004     app_pem4.oem4 (.const:xdc_runtime_Text_charTab__C)
                  2001253c    00000004     app_pem4.oem4 (.const:xdc_runtime_Text_nameEmpty__C)
                  20012540    00000004     app_pem4.oem4 (.const:xdc_runtime_Text_nameStatic__C)
                  20012544    00000004     app_pem4.oem4 (.const:xdc_runtime_Text_nameUnknown__C)
                  20012548    00000004     app_pem4.oem4 (.const:xdc_runtime_Text_nodeTab__C)
                  2001254c    00000004     app_pem4.oem4 (.const:xdc_runtime_Text_visitRopeFxn__C)
                  20012550    00000002     app_pem4.oem4 (.const:ti_sysbios_family_arm_m3_Timer_Module__id__C)
                  20012552    00000002     app_pem4.oem4 (.const:ti_sysbios_family_arm_m3_TimestampProvider_configTimer__C)
                  20012554    00000002     app_pem4.oem4 (.const:ti_sysbios_gates_GateMutex_Module__id__C)
                  20012556    00000002     app_pem4.oem4 (.const:ti_sysbios_hal_Hwi_Module__id__C)
                  20012558    00000002     app_pem4.oem4 (.const:ti_sysbios_heaps_HeapMem_Module__id__C)
                  2001255a    00000002     app_pem4.oem4 (.const:ti_sysbios_knl_Clock_Module__id__C)
                  2001255c    00000002     app_pem4.oem4 (.const:ti_sysbios_knl_Clock_Module__loggerDefined__C)
                  2001255e    00000002     app_pem4.oem4 (.const:ti_sysbios_knl_Mailbox_Module__id__C)
                  20012560    00000002     app_pem4.oem4 (.const:ti_sysbios_knl_Semaphore_Module__id__C)
                  20012562    00000002     app_pem4.oem4 (.const:ti_sysbios_knl_Semaphore_Module__loggerDefined__C)
                  20012564    00000002     app_pem4.oem4 (.const:ti_sysbios_knl_Swi_Module__id__C)
                  20012566    00000002     app_pem4.oem4 (.const:ti_sysbios_knl_Swi_Module__loggerDefined__C)
                  20012568    00000002     app_pem4.oem4 (.const:ti_sysbios_knl_Task_Module__id__C)
                  2001256a    00000002     app_pem4.oem4 (.const:ti_sysbios_knl_Task_Module__loggerDefined__C)
                  2001256c    00000002     app_pem4.oem4 (.const:ti_sysbios_knl_Task_initStackFlag__C)
                  2001256e    00000002     app_pem4.oem4 (.const:xdc_runtime_Core_Module__id__C)
                  20012570    00000002     app_pem4.oem4 (.const:xdc_runtime_Error_Module__loggerDefined__C)
                  20012572    00000002     app_pem4.oem4 (.const:xdc_runtime_Error_maxDepth__C)
                  20012574    00000002     app_pem4.oem4 (.const:xdc_runtime_LoggerBuf_Module__id__C)
                  20012576    00000002     app_pem4.oem4 (.const:xdc_runtime_LoggerBuf_filterByLevel__C)
                  20012578    00000002     app_pem4.oem4 (.const:xdc_runtime_Memory_Module__id__C)
                  2001257a    00000002     app_pem4.oem4 (.const:xdc_runtime_SysMin_flushAtExit__C)
                  2001257c    00000002     app_pem4.oem4 (.const:xdc_runtime_Text_charCnt__C)
                  2001257e    00000002     app_pem4.oem4 (.const:xdc_runtime_Text_isLoaded__C)
                  20012580    00000002     app_pem4.oem4 (.const:xdc_runtime_Text_registryModsLastId__C)
                  20012582    00000002     app_pem4.oem4 (.const:xdc_runtime_Text_unnamedModsLastId__C)

.cinit     0    20012588    00000370     
                  20012588    00000345     (.cinit..data.load) [load image, compression = rle]
                  200128cd    00000003     --HOLE-- [fill = 0]
                  200128d0    0000000c     (__TI_handler_table)
                  200128dc    00000004     --HOLE-- [fill = 0]
                  200128e0    00000008     (.cinit..bss.load) [load image, compression = zero_init]
                  200128e8    00000010     (__TI_cinit_table)

.bss       0    20018000    0000946f     UNINITIALIZED
                  20018000    00008000     app_pem4.oem4 (.bss:ti_sysbios_heaps_HeapMem_Instance_State_0_buf__A)
                  20020000    00000800     app_pem4.oem4 (.bss:taskStackSection)
                  20020800    00000400     app_pem4.oem4 (.bss:xdc_runtime_LoggerBuf_Instance_State_0_entryArr__A)
                  20020c00    00000400     app_pem4.oem4 (.bss:xdc_runtime_SysMin_Module_State_0_outbuf__A)
                  20021000    0000030c     app_pem4.oem4 (.bss:ti_sysbios_family_arm_m3_Hwi_dispatchTable)
                  2002130c    00000120     rtsv7M4_T_le_eabi.lib : trgmsg.obj (.bss:__CIOBUF_)
                  2002142c    00000024     main.obj (.bss:g_ucConnectionSSID)
                  20021450    00000008     (.common:g_ucConnectionBSSID)
                  20021458    00000008     (.common:parmbuf)
                  20021460    00000004     (.common:SimpleLinkSpawnTaskHndl)
                  20021464    00000004     (.common:__Errorlog)
                  20021468    00000004     (.common:simpleLink_mailbox)
                  2002146c    00000001     (.common:g_ucLED1Pin)
                  2002146d    00000001     (.common:g_ucLED2Pin)
                  2002146e    00000001     (.common:g_ucLED3Pin)

.data      0    20021470    00000630     UNINITIALIZED
                  20021470    00000184     simplelink.a : driver.obj (.data)
                  200215f4    00000138     app_pem4.oem4 (.data)
                  2002172c    00000080     app_pem4.oem4 (.data:ti_sysbios_knl_Swi_Module_State_0_readyQ__A)
                  200217ac    00000080     app_pem4.oem4 (.data:ti_sysbios_knl_Task_Module_State_0_readyQ__A)
                  2002182c    00000064     simplelink.a : cc_pal.obj (.data)
                  20021890    0000004c     app_pem4.oem4 (.data:ti_sysbios_knl_Task_Object__table__V)
                  200218dc    00000044     app_pem4.oem4 (.data:ti_sysbios_knl_Task_Module__state__V)
                  20021920    00000038     app_pem4.oem4 (.data:ti_sysbios_gates_GateMutex_Object__table__V)
                  20021958    00000034     app_pem4.oem4 (.data:ti_sysbios_family_arm_m3_Hwi_Module__state__V)
                  2002198c    00000030     app_pem4.oem4 (.data:ti_sysbios_family_arm_m3_Timer_Object__table__V)
                  200219bc    00000030     app_pem4.oem4 (.data:ti_sysbios_knl_Swi_Object__table__V)
                  200219ec    0000002c     app_pem4.oem4 (.data:ti_sysbios_knl_Clock_Module__state__V)
                  20021a18    00000024     app_pem4.oem4 (.data:ti_sysbios_BIOS_Module__state__V)
                  20021a3c    00000024     app_pem4.oem4 (.data:xdc_runtime_LoggerBuf_Object__table__V)
                  20021a60    00000020     gpio_if.obj (.data)
                  20021a80    0000000c     main.obj (.data)
                  20021a8c    00000008     rtsv7M4_T_le_eabi.lib : _lock.obj (.data)
                  20021a94    00000008                           : exit.obj (.data)
                  20021a9c    00000004                           : stkdepth_vars.obj (.data)

.stack     0    2002e000    00002000     UNINITIALIZED
                  2002e000    00002000     --HOLE--


LINKER GENERATED COPY TABLES

__TI_cinit_table @ 200128e8 records: 2, size/record: 8, table size: 16
	.data: load addr=20012588, load size=00000345 bytes, run addr=20021470, run size=00000630 bytes, compression=rle
	.bss: load addr=200128e0, load size=00000008 bytes, run addr=20018000, run size=0000946f bytes, compression=zero_init


LINKER GENERATED HANDLER TABLE

__TI_handler_table @ 200128d0 records: 3, size/record: 4, table size: 12
	index: 0, handler: __TI_decompress_rle24
	index: 1, handler: __TI_decompress_none
	index: 2, handler: __TI_zero_init


GLOBAL SYMBOLS: SORTED ALPHABETICALLY BY Name 

address    name
--------   ----
2000e3b9   C$$EXIT
2000d76f   C$$IO$$
2000fc8d   CPUcpsie
20007de9   ClearTerm
2000f8dd   CopyPingResultsToReport
20021838   DMAMsgQ
2000f049   DmaSpiSwIntHandler
20007df3   Error
2000ebcd   GPIODirModeSet
2000fca1   GPIOIntClear
2000f8f7   GPIOIntEnable
2000cbd1   GPIOIntTypeSet
2000facb   GPIOPinRead
2000f54d   GPIOPinWrite
20007075   GPIO_IF_ConfigureNIntEnable
200070f1   GPIO_IF_Get
2000702f   GPIO_IF_GetPortNPin
20006df1   GPIO_IF_LedConfigure
20006ee3   GPIO_IF_LedOff
20006e2f   GPIO_IF_LedOn
20006f97   GPIO_IF_LedStatus
20007001   GPIO_IF_LedToggle
200070b7   GPIO_IF_Set
20007e2b   GetCmd
20007d61   HOSTclock
20007d29   HOSTclose
20007ceb   HOSTgetenv
20007c8f   HOSTlseek
20007c3d   HOSTopen
20007bf1   HOSTread
20007b93   HOSTrename
20007b59   HOSTtime
20007b21   HOSTunlink
20007ad5   HOSTwrite
20007da9   InitTerm
2000bcbd   IntEnable
2000ffdd   IntMasterEnable
2000daf1   IntPendClear
2001005f   LoggerBuf_instanceStartup
20007dc7   Message
2000fde5   NwpMaskInterrupt
2000e861   NwpPowerOff
2000ee0d   NwpPowerOn
2000cc55   NwpPowerOnPreamble
2000f4c5   NwpRegisterInterruptHandler
2000ff41   NwpUnMaskInterrupt
20009ec9   PRCMCC3200MCUInit
2000fc35   PRCMHIBRegRead
2000fc4b   PRCMHIBRegWrite
2000f22d   PRCMPeripheralClkDisable
2000e89d   PRCMPeripheralClkEnable
2000c3a5   PRCMPeripheralClockGet
2000db49   PRCMPeripheralReset
2000ec05   PRCMPeripheralStatusGet
2000f075   PRCMSysResetCauseGet
2000c719   PinConfigSet
2000e661   PinModeSet
2000d551   PinMuxConfig
2000ee3d   PinTypeGPIO
2000f911   PinTypeUART
20007f55   Report
UNDEFED    SHT$$INIT_ARRAY$$Base
UNDEFED    SHT$$INIT_ARRAY$$Limit
2000fae3   SPICSDisable
2000fafb   SPICSEnable
2000bf5d   SPIConfigSetExpClk
2000fb13   SPIDisable
2000f92b   SPIDmaDisable
2000f945   SPIDmaEnable
2000fb2b   SPIEnable
2000f95f   SPIFIFODisable
2000f979   SPIFIFOEnable
2000ec39   SPIFIFOLevelSet
2000e065   SPIIntClear
2000de9d   SPIIntEnable
2000f4e7   SPIReset
2000f509   SPIWordCountSet
200044d5   SimpleLinkGeneralEventHandler
200044ad   SimpleLinkHttpServerCallback
20004417   SimpleLinkNetAppEventHandler
200044eb   SimpleLinkSockEventHandler
20021460   SimpleLinkSpawnTaskHndl
2000430d   SimpleLinkWlanEventHandler
20021890   TSK_idle
20007ebd   TrimSpace
2000fc61   UARTCharGet
2000f76d   UARTCharPut
2000cfbd   UARTConfigSetExpClk
2000ee6d   UARTDisable
2000f2cb   UARTEnable
2001002f   UtilsDelay
20006413   VDeleteSimpleLinkSpawnTask
200063b9   VStartSimpleLinkSpawnTask
20004de1   WlanStationMode
2000ff23   _Dclass
2000e3fd   _Dtest
20011dd0   _SlActionLookupTable
20007149   _SlAsyncEventGenericHandler
20012290   _SlDeviceGetCmdCtrl
20012294   _SlDeviceSetCmdCtrl
2000ec6d   _SlDrvBasicCmd
2000c439   _SlDrvClassifyRxMsg
2000ca45   _SlDrvCmdOp
2000f56d   _SlDrvCmdSend
2000f993   _SlDrvDeviceEventHandler
2000dba1   _SlDrvDriverCBDeinit
2000cd55   _SlDrvDriverCBInit
2000f0a1   _SlDrvFlowContDeinit
2000f0cd   _SlDrvFlowContInit
20006a0d   _SlDrvMsgRead
2000b889   _SlDrvMsgReadCmdCtx
2000c689   _SlDrvMsgReadSpawnCtx
2000a6ed   _SlDrvMsgWrite
2000bb59   _SlDrvNetAppEventHandler
2000f7a9   _SlDrvObjDeInit
2000e8d9   _SlDrvObjInit
2000a90d   _SlDrvReleasePoolObj
20009765   _SlDrvRxHdrRead
2000e6a1   _SlDrvRxIrqHandler
2000fcb5   _SlDrvShiftDWord
2000a801   _SlDrvWaitForPoolObj
2001228c   _SlEventMaskGetCmdCtrl
20012288   _SlEventMaskSetCmdCtrl
2000c30d   _SlFindAndSetActiveObj
20011fdc   _SlGetHostByNameCtrl
20011fd8   _SlGetHostByServiceCtrl
20011fd0   _SlGetServiceListeCtrl
20011fe8   _SlNetAppGetCmdCtrl
20011fe4   _SlNetAppSendTokenValueCmdCtrl
20011fe0   _SlNetAppSetCmdCtrl
20011fc8   _SlNetAppStartCtrl
20011fcc   _SlNetAppStopCtrl
200122bc   _SlNetCfgGetCmdCtrl
200122b8   _SlNetCfgSetCmdCtrl
20011a70   _SlPolicyGetCmdCtrl
20011a6c   _SlPolicySetCmdCtrl
20011a78   _SlProfileDelCmdCtrl
20011a74   _SlProfileGetCmdCtrl
20011fd4   _SlRegisterServiceCtrl
2000e6e1   _SlRemoveFromList
20011a80   _SlRxFilterAddtCmdCtrl
20011a88   _SlRxFilterGetCmdCtrl
20011a84   _SlRxFilterSetCmdCtrl
20011a8c   _SlSmartConfigStartCmdCtrl
20012284   _SlStopCmdCtrl
20011a98   _SlWlanCfgGetCmdCtrl
20011a94   _SlWlanCfgSetCmdCtrl
20011a7c   _SlWlanGetNetworkListCtrl
20011a90   _SlWlanSetModeCmdCtrl
00000000   __ASM__
2002130c   __CIOBUF_
00000076   __ISA__
00000089   __PLAT__
20030000   __STACK_END
00002000   __STACK_SIZE
000000b0   __TARG__
200128e8   __TI_CINIT_Base
[...]
2000fe55   ti_sysbios_gates_GateMutex_Instance_finalize__E
2000fe65   ti_sysbios_knl_Mailbox_Object__get__S
2000fe75   ti_sysbios_knl_Semaphore_Instance_finalize__E
2000fe85   ti_sysbios_knl_Swi_disable__E
2000fe95   ti_sysbios_knl_Task_Object__get__S
2000fea5   ti_sysbios_knl_Task_disable__E
2000feb5   xdc_runtime_Gate_leaveSystem__E
2000fec5   xdc_runtime_LoggerBuf_write0__E
2000fed5   xdc_runtime_Memory_free__E
2000fee5   xdc_runtime_SysMin_ready__E
2000fee5   xdc_runtime_System_SupportProxy_ready__E
2000fef5   xdc_runtime_System_vsnprintf__E
2000ff05   xdc_runtime_Text_visitRope__I
2000ff15   __TI_decompress_none
2000ff23   _Dclass
2000ff31   ti_sysbios_knl_Queue_empty__E
2000ff41   NwpUnMaskInterrupt
2000ff4d   ti_sysbios_family_arm_m3_Hwi_Params__init__S
2000ff59   ti_sysbios_family_arm_m3_Hwi_disableFxn__E
2000ff59   ti_sysbios_hal_Hwi_HwiProxy_disable__E
2000ff59   ti_sysbios_hal_Hwi_disable__E
2000ff65   ti_sysbios_family_arm_m3_TaskSupport_checkStack__E
2000ff65   ti_sysbios_knl_Task_SupportProxy_checkStack__E
2000ff71   ti_sysbios_family_arm_m3_TaskSupport_getStackAlignment__E
2000ff71   ti_sysbios_knl_Task_SupportProxy_getStackAlignment__E
2000ff7d   ti_sysbios_gates_GateHwi_enter__E
2000ff89   ti_sysbios_knl_Queue_Object__get__S
2000ff95   ti_sysbios_knl_Semaphore_Params__init__S
2000ffa1   ti_sysbios_knl_Task_Params__init__S
2000ffad   xdc_runtime_Error_init__E
2000ffb9   xdc_runtime_Gate_enterSystem__E
2000ffc5   xdc_runtime_Memory_calloc__E
2000ffd1   xdc_runtime_Memory_getMaxDefaultTypeAlign__E
2000ffdd   IntMasterEnable
2000fffb   xdc_runtime_LoggerBuf_disable__E
20010005   xdc_runtime_LoggerBuf_enable__E
2001000f   sl_WlanDisconnect
20010017   ti_sysbios_family_arm_m3_Hwi_doSwiRestore__I
2001001f   ti_sysbios_family_arm_m3_Hwi_startup__E
2001001f   ti_sysbios_hal_Hwi_HwiProxy_startup__E
2001001f   ti_sysbios_hal_Hwi_startup__E
20010027   ti_sysbios_knl_Idle_loop__E
2001002f   UtilsDelay
20010035   __xdc__init
2001003b   __TI_decompress_rle24
20010041   ti_sysbios_family_arm_m3_Hwi_restoreFxn__E
20010041   ti_sysbios_hal_Hwi_HwiProxy_restore__E
20010041   ti_sysbios_hal_Hwi_restore__E
20010047   ti_sysbios_gates_GateHwi_leave__E
2001004d   ti_sysbios_heaps_HeapMem_isBlocking__E
20010053   ti_sysbios_knl_Queue_Instance_init__E
20010059   xdc_runtime_System_Module_startup__E
2001005f   LoggerBuf_instanceStartup
20010063   ti_sysbios_BIOS_RtsGateProxy_enter__E
20010067   ti_sysbios_BIOS_RtsGateProxy_leave__E
2001006b   ti_sysbios_family_arm_m3_Hwi_delete
2001006f   ti_sysbios_family_arm_m3_TaskSupport_Module__startupDone__S
20010073   ti_sysbios_family_arm_m3_Timer_getMaxTicks__E
20010077   ti_sysbios_gates_GateHwi_query__E
20010077   xdc_runtime_LoggerBuf_Module_GateProxy_query__E
20010077   xdc_runtime_Main_Module_GateProxy_query__E
20010077   xdc_runtime_System_Module_GateProxy_query__E
2001007b   ti_sysbios_BIOS_RtsGateProxy_query__E
2001007b   ti_sysbios_gates_GateMutex_query__E
2001007b   ti_sysbios_heaps_HeapMem_Module_GateProxy_query__E
2001007f   ti_sysbios_hal_Hwi_HwiProxy_Module__startupDone__S
20010083   ti_sysbios_hal_Timer_TimerProxy_Module__startupDone__S
20010087   ti_sysbios_heaps_HeapMem_Module_GateProxy_enter__E
2001008b   ti_sysbios_heaps_HeapMem_Module_GateProxy_leave__E
2001008f   ti_sysbios_knl_Clock_TimerProxy_Module__startupDone__S
20010093   ti_sysbios_knl_Clock_TimerProxy_getMaxTicks__E
20010097   ti_sysbios_knl_Mailbox_delete
2001009b   ti_sysbios_knl_Queue_destruct
2001009f   ti_sysbios_knl_Semaphore_delete
200100a3   ti_sysbios_knl_Semaphore_destruct
200100a7   ti_sysbios_knl_Task_SupportProxy_Module__startupDone__S
200100ab   ti_sysbios_knl_Task_delete
200100af   ti_sysbios_knl_Task_startup__E
200100b3   xdc_runtime_Error_getSite__E
200100b7   xdc_runtime_LoggerBuf_Module_GateProxy_enter__E
200100bb   xdc_runtime_LoggerBuf_Module_GateProxy_leave__E
200100bf   xdc_runtime_Memory_HeapProxy_alloc__E
200100c3   xdc_runtime_Memory_HeapProxy_free__E
200100c7   xdc_runtime_System_Module_GateProxy_enter__E
200100cb   xdc_runtime_System_Module_GateProxy_leave__E
200100cf   xdc_runtime_System_aprintf_va__F
200100d3   xdc_runtime_System_printf_va__F
200100d8   xdc_runtime_Text_charTab__A
20011866   _ctypes_
20011a6c   _SlPolicySetCmdCtrl
20011a70   _SlPolicyGetCmdCtrl
20011a74   _SlProfileGetCmdCtrl
20011a78   _SlProfileDelCmdCtrl
20011a7c   _SlWlanGetNetworkListCtrl
20011a80   _SlRxFilterAddtCmdCtrl
20011a84   _SlRxFilterSetCmdCtrl
20011a88   _SlRxFilterGetCmdCtrl
20011a8c   _SlSmartConfigStartCmdCtrl
20011a90   _SlWlanSetModeCmdCtrl
20011a94   _SlWlanCfgSetCmdCtrl
20011a98   _SlWlanCfgGetCmdCtrl
20011b54   xdc_runtime_Text_nodeTab__A
20011dc0   g_H2NSyncPattern
20011dc8   g_H2NCnysPattern
20011dd0   _SlActionLookupTable
20011e8c   ti_sysbios_knl_Task_Object__PARAMS__C
20011ec8   xdc_runtime_LoggerBuf_Module__FXNS__C
20011f04   ti_sysbios_knl_Mailbox_Object__PARAMS__C
20011f38   ti_sysbios_family_arm_m3_Hwi_Object__PARAMS__C
20011f68   xdc_runtime_Startup_sfxnTab__A
20011fc8   _SlNetAppStartCtrl
20011fcc   _SlNetAppStopCtrl
20011fd0   _SlGetServiceListeCtrl
20011fd4   _SlRegisterServiceCtrl
20011fd8   _SlGetHostByServiceCtrl
20011fdc   _SlGetHostByNameCtrl
20011fe0   _SlNetAppSetCmdCtrl
20011fe4   _SlNetAppSendTokenValueCmdCtrl
20011fe8   _SlNetAppGetCmdCtrl
20011fec   ti_sysbios_heaps_HeapMem_Module__FXNS__C
20012014   ti_sysbios_gates_GateHwi_Module__FXNS__C
20012038   ti_sysbios_gates_GateMutex_Module__FXNS__C
2001205c   ti_sysbios_heaps_HeapMem_Object__PARAMS__C
20012080   ti_sysbios_knl_Semaphore_Object__PARAMS__C
200120a4   xdc_runtime_LoggerBuf_Object__PARAMS__C
200120ea   ti_sysbios_family_arm_m3_Hwi_Module__id__C
200120ec   ti_sysbios_family_arm_m3_Hwi_Object__DESC__C
2001210c   ti_sysbios_gates_GateHwi_Object__DESC__C
2001212c   ti_sysbios_gates_GateMutex_Object__DESC__C
2001214c   ti_sysbios_heaps_HeapMem_Object__DESC__C
2001216c   ti_sysbios_knl_Mailbox_Object__DESC__C
2001218c   ti_sysbios_knl_Queue_Object__DESC__C
200121ac   ti_sysbios_knl_Semaphore_Object__DESC__C
200121cc   ti_sysbios_knl_Task_Object__DESC__C
200121ec   xdc_runtime_LoggerBuf_Object__DESC__C
20012224   ti_sysbios_gates_GateHwi_Object__PARAMS__C
2001223c   ti_sysbios_gates_GateMutex_Object__PARAMS__C
20012254   ti_sysbios_knl_Queue_Object__PARAMS__C
2001226c   xdc_runtime_Startup_sfxnRts__A
20012284   _SlStopCmdCtrl
20012288   _SlEventMaskSetCmdCtrl
2001228c   _SlEventMaskGetCmdCtrl
20012290   _SlDeviceGetCmdCtrl
20012294   _SlDeviceSetCmdCtrl
200122a9   xdc_runtime_Error_policy__C
200122aa   ti_sysbios_family_arm_m3_Hwi_Module__loggerDefined__C
200122ac   xdc_runtime_Startup_firstFxns__A
200122b8   _SlNetCfgSetCmdCtrl
200122bc   _SlNetCfgGetCmdCtrl
200122c0   ti_sysbios_family_arm_m3_Hwi_excHookFuncs__A
200122c8   ti_sysbios_knl_Idle_funcList__C
200122d0   xdc_runtime_Startup_firstFxns__C
200122d8   xdc_runtime_Startup_lastFxns__C
200122e0   ti_sysbios_family_arm_m3_Hwi_E_NMI__C
200122e4   ti_sysbios_family_arm_m3_Hwi_E_alreadyDefined__C
200122e8   ti_sysbios_family_arm_m3_Hwi_E_busFault__C
200122ec   ti_sysbios_family_arm_m3_Hwi_E_debugMon__C
200122f0   ti_sysbios_family_arm_m3_Hwi_E_hardFault__C
200122f4   ti_sysbios_family_arm_m3_Hwi_E_memFault__C
200122f8   ti_sysbios_family_arm_m3_Hwi_E_noIsr__C
200122fc   ti_sysbios_family_arm_m3_Hwi_E_reserved__C
20012300   ti_sysbios_family_arm_m3_Hwi_E_svCall__C
20012304   ti_sysbios_family_arm_m3_Hwi_E_usageFault__C
20012308   ti_sysbios_family_arm_m3_Hwi_LD_end__C
2001230c   ti_sysbios_family_arm_m3_Hwi_LM_begin__C
20012310   ti_sysbios_family_arm_m3_Hwi_Module__diagsEnabled__C
20012314   ti_sysbios_family_arm_m3_Hwi_Module__diagsIncluded__C
20012318   ti_sysbios_family_arm_m3_Hwi_Module__diagsMask__C
2001231c   ti_sysbios_family_arm_m3_Hwi_Module__loggerFxn1__C
20012320   ti_sysbios_family_arm_m3_Hwi_Module__loggerFxn8__C
20012324   ti_sysbios_family_arm_m3_Hwi_Module__loggerObj__C
20012328   ti_sysbios_family_arm_m3_Hwi_NUM_INTERRUPTS__C
2001232c   ti_sysbios_family_arm_m3_Hwi_Object__count__C
20012330   ti_sysbios_family_arm_m3_Hwi_ccr__C
20012334   ti_sysbios_family_arm_m3_Hwi_excHandlerFunc__C
20012338   ti_sysbios_family_arm_m3_Hwi_excHookFuncs__C
2001233c   ti_sysbios_family_arm_m3_Hwi_nullIsrFunc__C
20012340   ti_sysbios_family_arm_m3_Hwi_priGroup__C
20012344   ti_sysbios_family_arm_m3_TaskSupport_stackAlignment__C
20012348   ti_sysbios_family_arm_m3_Timer_E_cannotSupport__C
2001234c   ti_sysbios_family_arm_m3_Timer_startupNeeded__C
20012350   ti_sysbios_gates_GateMutex_A_badContext__C
20012354   ti_sysbios_gates_GateMutex_Instance_State_sem__O
20012358   ti_sysbios_gates_GateMutex_Module__diagsEnabled__C
2001235c   ti_sysbios_gates_GateMutex_Module__diagsIncluded__C
20012360   ti_sysbios_gates_GateMutex_Module__diagsMask__C
20012364   ti_sysbios_hal_Hwi_E_stackOverflow__C
20012368   ti_sysbios_heaps_HeapMem_A_align__C
2001236c   ti_sysbios_heaps_HeapMem_A_heapSize__C
20012370   ti_sysbios_heaps_HeapMem_A_invalidFree__C
20012374   ti_sysbios_heaps_HeapMem_A_zeroBlock__C
20012378   ti_sysbios_heaps_HeapMem_E_memory__C
2001237c   ti_sysbios_heaps_HeapMem_Module__diagsEnabled__C
20012380   ti_sysbios_heaps_HeapMem_Module__diagsIncluded__C
20012384   ti_sysbios_heaps_HeapMem_Module__diagsMask__C
20012388   ti_sysbios_heaps_HeapMem_Module__gateObj__C
2001238c   ti_sysbios_heaps_HeapMem_Object__count__C
20012390   ti_sysbios_heaps_HeapMem_reqAlign__C
20012394   ti_sysbios_knl_Clock_LM_begin__C
20012398   ti_sysbios_knl_Clock_LM_tick__C
2001239c   ti_sysbios_knl_Clock_LW_delayed__C
200123a0   ti_sysbios_knl_Clock_Module_State_clockQ__O
200123a4   ti_sysbios_knl_Clock_Module__diagsEnabled__C
200123a8   ti_sysbios_knl_Clock_Module__diagsIncluded__C
200123ac   ti_sysbios_knl_Clock_Module__diagsMask__C
200123b0   ti_sysbios_knl_Clock_Module__loggerFxn1__C
200123b4   ti_sysbios_knl_Clock_Module__loggerFxn2__C
200123b8   ti_sysbios_knl_Clock_Module__loggerObj__C
200123bc   ti_sysbios_knl_Clock_tickPeriod__C
200123c0   ti_sysbios_knl_Idle_funcList__A
200123c4   ti_sysbios_knl_Mailbox_A_invalidBufSize__C
200123c8   ti_sysbios_knl_Mailbox_Instance_State_dataQue__O
200123cc   ti_sysbios_knl_Mailbox_Instance_State_dataSem__O
200123d0   ti_sysbios_knl_Mailbox_Instance_State_freeQue__O
200123d4   ti_sysbios_knl_Mailbox_Instance_State_freeSem__O
200123d8   ti_sysbios_knl_Mailbox_Module__diagsEnabled__C
200123dc   ti_sysbios_knl_Mailbox_Module__diagsIncluded__C
200123e0   ti_sysbios_knl_Mailbox_Module__diagsMask__C
200123e4   ti_sysbios_knl_Mailbox_Object__count__C
200123e8   ti_sysbios_knl_Mailbox_maxTypeAlign__C
200123ec   ti_sysbios_knl_Semaphore_A_badContext__C
200123f0   ti_sysbios_knl_Semaphore_A_noEvents__C
200123f4   ti_sysbios_knl_Semaphore_A_overflow__C
200123f8   ti_sysbios_knl_Semaphore_A_pendTaskDisabled__C
200123fc   ti_sysbios_knl_Semaphore_Instance_State_pendQ__O
20012400   ti_sysbios_knl_Semaphore_LM_pend__C
20012404   ti_sysbios_knl_Semaphore_LM_post__C
20012408   ti_sysbios_knl_Semaphore_Module__diagsEnabled__C
2001240c   ti_sysbios_knl_Semaphore_Module__diagsIncluded__C
20012410   ti_sysbios_knl_Semaphore_Module__diagsMask__C
20012414   ti_sysbios_knl_Semaphore_Module__loggerFxn2__C
20012418   ti_sysbios_knl_Semaphore_Module__loggerFxn4__C
2001241c   ti_sysbios_knl_Semaphore_Module__loggerObj__C
20012420   ti_sysbios_knl_Swi_LD_end__C
20012424   ti_sysbios_knl_Swi_LM_begin__C
20012428   ti_sysbios_knl_Swi_LM_post__C
2001242c   ti_sysbios_knl_Swi_Module__diagsEnabled__C
20012430   ti_sysbios_knl_Swi_Module__diagsIncluded__C
20012434   ti_sysbios_knl_Swi_Module__diagsMask__C
20012438   ti_sysbios_knl_Swi_Module__loggerFxn1__C
2001243c   ti_sysbios_knl_Swi_Module__loggerFxn4__C
20012440   ti_sysbios_knl_Swi_Module__loggerObj__C
20012444   ti_sysbios_knl_Swi_Object__count__C
20012448   ti_sysbios_knl_Task_A_badPriority__C
2001244c   ti_sysbios_knl_Task_A_badTaskState__C
20012450   ti_sysbios_knl_Task_A_badThreadType__C
20012454   ti_sysbios_knl_Task_A_badTimeout__C
20012458   ti_sysbios_knl_Task_A_noPendElem__C
2001245c   ti_sysbios_knl_Task_A_sleepTaskDisabled__C
20012460   ti_sysbios_knl_Task_E_spOutOfBounds__C
20012464   ti_sysbios_knl_Task_E_stackOverflow__C
20012468   ti_sysbios_knl_Task_LD_block__C
2001246c   ti_sysbios_knl_Task_LD_exit__C
20012470   ti_sysbios_knl_Task_LD_ready__C
20012474   ti_sysbios_knl_Task_LM_sleep__C
20012478   ti_sysbios_knl_Task_LM_switch__C
2001247c   ti_sysbios_knl_Task_Module_State_inactiveQ__O
20012480   ti_sysbios_knl_Task_Module__diagsEnabled__C
20012484   ti_sysbios_knl_Task_Module__diagsIncluded__C
20012488   ti_sysbios_knl_Task_Module__diagsMask__C
2001248c   ti_sysbios_knl_Task_Module__loggerFxn2__C
20012490   ti_sysbios_knl_Task_Module__loggerFxn4__C
20012494   ti_sysbios_knl_Task_Module__loggerObj__C
20012498   ti_sysbios_knl_Task_Object__count__C
2001249c   ti_sysbios_knl_Task_allBlockedFunc__C
200124a0   ti_sysbios_knl_Task_defaultStackHeap__C
200124a4   ti_sysbios_knl_Task_defaultStackSize__C
200124a8   ti_sysbios_knl_Task_numConstructedTasks__C
200124ac   xdc_runtime_Assert_E_assertFailed__C
200124b0   xdc_runtime_Core_A_initializedParams__C
200124b4   xdc_runtime_Core_Module__diagsEnabled__C
200124b8   xdc_runtime_Core_Module__diagsIncluded__C
200124bc   xdc_runtime_Core_Module__diagsMask__C
200124c0   xdc_runtime_Error_E_memory__C
200124c4   xdc_runtime_Error_Module__diagsEnabled__C
200124c8   xdc_runtime_Error_Module__diagsIncluded__C
200124cc   xdc_runtime_Error_Module__diagsMask__C
200124d0   xdc_runtime_Error_Module__loggerFxn8__C
200124d4   xdc_runtime_Error_Module__loggerObj__C
200124d8   xdc_runtime_Error_policyFxn__C
200124dc   xdc_runtime_Error_raiseHook__C
200124e0   xdc_runtime_IFilterLogger_Interface__BASE__C
200124e4   xdc_runtime_IGateProvider_Interface__BASE__C
200124e8   xdc_runtime_IHeap_Interface__BASE__C
200124ec   xdc_runtime_ILogger_Interface__BASE__C
200124f0   xdc_runtime_IModule_Interface__BASE__C
200124f4   xdc_runtime_Log_L_error__C
200124f8   xdc_runtime_LoggerBuf_E_badLevel__C
200124fc   xdc_runtime_LoggerBuf_Module__gateObj__C
20012500   xdc_runtime_LoggerBuf_Object__count__C
20012504   xdc_runtime_LoggerBuf_statusLogger__C
20012508   xdc_runtime_Memory_defaultHeapInstance__C
2001250c   xdc_runtime_Startup_execImpl__C
20012510   xdc_runtime_Startup_maxPasses__C
20012514   xdc_runtime_Startup_sfxnRts__C
20012518   xdc_runtime_Startup_sfxnTab__C
2001251c   xdc_runtime_SysMin_bufSize__C
20012520   xdc_runtime_SysMin_outputFunc__C
20012524   xdc_runtime_System_Module__gateObj__C
20012528   xdc_runtime_System_abortFxn__C
2001252c   xdc_runtime_System_exitFxn__C
20012530   xdc_runtime_System_extendFxn__C
20012534   xdc_runtime_System_maxAtexitHandlers__C
20012538   xdc_runtime_Text_charTab__C
2001253c   xdc_runtime_Text_nameEmpty__C
20012540   xdc_runtime_Text_nameStatic__C
20012544   xdc_runtime_Text_nameUnknown__C
20012548   xdc_runtime_Text_nodeTab__C
2001254c   xdc_runtime_Text_visitRopeFxn__C
20012550   ti_sysbios_family_arm_m3_Timer_Module__id__C
20012552   ti_sysbios_family_arm_m3_TimestampProvider_configTimer__C
20012554   ti_sysbios_gates_GateMutex_Module__id__C
20012556   ti_sysbios_hal_Hwi_Module__id__C
20012558   ti_sysbios_heaps_HeapMem_Module__id__C
2001255a   ti_sysbios_knl_Clock_Module__id__C
2001255c   ti_sysbios_knl_Clock_Module__loggerDefined__C
2001255e   ti_sysbios_knl_Mailbox_Module__id__C
20012560   ti_sysbios_knl_Semaphore_Module__id__C
20012562   ti_sysbios_knl_Semaphore_Module__loggerDefined__C
20012564   ti_sysbios_knl_Swi_Module__id__C
20012566   ti_sysbios_knl_Swi_Module__loggerDefined__C
20012568   ti_sysbios_knl_Task_Module__id__C
2001256a   ti_sysbios_knl_Task_Module__loggerDefined__C
2001256c   ti_sysbios_knl_Task_initStackFlag__C
2001256e   xdc_runtime_Core_Module__id__C
20012570   xdc_runtime_Error_Module__loggerDefined__C
20012572   xdc_runtime_Error_maxDepth__C
20012574   xdc_runtime_LoggerBuf_Module__id__C
20012576   xdc_runtime_LoggerBuf_filterByLevel__C
20012578   xdc_runtime_Memory_Module__id__C
2001257a   xdc_runtime_SysMin_flushAtExit__C
2001257c   xdc_runtime_Text_charCnt__C
2001257e   xdc_runtime_Text_isLoaded__C
20012580   xdc_runtime_Text_registryModsLastId__C
20012582   xdc_runtime_Text_unnamedModsLastId__C
20012588   __TI_static_base__
200128d0   __TI_Handler_Table_Base
200128dc   __TI_Handler_Table_Limit
200128e8   __TI_CINIT_Base
200128f8   __TI_CINIT_Limit
20018000   ti_sysbios_heaps_HeapMem_Instance_State_0_buf__A
20020000   ti_sysbios_knl_Task_Instance_State_0_stack__A
20020800   xdc_runtime_LoggerBuf_Instance_State_0_entryArr__A
20020c00   xdc_runtime_SysMin_Module_State_0_outbuf__A
20021000   ti_sysbios_family_arm_m3_Hwi_dispatchTable
2002130c   __CIOBUF_
2002142c   g_ucConnectionSSID
20021450   g_ucConnectionBSSID
20021460   SimpleLinkSpawnTaskHndl
20021468   simpleLink_mailbox
2002146c   g_ucLED1Pin
2002146d   g_ucLED2Pin
2002146e   g_ucLED3Pin
20021470   pPingCallBackFunc
20021474   gFirstCmdMode
20021478   g_pCB
2002147c   g_StatMem
200215f4   ti_sysbios_family_arm_m3_Hwi_Module__root__V
200215fc   ti_sysbios_family_arm_m3_Hwi_Object__table__V
20021614   ti_sysbios_family_arm_m3_Hwi_Module_State_0_excActive__A
20021618   ti_sysbios_family_arm_m3_Hwi_Module_State_0_excContext__A
2002161c   ti_sysbios_family_arm_m3_Hwi_Module_State_0_excStack__A
20021620   ti_sysbios_family_arm_m3_Timer_Module__root__V
20021628   ti_sysbios_family_arm_m3_Timer_Module__state__V
20021634   ti_sysbios_family_arm_m3_TimestampProvider_Module__state__V
20021638   ti_sysbios_gates_GateHwi_Module__root__V
20021640   ti_sysbios_gates_GateHwi_Object__table__V
20021644   ti_sysbios_gates_GateMutex_Module__root__V
2002164c   ti_sysbios_hal_Hwi_Module__root__V
20021654   ti_sysbios_hal_Timer_Module__root__V
2002165c   ti_sysbios_heaps_HeapMem_Module__root__V
20021664   ti_sysbios_heaps_HeapMem_Object__table__V
2002167c   ti_sysbios_knl_Clock_Module__root__V
20021684   ti_sysbios_knl_Event_Module__root__V
2002168c   ti_sysbios_knl_Mailbox_Module__root__V
20021694   ti_sysbios_knl_Queue_Module__root__V
2002169c   ti_sysbios_knl_Semaphore_Module__root__V
200216a4   ti_sysbios_knl_Swi_Module__root__V
200216ac   ti_sysbios_knl_Swi_Module__state__V
200216c8   ti_sysbios_knl_Task_Module__root__V
200216d0   ti_sysbios_knl_Task_Module_State_0_idleTask__A
200216d4   xdc_runtime_Error_Module__state__V
200216d8   xdc_runtime_LoggerBuf_Module__root__V
200216e0   xdc_runtime_LoggerBuf_Module__state__V
200216e8   xdc_runtime_Memory_Module__state__V
200216ec   xdc_runtime_Registry_Module__state__V
200216f4   xdc_runtime_Startup_Module__state__V
200216fc   xdc_runtime_SysMin_Module__state__V
20021708   xdc_runtime_System_Module_State_0_atexitHandlers__A
20021718   xdc_runtime_System_Module__state__V
20021720   xdc_runtime_Text_Module__state__V
20021728   __xdc__init__addr
2002172c   ti_sysbios_knl_Swi_Module_State_0_readyQ__A
200217ac   ti_sysbios_knl_Task_Module_State_0_readyQ__A
2002182c   g_SpiFd
20021830   g_pHostIntHdl
20021834   g_ucDMAEnabled
20021838   DMAMsgQ
2002183c   g_cDummy
20021840   g_ucDinDout
20021890   TSK_idle
20021890   ti_sysbios_knl_Task_Object__table__V
200218dc   ti_sysbios_knl_Task_Module__state__V
20021920   ti_sysbios_gates_GateMutex_Object__table__V
20021958   ti_sysbios_family_arm_m3_Hwi_Module__state__V
2002198c   ti_sysbios_family_arm_m3_Timer_Object__table__V
200219bc   ti_sysbios_knl_Swi_Object__table__V
200219ec   ti_sysbios_knl_Clock_Module__state__V
20021a18   ti_sysbios_BIOS_Module__state__V
20021a3c   xdc_runtime_LoggerBuf_Object__table__V
20021a74   g_uiLED1Port
20021a78   g_uiLED2Port
20021a7c   g_uiLED3Port
20021a80   g_ulStatus
20021a84   g_ulPingPacketsRecv
20021a88   g_ulGatewayIP
20021a8c   _lock
20021a90   _unlock
20021a94   __TI_cleanup_ptr
20021a98   __TI_dtors_ptr
20021a9c   main_func_sp
2002e000   __stack
20030000   __STACK_END
e000e000   ti_sysbios_family_arm_m3_Hwi_nvic
ffffffff   __binit__
ffffffff   __c_args__
ffffffff   binit
UNDEFED    SHT$$INIT_ARRAY$$Base
UNDEFED    SHT$$INIT_ARRAY$$Limit

[880 symbols]
