<?xml version="1.0"?>
<link_info>
   <banner>TI ARM Linker PC v5.1.6</banner>
   <copyright>Copyright (c) 1996-2014 Texas Instruments Incorporated</copyright>
   <link_time>0x54949ad0</link_time>
   <link_errors>0x0</link_errors>
   <output_file>adc.out</output_file>
   <entry_point>
      <name>_c_int00</name>
      <address>0x20006d71</address>
   </entry_point>
   <input_file_list>
      <input_file id="fl-2">
         <path>.\</path>
         <kind>object</kind>
         <file>adc_userinput.obj</file>
         <name>adc_userinput.obj</name>
      </input_file>
      <input_file id="fl-3">
         <path>.\</path>
         <kind>object</kind>
         <file>main.obj</file>
         <name>main.obj</name>
      </input_file>
      <input_file id="fl-4">
         <path>.\</path>
         <kind>object</kind>
         <file>pinmux.obj</file>
         <name>pinmux.obj</name>
      </input_file>
      <input_file id="fl-5">
         <path>.\</path>
         <kind>object</kind>
         <file>startup_ccs.obj</file>
         <name>startup_ccs.obj</name>
      </input_file>
      <input_file id="fl-6">
         <path>.\</path>
         <kind>object</kind>
         <file>uart_if.obj</file>
         <name>uart_if.obj</name>
      </input_file>
      <input_file id="fl-134">
         <path>E:\Apps\ti\ccsv6\tools\compiler\arm_5.1.6\lib\</path>
         <kind>archive</kind>
         <file>rtsv7M4_T_le_eabi.lib</file>
         <name>boot.obj</name>
      </input_file>
      <input_file id="fl-135">
         <path>E:\Apps\ti\ccsv6\tools\compiler\arm_5.1.6\lib\</path>
         <kind>archive</kind>
         <file>rtsv7M4_T_le_eabi.lib</file>
         <name>copy_decompress_none.obj</name>
      </input_file>
      <input_file id="fl-136">
         <path>E:\Apps\ti\ccsv6\tools\compiler\arm_5.1.6\lib\</path>
         <kind>archive</kind>
         <file>rtsv7M4_T_le_eabi.lib</file>
         <name>copy_decompress_rle.obj</name>
      </input_file>
      <input_file id="fl-137">
         <path>E:\Apps\ti\ccsv6\tools\compiler\arm_5.1.6\lib\</path>
         <kind>archive</kind>
         <file>rtsv7M4_T_le_eabi.lib</file>
         <name>copy_zero_init.obj</name>
      </input_file>
      <input_file id="fl-138">
         <path>E:\Apps\ti\ccsv6\tools\compiler\arm_5.1.6\lib\</path>
         <kind>archive</kind>
         <file>rtsv7M4_T_le_eabi.lib</file>
         <name>exit.obj</name>
      </input_file>
      <input_file id="fl-139">
         <path>E:\Apps\ti\ccsv6\tools\compiler\arm_5.1.6\lib\</path>
         <kind>archive</kind>
         <file>rtsv7M4_T_le_eabi.lib</file>
         <name>memcpy_t2.obj</name>
      </input_file>
      <input_file id="fl-13a">
         <path>E:\Apps\ti\ccsv6\tools\compiler\arm_5.1.6\lib\</path>
         <kind>archive</kind>
         <file>rtsv7M4_T_le_eabi.lib</file>
         <name>memmov.obj</name>
      </input_file>
      <input_file id="fl-13b">
         <path>E:\Apps\ti\ccsv6\tools\compiler\arm_5.1.6\lib\</path>
         <kind>archive</kind>
         <file>rtsv7M4_T_le_eabi.lib</file>
         <name>memory.obj</name>
      </input_file>
      <input_file id="fl-13c">
         <path>E:\Apps\ti\ccsv6\tools\compiler\arm_5.1.6\lib\</path>
         <kind>archive</kind>
         <file>rtsv7M4_T_le_eabi.lib</file>
         <name>stkdepth_vars.obj</name>
      </input_file>
      <input_file id="fl-13d">
         <path>E:\Apps\ti\ccsv6\tools\compiler\arm_5.1.6\lib\</path>
         <kind>archive</kind>
         <file>rtsv7M4_T_le_eabi.lib</file>
         <name>strcmp.obj</name>
      </input_file>
      <input_file id="fl-13e">
         <path>E:\Apps\ti\ccsv6\tools\compiler\arm_5.1.6\lib\</path>
         <kind>archive</kind>
         <file>rtsv7M4_T_le_eabi.lib</file>
         <name>strlen.obj</name>
      </input_file>
      <input_file id="fl-13f">
         <path>E:\Apps\ti\ccsv6\tools\compiler\arm_5.1.6\lib\</path>
         <kind>archive</kind>
         <file>rtsv7M4_T_le_eabi.lib</file>
         <name>strtok.obj</name>
      </input_file>
      <input_file id="fl-140">
         <path>E:\Apps\ti\ccsv6\tools\compiler\arm_5.1.6\lib\</path>
         <kind>archive</kind>
         <file>rtsv7M4_T_le_eabi.lib</file>
         <name>vsnprintf.obj</name>
      </input_file>
      <input_file id="fl-141">
         <path>E:\Apps\ti\ccsv6\tools\compiler\arm_5.1.6\lib\</path>
         <kind>archive</kind>
         <file>rtsv7M4_T_le_eabi.lib</file>
         <name>_lock.obj</name>
      </input_file>
      <input_file id="fl-142">
         <path>E:\Apps\ti\ccsv6\tools\compiler\arm_5.1.6\lib\</path>
         <kind>archive</kind>
         <file>rtsv7M4_T_le_eabi.lib</file>
         <name>_printfi.obj</name>
      </input_file>
      <input_file id="fl-143">
         <path>E:\Apps\ti\ccsv6\tools\compiler\arm_5.1.6\lib\</path>
         <kind>archive</kind>
         <file>rtsv7M4_T_le_eabi.lib</file>
         <name>args_main.obj</name>
      </input_file>
      <input_file id="fl-144">
         <path>E:\Apps\ti\ccsv6\tools\compiler\arm_5.1.6\lib\</path>
         <kind>archive</kind>
         <file>rtsv7M4_T_le_eabi.lib</file>
         <name>atoi.obj</name>
      </input_file>
      <input_file id="fl-145">
         <path>E:\Apps\ti\ccsv6\tools\compiler\arm_5.1.6\lib\</path>
         <kind>archive</kind>
         <file>rtsv7M4_T_le_eabi.lib</file>
         <name>auto_init.obj</name>
      </input_file>
      <input_file id="fl-146">
         <path>E:\Apps\ti\ccsv6\tools\compiler\arm_5.1.6\lib\</path>
         <kind>archive</kind>
         <file>rtsv7M4_T_le_eabi.lib</file>
         <name>cpy_tbl.obj</name>
      </input_file>
      <input_file id="fl-147">
         <path>E:\Apps\ti\ccsv6\tools\compiler\arm_5.1.6\lib\</path>
         <kind>archive</kind>
         <file>rtsv7M4_T_le_eabi.lib</file>
         <name>ctype.obj</name>
      </input_file>
      <input_file id="fl-148">
         <path>E:\Apps\ti\ccsv6\tools\compiler\arm_5.1.6\lib\</path>
         <kind>archive</kind>
         <file>rtsv7M4_T_le_eabi.lib</file>
         <name>fd_add_t2.obj</name>
      </input_file>
      <input_file id="fl-149">
         <path>E:\Apps\ti\ccsv6\tools\compiler\arm_5.1.6\lib\</path>
         <kind>archive</kind>
         <file>rtsv7M4_T_le_eabi.lib</file>
         <name>fd_cmp_t2.obj</name>
      </input_file>
      <input_file id="fl-14a">
         <path>E:\Apps\ti\ccsv6\tools\compiler\arm_5.1.6\lib\</path>
         <kind>archive</kind>
         <file>rtsv7M4_T_le_eabi.lib</file>
         <name>fd_div_t2.obj</name>
      </input_file>
      <input_file id="fl-14b">
         <path>E:\Apps\ti\ccsv6\tools\compiler\arm_5.1.6\lib\</path>
         <kind>archive</kind>
         <file>rtsv7M4_T_le_eabi.lib</file>
         <name>fd_mul_t2.obj</name>
      </input_file>
      <input_file id="fl-14c">
         <path>E:\Apps\ti\ccsv6\tools\compiler\arm_5.1.6\lib\</path>
         <kind>archive</kind>
         <file>rtsv7M4_T_le_eabi.lib</file>
         <name>fd_toi_t2.obj</name>
      </input_file>
      <input_file id="fl-14d">
         <path>E:\Apps\ti\ccsv6\tools\compiler\arm_5.1.6\lib\</path>
         <kind>archive</kind>
         <file>rtsv7M4_T_le_eabi.lib</file>
         <name>i_tofd_t2.obj</name>
      </input_file>
      <input_file id="fl-14e">
         <path>E:\Apps\ti\ccsv6\tools\compiler\arm_5.1.6\lib\</path>
         <kind>archive</kind>
         <file>rtsv7M4_T_le_eabi.lib</file>
         <name>ll_mul_t2.obj</name>
      </input_file>
      <input_file id="fl-14f">
         <path>E:\Apps\ti\ccsv6\tools\compiler\arm_5.1.6\lib\</path>
         <kind>archive</kind>
         <file>rtsv7M4_T_le_eabi.lib</file>
         <name>ltoa.obj</name>
      </input_file>
      <input_file id="fl-150">
         <path>E:\Apps\ti\ccsv6\tools\compiler\arm_5.1.6\lib\</path>
         <kind>archive</kind>
         <file>rtsv7M4_T_le_eabi.lib</file>
         <name>memccpy.obj</name>
      </input_file>
      <input_file id="fl-151">
         <path>E:\Apps\ti\ccsv6\tools\compiler\arm_5.1.6\lib\</path>
         <kind>archive</kind>
         <file>rtsv7M4_T_le_eabi.lib</file>
         <name>memset_t2.obj</name>
      </input_file>
      <input_file id="fl-152">
         <path>E:\Apps\ti\ccsv6\tools\compiler\arm_5.1.6\lib\</path>
         <kind>archive</kind>
         <file>rtsv7M4_T_le_eabi.lib</file>
         <name>strcspn.obj</name>
      </input_file>
      <input_file id="fl-153">
         <path>E:\Apps\ti\ccsv6\tools\compiler\arm_5.1.6\lib\</path>
         <kind>archive</kind>
         <file>rtsv7M4_T_le_eabi.lib</file>
         <name>strspn.obj</name>
      </input_file>
      <input_file id="fl-154">
         <path>E:\Apps\ti\ccsv6\tools\compiler\arm_5.1.6\lib\</path>
         <kind>archive</kind>
         <file>rtsv7M4_T_le_eabi.lib</file>
         <name>ull_div_t2.obj</name>
      </input_file>
      <input_file id="fl-155">
         <path>E:\Apps\ti\ccsv6\tools\compiler\arm_5.1.6\lib\</path>
         <kind>archive</kind>
         <file>rtsv7M4_T_le_eabi.lib</file>
         <name>xdclass.obj</name>
      </input_file>
      <input_file id="fl-156">
         <path>E:\Apps\ti\ccsv6\tools\compiler\arm_5.1.6\lib\</path>
         <kind>archive</kind>
         <file>rtsv7M4_T_le_eabi.lib</file>
         <name>xdtest.obj</name>
      </input_file>
      <input_file id="fl-157">
         <path>E:\Apps\ti\CC3200SDK_1.0.0\cc3200-sdk\example\adc\ccs\\..\..\..\driverlib\ccs\Release\</path>
         <kind>archive</kind>
         <file>driverlib.a</file>
         <name>adc.obj</name>
      </input_file>
      <input_file id="fl-158">
         <path>E:\Apps\ti\CC3200SDK_1.0.0\cc3200-sdk\example\adc\ccs\\..\..\..\driverlib\ccs\Release\</path>
         <kind>archive</kind>
         <file>driverlib.a</file>
         <name>interrupt.obj</name>
      </input_file>
      <input_file id="fl-159">
         <path>E:\Apps\ti\CC3200SDK_1.0.0\cc3200-sdk\example\adc\ccs\\..\..\..\driverlib\ccs\Release\</path>
         <kind>archive</kind>
         <file>driverlib.a</file>
         <name>pin.obj</name>
      </input_file>
      <input_file id="fl-15a">
         <path>E:\Apps\ti\CC3200SDK_1.0.0\cc3200-sdk\example\adc\ccs\\..\..\..\driverlib\ccs\Release\</path>
         <kind>archive</kind>
         <file>driverlib.a</file>
         <name>prcm.obj</name>
      </input_file>
      <input_file id="fl-15b">
         <path>E:\Apps\ti\CC3200SDK_1.0.0\cc3200-sdk\example\adc\ccs\\..\..\..\driverlib\ccs\Release\</path>
         <kind>archive</kind>
         <file>driverlib.a</file>
         <name>uart.obj</name>
      </input_file>
      <input_file id="fl-15c">
         <path>E:\Apps\ti\CC3200SDK_1.0.0\cc3200-sdk\example\adc\ccs\\..\..\..\driverlib\ccs\Release\</path>
         <kind>archive</kind>
         <file>driverlib.a</file>
         <name>utils.obj</name>
      </input_file>
      <input_file id="fl-15d">
         <path>E:\Apps\ti\CC3200SDK_1.0.0\cc3200-sdk\example\adc\ccs\\..\..\..\driverlib\ccs\Release\</path>
         <kind>archive</kind>
         <file>driverlib.a</file>
         <name>cpu.obj</name>
      </input_file>
      <input_file id="fl-15e">
         <path>E:\Apps\ti\CC3200SDK_1.0.0\cc3200-sdk\example\adc\ccs\\..\..\..\driverlib\ccs\Release\</path>
         <kind>archive</kind>
         <file>driverlib.a</file>
         <name>flash.obj</name>
      </input_file>
      <input_file id="fl-15f">
         <path>E:\Apps\ti\ccsv6\tools\compiler\arm_5.1.6\lib\</path>
         <kind>archive</kind>
         <file>rtsv7M4_T_le_eabi.lib</file>
         <name>ll_lsr_t2.obj</name>
      </input_file>
   </input_file_list>
   <object_component_list>
      <object_component id="oc-e">
         <name>.intvecs</name>
         <load_address>0x20004000</load_address>
         <run_address>0x20004000</run_address>
         <size>0x400</size>
         <input_file_ref idref="fl-5"/>
      </object_component>
      <object_component id="oc-1d6">
         <name>.text</name>
         <load_address>0x20004400</load_address>
         <run_address>0x20004400</run_address>
         <size>0xec0</size>
         <input_file_ref idref="fl-142"/>
      </object_component>
      <object_component id="oc-154">
         <name>.text</name>
         <load_address>0x200052c0</load_address>
         <run_address>0x200052c0</run_address>
         <size>0x3cc</size>
         <input_file_ref idref="fl-13b"/>
      </object_component>
      <object_component id="oc-b0">
         <name>.text</name>
         <load_address>0x2000568c</load_address>
         <run_address>0x2000568c</run_address>
         <size>0x26c</size>
         <input_file_ref idref="fl-6"/>
      </object_component>
      <object_component id="oc-7d">
         <name>.text</name>
         <load_address>0x200058f8</load_address>
         <run_address>0x200058f8</run_address>
         <size>0x264</size>
         <input_file_ref idref="fl-3"/>
      </object_component>
      <object_component id="oc-d4">
         <name>.text</name>
         <load_address>0x20005b5c</load_address>
         <run_address>0x20005b5c</run_address>
         <size>0x226</size>
         <input_file_ref idref="fl-2"/>
      </object_component>
      <object_component id="oc-224">
         <name>.text</name>
         <load_address>0x20005d82</load_address>
         <run_address>0x20005d82</run_address>
         <size>0x1f4</size>
         <input_file_ref idref="fl-154"/>
      </object_component>
      <object_component id="oc-252">
         <name>.text</name>
         <load_address>0x20005f76</load_address>
         <run_address>0x20005f76</run_address>
         <size>0x1b6</size>
         <input_file_ref idref="fl-148"/>
      </object_component>
      <object_component id="oc-238">
         <name>.text</name>
         <load_address>0x2000612c</load_address>
         <run_address>0x2000612c</run_address>
         <size>0x136</size>
         <input_file_ref idref="fl-14a"/>
      </object_component>
      <object_component id="oc-c8">
         <name>.text:PRCMCC3200MCUInit</name>
         <load_address>0x20006264</load_address>
         <run_address>0x20006264</run_address>
         <size>0x134</size>
         <input_file_ref idref="fl-15a"/>
      </object_component>
      <object_component id="oc-233">
         <name>.text</name>
         <load_address>0x20006398</load_address>
         <run_address>0x20006398</run_address>
         <size>0xfc</size>
         <input_file_ref idref="fl-14b"/>
      </object_component>
      <object_component id="oc-c2">
         <name>.text:IntEnable</name>
         <load_address>0x20006494</load_address>
         <run_address>0x20006494</run_address>
         <size>0xa8</size>
         <input_file_ref idref="fl-158"/>
      </object_component>
      <object_component id="oc-4a">
         <name>.text</name>
         <load_address>0x2000653c</load_address>
         <run_address>0x2000653c</run_address>
         <size>0x9c</size>
         <input_file_ref idref="fl-139"/>
      </object_component>
      <object_component id="oc-12a">
         <name>.text:PRCMPeripheralClockGet</name>
         <load_address>0x200065d8</load_address>
         <run_address>0x200065d8</run_address>
         <size>0x94</size>
         <input_file_ref idref="fl-15a"/>
      </object_component>
      <object_component id="oc-35">
         <name>.text</name>
         <load_address>0x2000666c</load_address>
         <run_address>0x2000666c</run_address>
         <size>0x94</size>
         <input_file_ref idref="fl-145"/>
      </object_component>
      <object_component id="oc-1b3">
         <name>.text:PinConfigSet</name>
         <load_address>0x20006700</load_address>
         <run_address>0x20006700</run_address>
         <size>0x88</size>
         <input_file_ref idref="fl-159"/>
      </object_component>
      <object_component id="oc-13c">
         <name>.text</name>
         <load_address>0x20006788</load_address>
         <run_address>0x20006788</run_address>
         <size>0x88</size>
         <input_file_ref idref="fl-140"/>
      </object_component>
      <object_component id="oc-22e">
         <name>.text:__aeabi_cdcmple</name>
         <load_address>0x20006810</load_address>
         <run_address>0x20006810</run_address>
         <size>0x86</size>
         <input_file_ref idref="fl-149"/>
      </object_component>
      <object_component id="oc-23d">
         <name>.text:__aeabi_cdrcmple</name>
         <load_address>0x20006896</load_address>
         <run_address>0x20006896</run_address>
         <size>0x86</size>
         <input_file_ref idref="fl-149"/>
      </object_component>
      <object_component id="oc-257">
         <name>.text</name>
         <load_address>0x2000691c</load_address>
         <run_address>0x2000691c</run_address>
         <size>0x78</size>
         <input_file_ref idref="fl-151"/>
      </object_component>
      <object_component id="oc-130">
         <name>.text:UARTConfigSetExpClk</name>
         <load_address>0x20006994</load_address>
         <run_address>0x20006994</run_address>
         <size>0x76</size>
         <input_file_ref idref="fl-15b"/>
      </object_component>
      <object_component id="oc-5d">
         <name>.text</name>
         <load_address>0x20006a0a</load_address>
         <run_address>0x20006a0a</run_address>
         <size>0x5e</size>
         <input_file_ref idref="fl-136"/>
      </object_component>
      <object_component id="oc-247">
         <name>.text</name>
         <load_address>0x20006a68</load_address>
         <run_address>0x20006a68</run_address>
         <size>0x5a</size>
         <input_file_ref idref="fl-14f"/>
      </object_component>
      <object_component id="oc-18b">
         <name>.text:PRCMPeripheralReset</name>
         <load_address>0x20006ac4</load_address>
         <run_address>0x20006ac4</run_address>
         <size>0x58</size>
         <input_file_ref idref="fl-15a"/>
      </object_component>
      <object_component id="oc-268">
         <name>.text</name>
         <load_address>0x20006b1c</load_address>
         <run_address>0x20006b1c</run_address>
         <size>0x4c</size>
         <input_file_ref idref="fl-144"/>
      </object_component>
      <object_component id="oc-242">
         <name>.text</name>
         <load_address>0x20006b68</load_address>
         <run_address>0x20006b68</run_address>
         <size>0x48</size>
         <input_file_ref idref="fl-14c"/>
      </object_component>
      <object_component id="oc-76">
         <name>.text</name>
         <load_address>0x20006bb0</load_address>
         <run_address>0x20006bb0</run_address>
         <size>0x44</size>
         <input_file_ref idref="fl-146"/>
      </object_component>
      <object_component id="oc-40">
         <name>.text</name>
         <load_address>0x20006bf4</load_address>
         <run_address>0x20006bf4</run_address>
         <size>0x44</size>
         <input_file_ref idref="fl-138"/>
      </object_component>
      <object_component id="oc-2a7">
         <name>.text</name>
         <load_address>0x20006c38</load_address>
         <run_address>0x20006c38</run_address>
         <size>0x44</size>
         <input_file_ref idref="fl-156"/>
      </object_component>
      <object_component id="oc-202">
         <name>.text:PinModeSet</name>
         <load_address>0x20006c7c</load_address>
         <run_address>0x20006c7c</run_address>
         <size>0x40</size>
         <input_file_ref idref="fl-159"/>
      </object_component>
      <object_component id="oc-1a5">
         <name>.text</name>
         <load_address>0x20006cbc</load_address>
         <run_address>0x20006cbc</run_address>
         <size>0x40</size>
         <input_file_ref idref="fl-13f"/>
      </object_component>
      <object_component id="oc-185">
         <name>.text:PRCMPeripheralClkEnable</name>
         <load_address>0x20006cfc</load_address>
         <run_address>0x20006cfc</run_address>
         <size>0x3c</size>
         <input_file_ref idref="fl-15a"/>
      </object_component>
      <object_component id="oc-e0">
         <name>.text:ADCChannelEnable</name>
         <load_address>0x20006d38</load_address>
         <run_address>0x20006d38</run_address>
         <size>0x38</size>
         <input_file_ref idref="fl-157"/>
      </object_component>
      <object_component id="oc-11">
         <name>.text</name>
         <load_address>0x20006d70</load_address>
         <run_address>0x20006d70</run_address>
         <size>0x34</size>
         <input_file_ref idref="fl-134"/>
      </object_component>
      <object_component id="oc-1c8">
         <name>.text:UARTDisable</name>
         <load_address>0x20006da4</load_address>
         <run_address>0x20006da4</run_address>
         <size>0x30</size>
         <input_file_ref idref="fl-15b"/>
      </object_component>
      <object_component id="oc-24d">
         <name>.text</name>
         <load_address>0x20006dd4</load_address>
         <run_address>0x20006dd4</run_address>
         <size>0x2e</size>
         <input_file_ref idref="fl-14d"/>
      </object_component>
      <object_component id="oc-197">
         <name>.text:PRCMSysResetCauseGet</name>
         <load_address>0x20006e04</load_address>
         <run_address>0x20006e04</run_address>
         <size>0x2c</size>
         <input_file_ref idref="fl-15a"/>
      </object_component>
      <object_component id="oc-209">
         <name>.text</name>
         <load_address>0x20006e30</load_address>
         <run_address>0x20006e30</run_address>
         <size>0x2a</size>
         <input_file_ref idref="fl-153"/>
      </object_component>
      <object_component id="oc-191">
         <name>.text:PRCMPeripheralClkDisable</name>
         <load_address>0x20006e5c</load_address>
         <run_address>0x20006e5c</run_address>
         <size>0x28</size>
         <input_file_ref idref="fl-15a"/>
      </object_component>
      <object_component id="oc-1ce">
         <name>.text:UARTEnable</name>
         <load_address>0x20006e84</load_address>
         <run_address>0x20006e84</run_address>
         <size>0x24</size>
         <input_file_ref idref="fl-15b"/>
      </object_component>
      <object_component id="oc-14e">
         <name>.text</name>
         <load_address>0x20006ea8</load_address>
         <run_address>0x20006ea8</run_address>
         <size>0x24</size>
         <input_file_ref idref="fl-13a"/>
      </object_component>
      <object_component id="oc-e6">
         <name>.text:ADCTimerConfig</name>
         <load_address>0x20006ecc</load_address>
         <run_address>0x20006ecc</run_address>
         <size>0x22</size>
         <input_file_ref idref="fl-157"/>
      </object_component>
      <object_component id="oc-20f">
         <name>.text</name>
         <load_address>0x20006eee</load_address>
         <run_address>0x20006eee</run_address>
         <size>0x22</size>
         <input_file_ref idref="fl-152"/>
      </object_component>
      <object_component id="oc-136">
         <name>.text:UARTCharPut</name>
         <load_address>0x20006f10</load_address>
         <run_address>0x20006f10</run_address>
         <size>0x1e</size>
         <input_file_ref idref="fl-15b"/>
      </object_component>
      <object_component id="oc-f8">
         <name>.text:ADCFIFOLvlGet</name>
         <load_address>0x20006f2e</load_address>
         <run_address>0x20006f2e</run_address>
         <size>0x1c</size>
         <input_file_ref idref="fl-157"/>
      </object_component>
      <object_component id="oc-ce">
         <name>.text</name>
         <load_address>0x20006f4a</load_address>
         <run_address>0x20006f4a</run_address>
         <size>0x1c</size>
         <input_file_ref idref="fl-4"/>
      </object_component>
      <object_component id="oc-262">
         <name>.text</name>
         <load_address>0x20006f66</load_address>
         <run_address>0x20006f66</run_address>
         <size>0x1c</size>
         <input_file_ref idref="fl-150"/>
      </object_component>
      <object_component id="oc-19e">
         <name>.text:PinTypeUART</name>
         <load_address>0x20006f82</load_address>
         <run_address>0x20006f82</run_address>
         <size>0x1a</size>
         <input_file_ref idref="fl-159"/>
      </object_component>
      <object_component id="oc-fe">
         <name>.text:ADCFIFORead</name>
         <load_address>0x20006f9c</load_address>
         <run_address>0x20006f9c</run_address>
         <size>0x18</size>
         <input_file_ref idref="fl-157"/>
      </object_component>
      <object_component id="oc-3a">
         <name>.text</name>
         <load_address>0x20006fb4</load_address>
         <run_address>0x20006fb4</run_address>
         <size>0x18</size>
         <input_file_ref idref="fl-143"/>
      </object_component>
      <object_component id="oc-229">
         <name>.text</name>
         <load_address>0x20006fcc</load_address>
         <run_address>0x20006fcc</run_address>
         <size>0x18</size>
         <input_file_ref idref="fl-14e"/>
      </object_component>
      <object_component id="oc-1ab">
         <name>.text</name>
         <load_address>0x20006fe4</load_address>
         <run_address>0x20006fe4</run_address>
         <size>0x18</size>
         <input_file_ref idref="fl-13d"/>
      </object_component>
      <object_component id="oc-ec">
         <name>.text:ADCTimerEnable</name>
         <load_address>0x20006ffc</load_address>
         <run_address>0x20006ffc</run_address>
         <size>0x16</size>
         <input_file_ref idref="fl-157"/>
      </object_component>
      <object_component id="oc-179">
         <name>.text:PRCMHIBRegRead</name>
         <load_address>0x20007012</load_address>
         <run_address>0x20007012</run_address>
         <size>0x16</size>
         <input_file_ref idref="fl-15a"/>
      </object_component>
      <object_component id="oc-17f">
         <name>.text:PRCMHIBRegWrite</name>
         <load_address>0x20007028</load_address>
         <run_address>0x20007028</run_address>
         <size>0x16</size>
         <input_file_ref idref="fl-15a"/>
      </object_component>
      <object_component id="oc-142">
         <name>.text:UARTCharGet</name>
         <load_address>0x2000703e</load_address>
         <run_address>0x2000703e</run_address>
         <size>0x16</size>
         <input_file_ref idref="fl-15b"/>
      </object_component>
      <object_component id="oc-f2">
         <name>.text:ADCEnable</name>
         <load_address>0x20007054</load_address>
         <run_address>0x20007054</run_address>
         <size>0x14</size>
         <input_file_ref idref="fl-157"/>
      </object_component>
      <object_component id="oc-169">
         <name>.text:CPUcpsie</name>
         <load_address>0x20007068</load_address>
         <run_address>0x20007068</run_address>
         <size>0x14</size>
         <input_file_ref idref="fl-15d"/>
      </object_component>
      <object_component id="oc-b6">
         <name>.text:IntVTableBaseSet</name>
         <load_address>0x2000707c</load_address>
         <run_address>0x2000707c</run_address>
         <size>0x14</size>
         <input_file_ref idref="fl-158"/>
      </object_component>
      <object_component id="oc-da">
         <name>.text:PinTypeADC</name>
         <load_address>0x20007090</load_address>
         <run_address>0x20007090</run_address>
         <size>0x14</size>
         <input_file_ref idref="fl-159"/>
      </object_component>
      <object_component id="oc-115">
         <name>.text</name>
         <load_address>0x200070a4</load_address>
         <run_address>0x200070a4</run_address>
         <size>0x14</size>
         <input_file_ref idref="fl-141"/>
      </object_component>
      <object_component id="oc-148">
         <name>.text</name>
         <load_address>0x200070b8</load_address>
         <run_address>0x200070b8</run_address>
         <size>0x14</size>
         <input_file_ref idref="fl-13e"/>
      </object_component>
      <object_component id="oc-1c">
         <name>.text:decompress:ZI</name>
         <load_address>0x200070cc</load_address>
         <run_address>0x200070cc</run_address>
         <size>0x12</size>
         <input_file_ref idref="fl-137"/>
      </object_component>
      <object_component id="oc-16">
         <name>.text:decompress:none</name>
         <load_address>0x200070de</load_address>
         <run_address>0x200070de</run_address>
         <size>0xe</size>
         <input_file_ref idref="fl-135"/>
      </object_component>
      <object_component id="oc-25c">
         <name>.text</name>
         <load_address>0x200070ec</load_address>
         <run_address>0x200070ec</run_address>
         <size>0xe</size>
         <input_file_ref idref="fl-155"/>
      </object_component>
      <object_component id="oc-2c">
         <name>.text</name>
         <load_address>0x200070fa</load_address>
         <run_address>0x200070fa</run_address>
         <size>0xe</size>
         <input_file_ref idref="fl-5"/>
      </object_component>
      <object_component id="oc-bc">
         <name>.text:IntMasterEnable</name>
         <load_address>0x20007108</load_address>
         <run_address>0x20007108</run_address>
         <size>0xa</size>
         <input_file_ref idref="fl-158"/>
      </object_component>
      <object_component id="oc-1f7">
         <name>.text:UtilsDelay</name>
         <load_address>0x20007112</load_address>
         <run_address>0x20007112</run_address>
         <size>0x6</size>
         <input_file_ref idref="fl-15c"/>
      </object_component>
      <object_component id="oc-22">
         <name>.text:decompress:rle24</name>
         <load_address>0x20007118</load_address>
         <run_address>0x20007118</run_address>
         <size>0x6</size>
         <input_file_ref idref="fl-136"/>
      </object_component>
      <object_component id="oc-2b0">
         <name>.const:.string:_ctypes_</name>
         <load_address>0x20007120</load_address>
         <run_address>0x20007120</run_address>
         <size>0x102</size>
         <input_file_ref idref="fl-147"/>
      </object_component>
      <object_component id="oc-21e">
         <name>.const:g_ulPinToPadMap</name>
         <load_address>0x20007224</load_address>
         <run_address>0x20007224</run_address>
         <size>0x100</size>
         <input_file_ref idref="fl-159"/>
      </object_component>
      <object_component id="oc-1fa">
         <name>.const:PRCM_PeriphRegsList</name>
         <load_address>0x20007324</load_address>
         <run_address>0x20007324</run_address>
         <size>0xa8</size>
         <input_file_ref idref="fl-15a"/>
      </object_component>
      <object_component id="oc-175">
         <name>.const</name>
         <load_address>0x200073cc</load_address>
         <run_address>0x200073cc</run_address>
         <size>0x80</size>
         <input_file_ref idref="fl-158"/>
      </object_component>
      <object_component id="oc-2ef">
         <name>.cinit..data.load</name>
         <load_address>0x20007450</load_address>
         <run_address>0x20007450</run_address>
         <size>0x1d</size>
      </object_component>
      <object_component id="oc-2ed">
         <name>__TI_handler_table</name>
         <load_address>0x20007470</load_address>
         <run_address>0x20007470</run_address>
         <size>0xc</size>
      </object_component>
      <object_component id="oc-2f0">
         <name>.cinit..bss.load</name>
         <load_address>0x20007480</load_address>
         <run_address>0x20007480</run_address>
         <size>0x8</size>
      </object_component>
      <object_component id="oc-2ee">
         <name>__TI_cinit_table</name>
         <load_address>0x20007488</load_address>
         <run_address>0x20007488</run_address>
         <size>0x10</size>
      </object_component>
      <object_component id="oc-46">
         <name>.data</name>
         <load_address>0x20023020</load_address>
         <run_address>0x20023020</run_address>
         <size>0x4</size>
         <input_file_ref idref="fl-13c"/>
      </object_component>
      <object_component id="oc-85">
         <name>.data</name>
         <load_address>0x20023010</load_address>
         <run_address>0x20023010</run_address>
         <size>0x8</size>
         <input_file_ref idref="fl-141"/>
      </object_component>
      <object_component id="oc-88">
         <name>.data</name>
         <load_address>0x20023018</load_address>
         <run_address>0x20023018</run_address>
         <size>0x8</size>
         <input_file_ref idref="fl-138"/>
      </object_component>
      <object_component id="oc-1ed">
         <name>.data</name>
         <load_address>0x20023004</load_address>
         <run_address>0x20023004</run_address>
         <size>0xc</size>
         <input_file_ref idref="fl-13b"/>
      </object_component>
      <object_component id="oc-215">
         <name>.data</name>
         <load_address>0x20023024</load_address>
         <run_address>0x20023024</run_address>
         <size>0x4</size>
         <input_file_ref idref="fl-13f"/>
      </object_component>
      <object_component id="oc-104">
         <name>.bss:pulAdcSamples</name>
         <uninitialized>true</uninitialized>
         <run_address>0x2001f000</run_address>
         <size>0x4000</size>
         <input_file_ref idref="fl-3"/>
      </object_component>
      <object_component id="oc-15a">
         <name>.common:__Errorlog</name>
         <uninitialized>true</uninitialized>
         <run_address>0x20023000</run_address>
         <size>0x4</size>
      </object_component>
      <object_component id="oc-29">
         <name>.sysmem</name>
         <uninitialized>true</uninitialized>
         <run_address>0x20017000</run_address>
         <size>0x8</size>
         <input_file_ref idref="fl-13b"/>
      </object_component>
      <object_component id="oc-2f2">
         <name>.sysmem</name>
         <uninitialized>true</uninitialized>
         <run_address>0x20017000</run_address>
         <size>0x0</size>
      </object_component>
      <object_component id="oc-28">
         <name>.stack</name>
         <uninitialized>true</uninitialized>
         <run_address>0x2002f000</run_address>
         <size>0x0</size>
         <input_file_ref idref="fl-134"/>
      </object_component>
      <object_component id="oc-2f1">
         <name>.stack</name>
         <uninitialized>true</uninitialized>
         <run_address>0x2002f000</run_address>
         <size>0x0</size>
      </object_component>
      <object_component id="oc-f">
         <name>.debug_info</name>
         <load_address>0x0</load_address>
         <run_address>0x0</run_address>
         <size>0xff</size>
         <input_file_ref idref="fl-5"/>
      </object_component>
      <object_component id="oc-14">
         <name>.debug_info</name>
         <load_address>0xff</load_address>
         <run_address>0xff</run_address>
         <size>0x10b</size>
         <input_file_ref idref="fl-134"/>
      </object_component>
      <object_component id="oc-18">
         <name>.debug_info</name>
         <load_address>0x20a</load_address>
         <run_address>0x20a</run_address>
         <size>0x1ac</size>
         <input_file_ref idref="fl-135"/>
      </object_component>
      <object_component id="oc-1d">
         <name>.debug_info</name>
         <load_address>0x3b6</load_address>
         <run_address>0x3b6</run_address>
         <size>0x182</size>
         <input_file_ref idref="fl-137"/>
      </object_component>
      <object_component id="oc-23">
         <name>.debug_info</name>
         <load_address>0x538</load_address>
         <run_address>0x538</run_address>
         <size>0x1a6</size>
         <input_file_ref idref="fl-136"/>
      </object_component>
      <object_component id="oc-2a">
         <name>.debug_info</name>
         <load_address>0x6de</load_address>
         <run_address>0x6de</run_address>
         <size>0xce</size>
         <input_file_ref idref="fl-13b"/>
      </object_component>
      <object_component id="oc-2d">
         <name>.debug_info</name>
         <load_address>0x7ac</load_address>
         <run_address>0x7ac</run_address>
         <size>0x452</size>
         <input_file_ref idref="fl-5"/>
      </object_component>
      <object_component id="oc-34">
         <name>.debug_info</name>
         <load_address>0xbfe</load_address>
         <run_address>0xbfe</run_address>
         <size>0x11a</size>
         <input_file_ref idref="fl-5"/>
      </object_component>
      <object_component id="oc-38">
         <name>.debug_info</name>
         <load_address>0xd18</load_address>
         <run_address>0xd18</run_address>
         <size>0x155</size>
         <input_file_ref idref="fl-145"/>
      </object_component>
      <object_component id="oc-3b">
         <name>.debug_info</name>
         <load_address>0xe6d</load_address>
         <run_address>0xe6d</run_address>
         <size>0x134</size>
         <input_file_ref idref="fl-143"/>
      </object_component>
      <object_component id="oc-44">
         <name>.debug_info</name>
         <load_address>0xfa1</load_address>
         <run_address>0xfa1</run_address>
         <size>0x1da</size>
         <input_file_ref idref="fl-138"/>
      </object_component>
      <object_component id="oc-47">
         <name>.debug_info</name>
         <load_address>0x117b</load_address>
         <run_address>0x117b</run_address>
         <size>0xd6</size>
         <input_file_ref idref="fl-13c"/>
      </object_component>
      <object_component id="oc-4b">
         <name>.debug_info</name>
         <load_address>0x1251</load_address>
         <run_address>0x1251</run_address>
         <size>0xe4</size>
         <input_file_ref idref="fl-139"/>
      </object_component>
      <object_component id="oc-50">
         <name>.debug_info</name>
         <load_address>0x1335</load_address>
         <run_address>0x1335</run_address>
         <size>0x46</size>
         <input_file_ref idref="fl-135"/>
      </object_component>
      <object_component id="oc-55">
         <name>.debug_info</name>
         <load_address>0x137b</load_address>
         <run_address>0x137b</run_address>
         <size>0x10a</size>
         <input_file_ref idref="fl-135"/>
      </object_component>
      <object_component id="oc-57">
         <name>.debug_info</name>
         <load_address>0x1485</load_address>
         <run_address>0x1485</run_address>
         <size>0x46</size>
         <input_file_ref idref="fl-137"/>
      </object_component>
      <object_component id="oc-5c">
         <name>.debug_info</name>
         <load_address>0x14cb</load_address>
         <run_address>0x14cb</run_address>
         <size>0xc5</size>
         <input_file_ref idref="fl-137"/>
      </object_component>
      <object_component id="oc-5e">
         <name>.debug_info</name>
         <load_address>0x1590</load_address>
         <run_address>0x1590</run_address>
         <size>0x207</size>
         <input_file_ref idref="fl-136"/>
      </object_component>
      <object_component id="oc-64">
         <name>.debug_info</name>
         <load_address>0x1797</load_address>
         <run_address>0x1797</run_address>
         <size>0xcf</size>
         <input_file_ref idref="fl-136"/>
      </object_component>
      <object_component id="oc-65">
         <name>.debug_info</name>
         <load_address>0x1866</load_address>
         <run_address>0x1866</run_address>
         <size>0x39</size>
         <input_file_ref idref="fl-136"/>
      </object_component>
      <object_component id="oc-6c">
         <name>.debug_info</name>
         <load_address>0x189f</load_address>
         <run_address>0x189f</run_address>
         <size>0x1ef</size>
         <input_file_ref idref="fl-13b"/>
      </object_component>
      <object_component id="oc-71">
         <name>.debug_info</name>
         <load_address>0x1a8e</load_address>
         <run_address>0x1a8e</run_address>
         <size>0x84</size>
         <input_file_ref idref="fl-4"/>
      </object_component>
      <object_component id="oc-78">
         <name>.debug_info</name>
         <load_address>0x1b12</load_address>
         <run_address>0x1b12</run_address>
         <size>0x163</size>
         <input_file_ref idref="fl-146"/>
      </object_component>
      <object_component id="oc-7f">
         <name>.debug_info</name>
         <load_address>0x1c75</load_address>
         <run_address>0x1c75</run_address>
         <size>0x3d1</size>
         <input_file_ref idref="fl-3"/>
      </object_component>
      <object_component id="oc-84">
         <name>.debug_info</name>
         <load_address>0x2046</load_address>
         <run_address>0x2046</run_address>
         <size>0x133</size>
         <input_file_ref idref="fl-143"/>
      </object_component>
      <object_component id="oc-86">
         <name>.debug_info</name>
         <load_address>0x2179</load_address>
         <run_address>0x2179</run_address>
         <size>0xe0</size>
         <input_file_ref idref="fl-141"/>
      </object_component>
      <object_component id="oc-89">
         <name>.debug_info</name>
         <load_address>0x2259</load_address>
         <run_address>0x2259</run_address>
         <size>0x103</size>
         <input_file_ref idref="fl-138"/>
      </object_component>
      <object_component id="oc-8c">
         <name>.debug_info</name>
         <load_address>0x235c</load_address>
         <run_address>0x235c</run_address>
         <size>0x15e</size>
         <input_file_ref idref="fl-138"/>
      </object_component>
      <object_component id="oc-91">
         <name>.debug_info</name>
         <load_address>0x24ba</load_address>
         <run_address>0x24ba</run_address>
         <size>0x2c</size>
         <input_file_ref idref="fl-135"/>
      </object_component>
      <object_component id="oc-98">
         <name>.debug_info</name>
         <load_address>0x24e6</load_address>
         <run_address>0x24e6</run_address>
         <size>0x2c</size>
         <input_file_ref idref="fl-2"/>
      </object_component>
      <object_component id="oc-a4">
         <name>.debug_info</name>
         <load_address>0x2512</load_address>
         <run_address>0x2512</run_address>
         <size>0x2c</size>
         <input_file_ref idref="fl-13b"/>
      </object_component>
      <object_component id="oc-a9">
         <name>.debug_info</name>
         <load_address>0x253e</load_address>
         <run_address>0x253e</run_address>
         <size>0x62</size>
         <input_file_ref idref="fl-13b"/>
      </object_component>
      <object_component id="oc-af">
         <name>.debug_info</name>
         <load_address>0x25a0</load_address>
         <run_address>0x25a0</run_address>
         <size>0x160</size>
         <input_file_ref idref="fl-146"/>
      </object_component>
      <object_component id="oc-b1">
         <name>.debug_info</name>
         <load_address>0x2700</load_address>
         <run_address>0x2700</run_address>
         <size>0x8d9</size>
         <input_file_ref idref="fl-6"/>
      </object_component>
      <object_component id="oc-b7">
         <name>.debug_info</name>
         <load_address>0x2fd9</load_address>
         <run_address>0x2fd9</run_address>
         <size>0x1e6</size>
         <input_file_ref idref="fl-158"/>
      </object_component>
      <object_component id="oc-bd">
         <name>.debug_info</name>
         <load_address>0x31bf</load_address>
         <run_address>0x31bf</run_address>
         <size>0x1b4</size>
         <input_file_ref idref="fl-158"/>
      </object_component>
      <object_component id="oc-c3">
         <name>.debug_info</name>
         <load_address>0x3373</load_address>
         <run_address>0x3373</run_address>
         <size>0x1d7</size>
         <input_file_ref idref="fl-158"/>
      </object_component>
      <object_component id="oc-ca">
         <name>.debug_info</name>
         <load_address>0x354a</load_address>
         <run_address>0x354a</run_address>
         <size>0x26a</size>
         <input_file_ref idref="fl-15a"/>
      </object_component>
      <object_component id="oc-cf">
         <name>.debug_info</name>
         <load_address>0x37b4</load_address>
         <run_address>0x37b4</run_address>
         <size>0x138</size>
         <input_file_ref idref="fl-4"/>
      </object_component>
      <object_component id="oc-d5">
         <name>.debug_info</name>
         <load_address>0x38ec</load_address>
         <run_address>0x38ec</run_address>
         <size>0x3de</size>
         <input_file_ref idref="fl-2"/>
      </object_component>
      <object_component id="oc-dc">
         <name>.debug_info</name>
         <load_address>0x3cca</load_address>
         <run_address>0x3cca</run_address>
         <size>0x1f9</size>
         <input_file_ref idref="fl-159"/>
      </object_component>
      <object_component id="oc-e1">
         <name>.debug_info</name>
         <load_address>0x3ec3</load_address>
         <run_address>0x3ec3</run_address>
         <size>0x205</size>
         <input_file_ref idref="fl-157"/>
      </object_component>
      <object_component id="oc-e7">
         <name>.debug_info</name>
         <load_address>0x40c8</load_address>
         <run_address>0x40c8</run_address>
         <size>0x1fe</size>
         <input_file_ref idref="fl-157"/>
      </object_component>
      <object_component id="oc-ed">
         <name>.debug_info</name>
         <load_address>0x42c6</load_address>
         <run_address>0x42c6</run_address>
         <size>0x1bb</size>
         <input_file_ref idref="fl-157"/>
      </object_component>
      <object_component id="oc-f3">
         <name>.debug_info</name>
         <load_address>0x4481</load_address>
         <run_address>0x4481</run_address>
         <size>0x1ae</size>
         <input_file_ref idref="fl-157"/>
      </object_component>
      <object_component id="oc-f9">
         <name>.debug_info</name>
         <load_address>0x462f</load_address>
         <run_address>0x462f</run_address>
         <size>0x20e</size>
         <input_file_ref idref="fl-157"/>
      </object_component>
      <object_component id="oc-ff">
         <name>.debug_info</name>
         <load_address>0x483d</load_address>
         <run_address>0x483d</run_address>
         <size>0x20a</size>
         <input_file_ref idref="fl-157"/>
      </object_component>
      <object_component id="oc-105">
         <name>.debug_info</name>
         <load_address>0x4a47</load_address>
         <run_address>0x4a47</run_address>
         <size>0xc8</size>
         <input_file_ref idref="fl-3"/>
      </object_component>
      <object_component id="oc-108">
         <name>.debug_info</name>
         <load_address>0x4b0f</load_address>
         <run_address>0x4b0f</run_address>
         <size>0x3ae</size>
         <input_file_ref idref="fl-3"/>
      </object_component>
      <object_component id="oc-109">
         <name>.debug_info</name>
         <load_address>0x4ebd</load_address>
         <run_address>0x4ebd</run_address>
         <size>0x8b</size>
         <input_file_ref idref="fl-2"/>
      </object_component>
      <object_component id="oc-110">
         <name>.debug_info</name>
         <load_address>0x4f48</load_address>
         <run_address>0x4f48</run_address>
         <size>0x5e</size>
         <input_file_ref idref="fl-143"/>
      </object_component>
      <object_component id="oc-119">
         <name>.debug_info</name>
         <load_address>0x4fa6</load_address>
         <run_address>0x4fa6</run_address>
         <size>0x1ec</size>
         <input_file_ref idref="fl-141"/>
      </object_component>
      <object_component id="oc-11d">
         <name>.debug_info</name>
         <load_address>0x5192</load_address>
         <run_address>0x5192</run_address>
         <size>0xf1</size>
         <input_file_ref idref="fl-141"/>
      </object_component>
      <object_component id="oc-125">
         <name>.debug_info</name>
         <load_address>0x5283</load_address>
         <run_address>0x5283</run_address>
         <size>0xcd</size>
         <input_file_ref idref="fl-146"/>
      </object_component>
      <object_component id="oc-12d">
         <name>.debug_info</name>
         <load_address>0x5350</load_address>
         <run_address>0x5350</run_address>
         <size>0x24e</size>
         <input_file_ref idref="fl-15a"/>
      </object_component>
      <object_component id="oc-134">
         <name>.debug_info</name>
         <load_address>0x559e</load_address>
         <run_address>0x559e</run_address>
         <size>0x294</size>
         <input_file_ref idref="fl-15b"/>
      </object_component>
      <object_component id="oc-13a">
         <name>.debug_info</name>
         <load_address>0x5832</load_address>
         <run_address>0x5832</run_address>
         <size>0x1e3</size>
         <input_file_ref idref="fl-15b"/>
      </object_component>
      <object_component id="oc-13e">
         <name>.debug_info</name>
         <load_address>0x5a15</load_address>
         <run_address>0x5a15</run_address>
         <size>0x367</size>
         <input_file_ref idref="fl-140"/>
      </object_component>
      <object_component id="oc-146">
         <name>.debug_info</name>
         <load_address>0x5d7c</load_address>
         <run_address>0x5d7c</run_address>
         <size>0x1bc</size>
         <input_file_ref idref="fl-15b"/>
      </object_component>
      <object_component id="oc-149">
         <name>.debug_info</name>
         <load_address>0x5f38</load_address>
         <run_address>0x5f38</run_address>
         <size>0x19f</size>
         <input_file_ref idref="fl-13e"/>
      </object_component>
      <object_component id="oc-14f">
         <name>.debug_info</name>
         <load_address>0x60d7</load_address>
         <run_address>0x60d7</run_address>
         <size>0x178</size>
         <input_file_ref idref="fl-13a"/>
      </object_component>
      <object_component id="oc-155">
         <name>.debug_info</name>
         <load_address>0x624f</load_address>
         <run_address>0x624f</run_address>
         <size>0x86d</size>
         <input_file_ref idref="fl-13b"/>
      </object_component>
      <object_component id="oc-15b">
         <name>.debug_info</name>
         <load_address>0x6abc</load_address>
         <run_address>0x6abc</run_address>
         <size>0x352</size>
         <input_file_ref idref="fl-6"/>
      </object_component>
      <object_component id="oc-15e">
         <name>.debug_info</name>
         <load_address>0x6e0e</load_address>
         <run_address>0x6e0e</run_address>
         <size>0x4e</size>
         <input_file_ref idref="fl-2"/>
      </object_component>
      <object_component id="oc-163">
         <name>.debug_info</name>
         <load_address>0x6e5c</load_address>
         <run_address>0x6e5c</run_address>
         <size>0x110</size>
         <input_file_ref idref="fl-6"/>
      </object_component>
      <object_component id="oc-16b">
         <name>.debug_info</name>
         <load_address>0x6f6c</load_address>
         <run_address>0x6f6c</run_address>
         <size>0x186</size>
         <input_file_ref idref="fl-15d"/>
      </object_component>
      <object_component id="oc-170">
         <name>.debug_info</name>
         <load_address>0x70f2</load_address>
         <run_address>0x70f2</run_address>
         <size>0x2c</size>
         <input_file_ref idref="fl-2"/>
      </object_component>
      <object_component id="oc-176">
         <name>.debug_info</name>
         <load_address>0x711e</load_address>
         <run_address>0x711e</run_address>
         <size>0x1b4</size>
         <input_file_ref idref="fl-158"/>
      </object_component>
      <object_component id="oc-17b">
         <name>.debug_info</name>
         <load_address>0x72d2</load_address>
         <run_address>0x72d2</run_address>
         <size>0x1f7</size>
         <input_file_ref idref="fl-15a"/>
      </object_component>
      <object_component id="oc-181">
         <name>.debug_info</name>
         <load_address>0x74c9</load_address>
         <run_address>0x74c9</run_address>
         <size>0x20c</size>
         <input_file_ref idref="fl-15a"/>
      </object_component>
      <object_component id="oc-188">
         <name>.debug_info</name>
         <load_address>0x76d5</load_address>
         <run_address>0x76d5</run_address>
         <size>0x223</size>
         <input_file_ref idref="fl-15a"/>
      </object_component>
      <object_component id="oc-18e">
         <name>.debug_info</name>
         <load_address>0x78f8</load_address>
         <run_address>0x78f8</run_address>
         <size>0x1f8</size>
         <input_file_ref idref="fl-15a"/>
      </object_component>
      <object_component id="oc-194">
         <name>.debug_info</name>
         <load_address>0x7af0</load_address>
         <run_address>0x7af0</run_address>
         <size>0x225</size>
         <input_file_ref idref="fl-15a"/>
      </object_component>
      <object_component id="oc-19a">
         <name>.debug_info</name>
         <load_address>0x7d15</load_address>
         <run_address>0x7d15</run_address>
         <size>0x1de</size>
         <input_file_ref idref="fl-15a"/>
      </object_component>
      <object_component id="oc-1a0">
         <name>.debug_info</name>
         <load_address>0x7ef3</load_address>
         <run_address>0x7ef3</run_address>
         <size>0x20c</size>
         <input_file_ref idref="fl-159"/>
      </object_component>
      <object_component id="oc-1a8">
         <name>.debug_info</name>
         <load_address>0x80ff</load_address>
         <run_address>0x80ff</run_address>
         <size>0x16d</size>
         <input_file_ref idref="fl-13f"/>
      </object_component>
      <object_component id="oc-1ac">
         <name>.debug_info</name>
         <load_address>0x826c</load_address>
         <run_address>0x826c</run_address>
         <size>0x1ca</size>
         <input_file_ref idref="fl-13d"/>
      </object_component>
      <object_component id="oc-1b2">
         <name>.debug_info</name>
         <load_address>0x8436</load_address>
         <run_address>0x8436</run_address>
         <size>0x197</size>
         <input_file_ref idref="fl-2"/>
      </object_component>
      <object_component id="oc-1b4">
         <name>.debug_info</name>
         <load_address>0x85cd</load_address>
         <run_address>0x85cd</run_address>
         <size>0x245</size>
         <input_file_ref idref="fl-159"/>
      </object_component>
      <object_component id="oc-1cc">
         <name>.debug_info</name>
         <load_address>0x8812</load_address>
         <run_address>0x8812</run_address>
         <size>0x1b8</size>
         <input_file_ref idref="fl-15b"/>
      </object_component>
      <object_component id="oc-1d2">
         <name>.debug_info</name>
         <load_address>0x89ca</load_address>
         <run_address>0x89ca</run_address>
         <size>0x1b6</size>
         <input_file_ref idref="fl-15b"/>
      </object_component>
      <object_component id="oc-1d8">
         <name>.debug_info</name>
         <load_address>0x8b80</load_address>
         <run_address>0x8b80</run_address>
         <size>0x12c9</size>
         <input_file_ref idref="fl-142"/>
      </object_component>
      <object_component id="oc-1dd">
         <name>.debug_info</name>
         <load_address>0x9e49</load_address>
         <run_address>0x9e49</run_address>
         <size>0x19a</size>
         <input_file_ref idref="fl-140"/>
      </object_component>
      <object_component id="oc-1de">
         <name>.debug_info</name>
         <load_address>0x9fe3</load_address>
         <run_address>0x9fe3</run_address>
         <size>0x2c</size>
         <input_file_ref idref="fl-140"/>
      </object_component>
      <object_component id="oc-1e3">
         <name>.debug_info</name>
         <load_address>0xa00f</load_address>
         <run_address>0xa00f</run_address>
         <size>0x69</size>
         <input_file_ref idref="fl-140"/>
      </object_component>
      <object_component id="oc-1ea">
         <name>.debug_info</name>
         <load_address>0xa078</load_address>
         <run_address>0xa078</run_address>
         <size>0xb7</size>
         <input_file_ref idref="fl-13e"/>
      </object_component>
      <object_component id="oc-1ec">
         <name>.debug_info</name>
         <load_address>0xa12f</load_address>
         <run_address>0xa12f</run_address>
         <size>0xf9</size>
         <input_file_ref idref="fl-13a"/>
      </object_component>
      <object_component id="oc-1ee">
         <name>.debug_info</name>
         <load_address>0xa228</load_address>
         <run_address>0xa228</run_address>
         <size>0x119</size>
         <input_file_ref idref="fl-13b"/>
      </object_component>
      <object_component id="oc-1f6">
         <name>.debug_info</name>
         <load_address>0xa341</load_address>
         <run_address>0xa341</run_address>
         <size>0x1b1</size>
         <input_file_ref idref="fl-158"/>
      </object_component>
      <object_component id="oc-1fb">
         <name>.debug_info</name>
         <load_address>0xa4f2</load_address>
         <run_address>0xa4f2</run_address>
         <size>0x115</size>
         <input_file_ref idref="fl-15a"/>
      </object_component>
      <object_component id="oc-1ff">
         <name>.debug_info</name>
         <load_address>0xa607</load_address>
         <run_address>0xa607</run_address>
         <size>0x20e</size>
         <input_file_ref idref="fl-15a"/>
      </object_component>
      <object_component id="oc-203">
         <name>.debug_info</name>
         <load_address>0xa815</load_address>
         <run_address>0xa815</run_address>
         <size>0x1f7</size>
         <input_file_ref idref="fl-159"/>
      </object_component>
      <object_component id="oc-20a">
         <name>.debug_info</name>
         <load_address>0xaa0c</load_address>
         <run_address>0xaa0c</run_address>
         <size>0x185</size>
         <input_file_ref idref="fl-153"/>
      </object_component>
      <object_component id="oc-212">
         <name>.debug_info</name>
         <load_address>0xab91</load_address>
         <run_address>0xab91</run_address>
         <size>0x15a</size>
         <input_file_ref idref="fl-152"/>
      </object_component>
      <object_component id="oc-216">
         <name>.debug_info</name>
         <load_address>0xaceb</load_address>
         <run_address>0xaceb</run_address>
         <size>0xc7</size>
         <input_file_ref idref="fl-13f"/>
      </object_component>
      <object_component id="oc-219">
         <name>.debug_info</name>
         <load_address>0xadb2</load_address>
         <run_address>0xadb2</run_address>
         <size>0x112</size>
         <input_file_ref idref="fl-13f"/>
      </object_component>
      <object_component id="oc-21b">
         <name>.debug_info</name>
         <load_address>0xaec4</load_address>
         <run_address>0xaec4</run_address>
         <size>0xb2</size>
         <input_file_ref idref="fl-13d"/>
      </object_component>
      <object_component id="oc-21f">
         <name>.debug_info</name>
         <load_address>0xaf76</load_address>
         <run_address>0xaf76</run_address>
         <size>0x10c</size>
         <input_file_ref idref="fl-159"/>
      </object_component>
      <object_component id="oc-225">
         <name>.debug_info</name>
         <load_address>0xb082</load_address>
         <run_address>0xb082</run_address>
         <size>0x152</size>
         <input_file_ref idref="fl-154"/>
      </object_component>
      <object_component id="oc-22b">
         <name>.debug_info</name>
         <load_address>0xb1d4</load_address>
         <run_address>0xb1d4</run_address>
         <size>0xed</size>
         <input_file_ref idref="fl-14e"/>
      </object_component>
      <object_component id="oc-230">
         <name>.debug_info</name>
         <load_address>0xb2c1</load_address>
         <run_address>0xb2c1</run_address>
         <size>0xf3</size>
         <input_file_ref idref="fl-149"/>
      </object_component>
      <object_component id="oc-234">
         <name>.debug_info</name>
         <load_address>0xb3b4</load_address>
         <run_address>0xb3b4</run_address>
         <size>0x105</size>
         <input_file_ref idref="fl-14b"/>
      </object_component>
      <object_component id="oc-239">
         <name>.debug_info</name>
         <load_address>0xb4b9</load_address>
         <run_address>0xb4b9</run_address>
         <size>0x105</size>
         <input_file_ref idref="fl-14a"/>
      </object_component>
      <object_component id="oc-23e">
         <name>.debug_info</name>
         <load_address>0xb5be</load_address>
         <run_address>0xb5be</run_address>
         <size>0xf5</size>
         <input_file_ref idref="fl-149"/>
      </object_component>
      <object_component id="oc-243">
         <name>.debug_info</name>
         <load_address>0xb6b3</load_address>
         <run_address>0xb6b3</run_address>
         <size>0xf9</size>
         <input_file_ref idref="fl-14c"/>
      </object_component>
      <object_component id="oc-248">
         <name>.debug_info</name>
         <load_address>0xb7ac</load_address>
         <run_address>0xb7ac</run_address>
         <size>0x18f</size>
         <input_file_ref idref="fl-14f"/>
      </object_component>
      <object_component id="oc-24e">
         <name>.debug_info</name>
         <load_address>0xb93b</load_address>
         <run_address>0xb93b</run_address>
         <size>0xf7</size>
         <input_file_ref idref="fl-14d"/>
      </object_component>
      <object_component id="oc-255">
         <name>.debug_info</name>
         <load_address>0xba32</load_address>
         <run_address>0xba32</run_address>
         <size>0x117</size>
         <input_file_ref idref="fl-148"/>
      </object_component>
      <object_component id="oc-25a">
         <name>.debug_info</name>
         <load_address>0xbb49</load_address>
         <run_address>0xbb49</run_address>
         <size>0x114</size>
         <input_file_ref idref="fl-151"/>
      </object_component>
      <object_component id="oc-25d">
         <name>.debug_info</name>
         <load_address>0xbc5d</load_address>
         <run_address>0xbc5d</run_address>
         <size>0x128</size>
         <input_file_ref idref="fl-155"/>
      </object_component>
      <object_component id="oc-265">
         <name>.debug_info</name>
         <load_address>0xbd85</load_address>
         <run_address>0xbd85</run_address>
         <size>0x178</size>
         <input_file_ref idref="fl-150"/>
      </object_component>
      <object_component id="oc-269">
         <name>.debug_info</name>
         <load_address>0xbefd</load_address>
         <run_address>0xbefd</run_address>
         <size>0x13e</size>
         <input_file_ref idref="fl-144"/>
      </object_component>
      <object_component id="oc-26f">
         <name>.debug_info</name>
         <load_address>0xc03b</load_address>
         <run_address>0xc03b</run_address>
         <size>0x283</size>
         <input_file_ref idref="fl-142"/>
      </object_component>
      <object_component id="oc-270">
         <name>.debug_info</name>
         <load_address>0xc2be</load_address>
         <run_address>0xc2be</run_address>
         <size>0x86</size>
         <input_file_ref idref="fl-142"/>
      </object_component>
      <object_component id="oc-275">
         <name>.debug_info</name>
         <load_address>0xc344</load_address>
         <run_address>0xc344</run_address>
         <size>0x39</size>
         <input_file_ref idref="fl-142"/>
      </object_component>
      <object_component id="oc-288">
         <name>.debug_info</name>
         <load_address>0xc37d</load_address>
         <run_address>0xc37d</run_address>
         <size>0x62</size>
         <input_file_ref idref="fl-2"/>
      </object_component>
      <object_component id="oc-28f">
         <name>.debug_info</name>
         <load_address>0xc3df</load_address>
         <run_address>0xc3df</run_address>
         <size>0xbd</size>
         <input_file_ref idref="fl-153"/>
      </object_component>
      <object_component id="oc-291">
         <name>.debug_info</name>
         <load_address>0xc49c</load_address>
         <run_address>0xc49c</run_address>
         <size>0xb8</size>
         <input_file_ref idref="fl-152"/>
      </object_component>
      <object_component id="oc-29a">
         <name>.debug_info</name>
         <load_address>0xc554</load_address>
         <run_address>0xc554</run_address>
         <size>0xfe</size>
         <input_file_ref idref="fl-159"/>
      </object_component>
      <object_component id="oc-2a3">
         <name>.debug_info</name>
         <load_address>0xc652</load_address>
         <run_address>0xc652</run_address>
         <size>0x119</size>
         <input_file_ref idref="fl-14f"/>
      </object_component>
      <object_component id="oc-2a8">
         <name>.debug_info</name>
         <load_address>0xc76b</load_address>
         <run_address>0xc76b</run_address>
         <size>0x127</size>
         <input_file_ref idref="fl-156"/>
      </object_component>
      <object_component id="oc-2af">
         <name>.debug_info</name>
         <load_address>0xc892</load_address>
         <run_address>0xc892</run_address>
         <size>0xbe</size>
         <input_file_ref idref="fl-150"/>
      </object_component>
      <object_component id="oc-2b1">
         <name>.debug_info</name>
         <load_address>0xc950</load_address>
         <run_address>0xc950</run_address>
         <size>0xc7</size>
         <input_file_ref idref="fl-147"/>
      </object_component>
      <object_component id="oc-2b4">
         <name>.debug_info</name>
         <load_address>0xca17</load_address>
         <run_address>0xca17</run_address>
         <size>0xdd</size>
         <input_file_ref idref="fl-144"/>
      </object_component>
      <object_component id="oc-2b7">
         <name>.debug_info</name>
         <load_address>0xcaf4</load_address>
         <run_address>0xcaf4</run_address>
         <size>0x46</size>
         <input_file_ref idref="fl-142"/>
      </object_component>
      <object_component id="oc-2c5">
         <name>.debug_info</name>
         <load_address>0xcb3a</load_address>
         <run_address>0xcb3a</run_address>
         <size>0xb2</size>
         <input_file_ref idref="fl-156"/>
      </object_component>
      <object_component id="oc-2ca">
         <name>.debug_info</name>
         <load_address>0xcbec</load_address>
         <run_address>0xcbec</run_address>
         <size>0xbb</size>
         <input_file_ref idref="fl-147"/>
      </object_component>
      <object_component id="oc-2f3">
         <name>.debug_info</name>
         <load_address>0xcca7</load_address>
         <run_address>0xcca7</run_address>
         <size>0x94</size>
      </object_component>
      <object_component id="oc-10">
         <name>.debug_pubnames</name>
         <load_address>0x0</load_address>
         <run_address>0x0</run_address>
         <size>0x23</size>
         <input_file_ref idref="fl-5"/>
      </object_component>
      <object_component id="oc-15">
         <name>.debug_pubnames</name>
         <load_address>0x23</load_address>
         <run_address>0x23</run_address>
         <size>0x1f</size>
         <input_file_ref idref="fl-134"/>
      </object_component>
      <object_component id="oc-1a">
         <name>.debug_pubnames</name>
         <load_address>0x42</load_address>
         <run_address>0x42</run_address>
         <size>0x2b</size>
         <input_file_ref idref="fl-135"/>
      </object_component>
      <object_component id="oc-1f">
         <name>.debug_pubnames</name>
         <load_address>0x6d</load_address>
         <run_address>0x6d</run_address>
         <size>0x25</size>
         <input_file_ref idref="fl-137"/>
      </object_component>
      <object_component id="oc-24">
         <name>.debug_pubnames</name>
         <load_address>0x92</load_address>
         <run_address>0x92</run_address>
         <size>0x2c</size>
         <input_file_ref idref="fl-136"/>
      </object_component>
      <object_component id="oc-2b">
         <name>.debug_pubnames</name>
         <load_address>0xbe</load_address>
         <run_address>0xbe</run_address>
         <size>0x22</size>
         <input_file_ref idref="fl-13b"/>
      </object_component>
      <object_component id="oc-2f">
         <name>.debug_pubnames</name>
         <load_address>0xe0</load_address>
         <run_address>0xe0</run_address>
         <size>0x60</size>
         <input_file_ref idref="fl-5"/>
      </object_component>
      <object_component id="oc-39">
         <name>.debug_pubnames</name>
         <load_address>0x140</load_address>
         <run_address>0x140</run_address>
         <size>0x37</size>
         <input_file_ref idref="fl-145"/>
      </object_component>
      <object_component id="oc-3d">
         <name>.debug_pubnames</name>
         <load_address>0x177</load_address>
         <run_address>0x177</run_address>
         <size>0x21</size>
         <input_file_ref idref="fl-143"/>
      </object_component>
      <object_component id="oc-45">
         <name>.debug_pubnames</name>
         <load_address>0x198</load_address>
         <run_address>0x198</run_address>
         <size>0x35</size>
         <input_file_ref idref="fl-138"/>
      </object_component>
      <object_component id="oc-48">
         <name>.debug_pubnames</name>
         <load_address>0x1cd</load_address>
         <run_address>0x1cd</run_address>
         <size>0x23</size>
         <input_file_ref idref="fl-13c"/>
      </object_component>
      <object_component id="oc-4d">
         <name>.debug_pubnames</name>
         <load_address>0x1f0</load_address>
         <run_address>0x1f0</run_address>
         <size>0x1d</size>
         <input_file_ref idref="fl-139"/>
      </object_component>
      <object_component id="oc-5f">
         <name>.debug_pubnames</name>
         <load_address>0x20d</load_address>
         <run_address>0x20d</run_address>
         <size>0x2f</size>
         <input_file_ref idref="fl-136"/>
      </object_component>
      <object_component id="oc-79">
         <name>.debug_pubnames</name>
         <load_address>0x23c</load_address>
         <run_address>0x23c</run_address>
         <size>0x1e</size>
         <input_file_ref idref="fl-146"/>
      </object_component>
      <object_component id="oc-81">
         <name>.debug_pubnames</name>
         <load_address>0x25a</load_address>
         <run_address>0x25a</run_address>
         <size>0x3b</size>
         <input_file_ref idref="fl-3"/>
      </object_component>
      <object_component id="oc-87">
         <name>.debug_pubnames</name>
         <load_address>0x295</load_address>
         <run_address>0x295</run_address>
         <size>0x28</size>
         <input_file_ref idref="fl-141"/>
      </object_component>
      <object_component id="oc-8a">
         <name>.debug_pubnames</name>
         <load_address>0x2bd</load_address>
         <run_address>0x2bd</run_address>
         <size>0x3a</size>
         <input_file_ref idref="fl-138"/>
      </object_component>
      <object_component id="oc-b3">
         <name>.debug_pubnames</name>
         <load_address>0x2f7</load_address>
         <run_address>0x2f7</run_address>
         <size>0x67</size>
         <input_file_ref idref="fl-6"/>
      </object_component>
      <object_component id="oc-b8">
         <name>.debug_pubnames</name>
         <load_address>0x35e</load_address>
         <run_address>0x35e</run_address>
         <size>0x27</size>
         <input_file_ref idref="fl-158"/>
      </object_component>
      <object_component id="oc-be">
         <name>.debug_pubnames</name>
         <load_address>0x385</load_address>
         <run_address>0x385</run_address>
         <size>0x26</size>
         <input_file_ref idref="fl-158"/>
      </object_component>
      <object_component id="oc-c5">
         <name>.debug_pubnames</name>
         <load_address>0x3ab</load_address>
         <run_address>0x3ab</run_address>
         <size>0x20</size>
         <input_file_ref idref="fl-158"/>
      </object_component>
      <object_component id="oc-cb">
         <name>.debug_pubnames</name>
         <load_address>0x3cb</load_address>
         <run_address>0x3cb</run_address>
         <size>0x28</size>
         <input_file_ref idref="fl-15a"/>
      </object_component>
      <object_component id="oc-d1">
         <name>.debug_pubnames</name>
         <load_address>0x3f3</load_address>
         <run_address>0x3f3</run_address>
         <size>0x23</size>
         <input_file_ref idref="fl-4"/>
      </object_component>
      <object_component id="oc-d6">
         <name>.debug_pubnames</name>
         <load_address>0x416</load_address>
         <run_address>0x416</run_address>
         <size>0x42</size>
         <input_file_ref idref="fl-2"/>
      </object_component>
      <object_component id="oc-de">
         <name>.debug_pubnames</name>
         <load_address>0x458</load_address>
         <run_address>0x458</run_address>
         <size>0x21</size>
         <input_file_ref idref="fl-159"/>
      </object_component>
      <object_component id="oc-e2">
         <name>.debug_pubnames</name>
         <load_address>0x479</load_address>
         <run_address>0x479</run_address>
         <size>0x27</size>
         <input_file_ref idref="fl-157"/>
      </object_component>
      <object_component id="oc-e9">
         <name>.debug_pubnames</name>
         <load_address>0x4a0</load_address>
         <run_address>0x4a0</run_address>
         <size>0x25</size>
         <input_file_ref idref="fl-157"/>
      </object_component>
      <object_component id="oc-ee">
         <name>.debug_pubnames</name>
         <load_address>0x4c5</load_address>
         <run_address>0x4c5</run_address>
         <size>0x25</size>
         <input_file_ref idref="fl-157"/>
      </object_component>
      <object_component id="oc-f4">
         <name>.debug_pubnames</name>
         <load_address>0x4ea</load_address>
         <run_address>0x4ea</run_address>
         <size>0x20</size>
         <input_file_ref idref="fl-157"/>
      </object_component>
      <object_component id="oc-fa">
         <name>.debug_pubnames</name>
         <load_address>0x50a</load_address>
         <run_address>0x50a</run_address>
         <size>0x24</size>
         <input_file_ref idref="fl-157"/>
      </object_component>
      <object_component id="oc-101">
         <name>.debug_pubnames</name>
         <load_address>0x52e</load_address>
         <run_address>0x52e</run_address>
         <size>0x22</size>
         <input_file_ref idref="fl-157"/>
      </object_component>
      <object_component id="oc-106">
         <name>.debug_pubnames</name>
         <load_address>0x550</load_address>
         <run_address>0x550</run_address>
         <size>0x24</size>
         <input_file_ref idref="fl-3"/>
      </object_component>
      <object_component id="oc-11a">
         <name>.debug_pubnames</name>
         <load_address>0x574</load_address>
         <run_address>0x574</run_address>
         <size>0x43</size>
         <input_file_ref idref="fl-141"/>
      </object_component>
      <object_component id="oc-12e">
         <name>.debug_pubnames</name>
         <load_address>0x5b7</load_address>
         <run_address>0x5b7</run_address>
         <size>0x2d</size>
         <input_file_ref idref="fl-15a"/>
      </object_component>
      <object_component id="oc-135">
         <name>.debug_pubnames</name>
         <load_address>0x5e4</load_address>
         <run_address>0x5e4</run_address>
         <size>0x2a</size>
         <input_file_ref idref="fl-15b"/>
      </object_component>
      <object_component id="oc-13b">
         <name>.debug_pubnames</name>
         <load_address>0x60e</load_address>
         <run_address>0x60e</run_address>
         <size>0x22</size>
         <input_file_ref idref="fl-15b"/>
      </object_component>
      <object_component id="oc-140">
         <name>.debug_pubnames</name>
         <load_address>0x630</load_address>
         <run_address>0x630</run_address>
         <size>0x34</size>
         <input_file_ref idref="fl-140"/>
      </object_component>
      <object_component id="oc-147">
         <name>.debug_pubnames</name>
         <load_address>0x664</load_address>
         <run_address>0x664</run_address>
         <size>0x22</size>
         <input_file_ref idref="fl-15b"/>
      </object_component>
      <object_component id="oc-14a">
         <name>.debug_pubnames</name>
         <load_address>0x686</load_address>
         <run_address>0x686</run_address>
         <size>0x1d</size>
         <input_file_ref idref="fl-13e"/>
      </object_component>
      <object_component id="oc-150">
         <name>.debug_pubnames</name>
         <load_address>0x6a3</load_address>
         <run_address>0x6a3</run_address>
         <size>0x1e</size>
         <input_file_ref idref="fl-13a"/>
      </object_component>
      <object_component id="oc-157">
         <name>.debug_pubnames</name>
         <load_address>0x6c1</load_address>
         <run_address>0x6c1</run_address>
         <size>0x6c</size>
         <input_file_ref idref="fl-13b"/>
      </object_component>
      <object_component id="oc-15c">
         <name>.debug_pubnames</name>
         <load_address>0x72d</load_address>
         <run_address>0x72d</run_address>
         <size>0x21</size>
         <input_file_ref idref="fl-6"/>
      </object_component>
      <object_component id="oc-16d">
         <name>.debug_pubnames</name>
         <load_address>0x74e</load_address>
         <run_address>0x74e</run_address>
         <size>0x1f</size>
         <input_file_ref idref="fl-15d"/>
      </object_component>
      <object_component id="oc-177">
         <name>.debug_pubnames</name>
         <load_address>0x76d</load_address>
         <run_address>0x76d</run_address>
         <size>0x6b</size>
         <input_file_ref idref="fl-158"/>
      </object_component>
      <object_component id="oc-17c">
         <name>.debug_pubnames</name>
         <load_address>0x7d8</load_address>
         <run_address>0x7d8</run_address>
         <size>0x25</size>
         <input_file_ref idref="fl-15a"/>
      </object_component>
      <object_component id="oc-182">
         <name>.debug_pubnames</name>
         <load_address>0x7fd</load_address>
         <run_address>0x7fd</run_address>
         <size>0x26</size>
         <input_file_ref idref="fl-15a"/>
      </object_component>
      <object_component id="oc-189">
         <name>.debug_pubnames</name>
         <load_address>0x823</load_address>
         <run_address>0x823</run_address>
         <size>0x2e</size>
         <input_file_ref idref="fl-15a"/>
      </object_component>
      <object_component id="oc-18f">
         <name>.debug_pubnames</name>
         <load_address>0x851</load_address>
         <run_address>0x851</run_address>
         <size>0x2a</size>
         <input_file_ref idref="fl-15a"/>
      </object_component>
      <object_component id="oc-195">
         <name>.debug_pubnames</name>
         <load_address>0x87b</load_address>
         <run_address>0x87b</run_address>
         <size>0x2f</size>
         <input_file_ref idref="fl-15a"/>
      </object_component>
      <object_component id="oc-19b">
         <name>.debug_pubnames</name>
         <load_address>0x8aa</load_address>
         <run_address>0x8aa</run_address>
         <size>0x2b</size>
         <input_file_ref idref="fl-15a"/>
      </object_component>
      <object_component id="oc-1a1">
         <name>.debug_pubnames</name>
         <load_address>0x8d5</load_address>
         <run_address>0x8d5</run_address>
         <size>0x22</size>
         <input_file_ref idref="fl-159"/>
      </object_component>
      <object_component id="oc-1a9">
         <name>.debug_pubnames</name>
         <load_address>0x8f7</load_address>
         <run_address>0x8f7</run_address>
[...]
            </allocated_space>
            <available_space>
               <start_address>0x20023028</start_address>
               <size>0xbfd8</size>
            </available_space>
            <allocated_space>
               <start_address>0x2002f000</start_address>
               <size>0x1000</size>
               <logical_group_ref idref="lg-d"/>
            </allocated_space>
         </usage_details>
      </memory_area>
   </placement_map>
   <cptbl_list>
      <cptbl>
         <name>__TI_cinit_table</name>
         <cprec>
            <name>.data</name>
            <load_address>0x20007450</load_address>
            <load_size>0x1d</load_size>
            <run_address>0x20023004</run_address>
            <run_size>0x24</run_size>
            <compression>rle</compression>
         </cprec>
         <cprec>
            <name>.bss</name>
            <load_address>0x20007480</load_address>
            <load_size>0x8</load_size>
            <run_address>0x2001f000</run_address>
            <run_size>0x4004</run_size>
            <compression>zero_init</compression>
         </cprec>
      </cptbl>
   </cptbl_list>
   <handler_table>
      <handler_table_name>__TI_handler_table</handler_table_name>
      <handler>
         <index>0x0</index>
         <name>__TI_decompress_rle24</name>
      </handler>
      <handler>
         <index>0x1</index>
         <name>__TI_decompress_none</name>
      </handler>
      <handler>
         <index>0x2</index>
         <name>__TI_zero_init</name>
      </handler>
   </handler_table>
   <symbol_table>
      <symbol id="sm-1">
         <name>__TI_CINIT_Base</name>
         <value>0x20007488</value>
      </symbol>
      <symbol id="sm-2">
         <name>__TI_CINIT_Limit</name>
         <value>0x20007498</value>
      </symbol>
      <symbol id="sm-3">
         <name>__TI_Handler_Table_Base</name>
         <value>0x20007470</value>
      </symbol>
      <symbol id="sm-4">
         <name>__TI_Handler_Table_Limit</name>
         <value>0x2000747c</value>
      </symbol>
      <symbol id="sm-5">
         <name>binit</name>
         <value>0xffffffff</value>
      </symbol>
      <symbol id="sm-6">
         <name>__binit__</name>
         <value>0xffffffff</value>
      </symbol>
      <symbol id="sm-7">
         <name>__STACK_SIZE</name>
         <value>0x1000</value>
      </symbol>
      <symbol id="sm-8">
         <name>__STACK_END</name>
         <value>0x20030000</value>
      </symbol>
      <symbol id="sm-9">
         <name>__SYSMEM_SIZE</name>
         <value>0x8000</value>
      </symbol>
      <symbol id="sm-a">
         <name>__c_args__</name>
         <value>0xffffffff</value>
      </symbol>
      <symbol id="sm-5d">
         <name>UsageDisplay</name>
         <value>0x20005bd7</value>
         <object_component_ref idref="oc-d4"/>
      </symbol>
      <symbol id="sm-5e">
         <name>ADCParser</name>
         <value>0x20005b5d</value>
         <object_component_ref idref="oc-d4"/>
      </symbol>
      <symbol id="sm-5f">
         <name>ReadFromUser</name>
         <value>0x20005c11</value>
         <object_component_ref idref="oc-d4"/>
      </symbol>
      <symbol id="sm-8f">
         <name>pulAdcSamples</name>
         <value>0x2001f000</value>
         <object_component_ref idref="oc-104"/>
      </symbol>
      <symbol id="sm-90">
         <name>main</name>
         <value>0x20005937</value>
         <object_component_ref idref="oc-7d"/>
      </symbol>
      <symbol id="sm-9f">
         <name>PinMuxConfig</name>
         <value>0x20006f4b</value>
         <object_component_ref idref="oc-ce"/>
      </symbol>
      <symbol id="sm-be">
         <name>ResetISR</name>
         <value>0x200070fb</value>
         <object_component_ref idref="oc-2c"/>
      </symbol>
      <symbol id="sm-bf">
         <name>g_pfnVectors</name>
         <value>0x20004000</value>
         <object_component_ref idref="oc-e"/>
      </symbol>
      <symbol id="sm-fc">
         <name>GetCmd</name>
         <value>0x2000570f</value>
         <object_component_ref idref="oc-b0"/>
      </symbol>
      <symbol id="sm-fd">
         <name>Message</name>
         <value>0x200056ab</value>
         <object_component_ref idref="oc-b0"/>
      </symbol>
      <symbol id="sm-fe">
         <name>Report</name>
         <value>0x20005839</value>
         <object_component_ref idref="oc-b0"/>
      </symbol>
      <symbol id="sm-ff">
         <name>Error</name>
         <value>0x200056d7</value>
         <object_component_ref idref="oc-b0"/>
      </symbol>
      <symbol id="sm-100">
         <name>InitTerm</name>
         <value>0x2000568d</value>
         <object_component_ref idref="oc-b0"/>
      </symbol>
      <symbol id="sm-101">
         <name>ClearTerm</name>
         <value>0x200056cd</value>
         <object_component_ref idref="oc-b0"/>
      </symbol>
      <symbol id="sm-102">
         <name>TrimSpace</name>
         <value>0x200057a1</value>
         <object_component_ref idref="oc-b0"/>
      </symbol>
      <symbol id="sm-111">
         <name>_c_int00</name>
         <value>0x20006d71</value>
         <object_component_ref idref="oc-11"/>
      </symbol>
      <symbol id="sm-112">
         <name>__stack</name>
         <value>0x2002f000</value>
         <object_component_ref idref="oc-28"/>
      </symbol>
      <symbol id="sm-129">
         <name>__TI_decompress_none</name>
         <value>0x200070df</value>
         <object_component_ref idref="oc-16"/>
      </symbol>
      <symbol id="sm-14d">
         <name>__TI_decompress_rle24</name>
         <value>0x20007119</value>
         <object_component_ref idref="oc-22"/>
      </symbol>
      <symbol id="sm-161">
         <name>__TI_zero_init</name>
         <value>0x200070cd</value>
         <object_component_ref idref="oc-1c"/>
      </symbol>
      <symbol id="sm-180">
         <name>C$$EXIT</name>
         <value>0x20006bf5</value>
         <object_component_ref idref="oc-40"/>
      </symbol>
      <symbol id="sm-181">
         <name>abort</name>
         <value>0x20006bf9</value>
         <object_component_ref idref="oc-40"/>
      </symbol>
      <symbol id="sm-182">
         <name>exit</name>
         <value>0x20006c01</value>
         <object_component_ref idref="oc-40"/>
      </symbol>
      <symbol id="sm-183">
         <name>__TI_dtors_ptr</name>
         <value>0x2002301c</value>
         <object_component_ref idref="oc-88"/>
      </symbol>
      <symbol id="sm-184">
         <name>__TI_cleanup_ptr</name>
         <value>0x20023018</value>
         <object_component_ref idref="oc-88"/>
      </symbol>
      <symbol id="sm-19f">
         <name>memcpy</name>
         <value>0x2000653d</value>
         <object_component_ref idref="oc-4a"/>
      </symbol>
      <symbol id="sm-1a0">
         <name>__aeabi_memcpy</name>
         <value>0x2000653d</value>
         <object_component_ref idref="oc-4a"/>
      </symbol>
      <symbol id="sm-1a1">
         <name>__aeabi_memcpy8</name>
         <value>0x2000653d</value>
         <object_component_ref idref="oc-4a"/>
      </symbol>
      <symbol id="sm-1a2">
         <name>__aeabi_memcpy4</name>
         <value>0x2000653d</value>
         <object_component_ref idref="oc-4a"/>
      </symbol>
      <symbol id="sm-1b2">
         <name>memmove</name>
         <value>0x20006ea9</value>
         <object_component_ref idref="oc-14e"/>
      </symbol>
      <symbol id="sm-227">
         <name>_sys_memory</name>
         <value>0x20017000</value>
         <object_component_ref idref="oc-29"/>
      </symbol>
      <symbol id="sm-228">
         <name>free</name>
         <value>0x200053af</value>
         <object_component_ref idref="oc-154"/>
      </symbol>
      <symbol id="sm-229">
         <name>realloc</name>
         <value>0x2000546f</value>
         <object_component_ref idref="oc-154"/>
      </symbol>
      <symbol id="sm-22a">
         <name>memalign</name>
         <value>0x20005575</value>
         <object_component_ref idref="oc-154"/>
      </symbol>
      <symbol id="sm-22b">
         <name>calloc</name>
         <value>0x20005655</value>
         <object_component_ref idref="oc-154"/>
      </symbol>
      <symbol id="sm-22c">
         <name>malloc</name>
         <value>0x2000534d</value>
         <object_component_ref idref="oc-154"/>
      </symbol>
      <symbol id="sm-22d">
         <name>minit</name>
         <value>0x200052c1</value>
         <object_component_ref idref="oc-154"/>
      </symbol>
      <symbol id="sm-235">
         <name>main_func_sp</name>
         <value>0x20023020</value>
         <object_component_ref idref="oc-46"/>
      </symbol>
      <symbol id="sm-244">
         <name>strcmp</name>
         <value>0x20006fe5</value>
         <object_component_ref idref="oc-1ab"/>
      </symbol>
      <symbol id="sm-252">
         <name>strlen</name>
         <value>0x200070b9</value>
         <object_component_ref idref="oc-148"/>
      </symbol>
      <symbol id="sm-26a">
         <name>strtok</name>
         <value>0x20006cbd</value>
         <object_component_ref idref="oc-1a5"/>
      </symbol>
      <symbol id="sm-28b">
         <name>vsnprintf</name>
         <value>0x20006789</value>
         <object_component_ref idref="oc-13c"/>
      </symbol>
      <symbol id="sm-2a4">
         <name>_nop</name>
         <value>0x200070b3</value>
         <object_component_ref idref="oc-115"/>
      </symbol>
      <symbol id="sm-2a5">
         <name>_lock</name>
         <value>0x20023010</value>
         <object_component_ref idref="oc-85"/>
      </symbol>
      <symbol id="sm-2a6">
         <name>_unlock</name>
         <value>0x20023014</value>
         <object_component_ref idref="oc-85"/>
      </symbol>
      <symbol id="sm-2a7">
         <name>_register_lock</name>
         <value>0x200070ab</value>
         <object_component_ref idref="oc-115"/>
      </symbol>
      <symbol id="sm-2a8">
         <name>_register_unlock</name>
         <value>0x200070a5</value>
         <object_component_ref idref="oc-115"/>
      </symbol>
      <symbol id="sm-394">
         <name>__TI_printfi</name>
         <value>0x20004fb7</value>
         <object_component_ref idref="oc-1d6"/>
      </symbol>
      <symbol id="sm-3a8">
         <name>_args_main</name>
         <value>0x20006fb5</value>
         <object_component_ref idref="oc-3a"/>
      </symbol>
      <symbol id="sm-3be">
         <name>atoi</name>
         <value>0x20006b1d</value>
         <object_component_ref idref="oc-268"/>
      </symbol>
      <symbol id="sm-3db">
         <name>__TI_auto_init</name>
         <value>0x2000666d</value>
         <object_component_ref idref="oc-35"/>
      </symbol>
      <symbol id="sm-3f4">
         <name>copy_in</name>
         <value>0x20006bb1</value>
         <object_component_ref idref="oc-76"/>
      </symbol>
      <symbol id="sm-3ff">
         <name>_ctypes_</name>
         <value>0x20007120</value>
         <object_component_ref idref="oc-2b0"/>
      </symbol>
      <symbol id="sm-416">
         <name>__aeabi_dsub</name>
         <value>0x20005f77</value>
         <object_component_ref idref="oc-252"/>
      </symbol>
      <symbol id="sm-417">
         <name>__aeabi_dadd</name>
         <value>0x20005f81</value>
         <object_component_ref idref="oc-252"/>
      </symbol>
      <symbol id="sm-439">
         <name>__aeabi_cdcmpeq</name>
         <value>0x20006811</value>
         <object_component_ref idref="oc-22e"/>
      </symbol>
      <symbol id="sm-43a">
         <name>__aeabi_cdcmple</name>
         <value>0x20006811</value>
         <object_component_ref idref="oc-22e"/>
      </symbol>
      <symbol id="sm-43b">
         <name>__aeabi_cdrcmple</name>
         <value>0x20006897</value>
         <object_component_ref idref="oc-23d"/>
      </symbol>
      <symbol id="sm-44f">
         <name>__aeabi_ddiv</name>
         <value>0x2000612d</value>
         <object_component_ref idref="oc-238"/>
      </symbol>
      <symbol id="sm-45a">
         <name>__aeabi_dmul</name>
         <value>0x20006399</value>
         <object_component_ref idref="oc-233"/>
      </symbol>
      <symbol id="sm-464">
         <name>__aeabi_d2iz</name>
         <value>0x20006b69</value>
         <object_component_ref idref="oc-242"/>
      </symbol>
      <symbol id="sm-46e">
         <name>__aeabi_i2d</name>
         <value>0x20006dd5</value>
         <object_component_ref idref="oc-24d"/>
      </symbol>
      <symbol id="sm-477">
         <name>__aeabi_lmul</name>
         <value>0x20006fcd</value>
         <object_component_ref idref="oc-229"/>
      </symbol>
      <symbol id="sm-486">
         <name>ltoa</name>
         <value>0x20006a69</value>
         <object_component_ref idref="oc-247"/>
      </symbol>
      <symbol id="sm-496">
         <name>memccpy</name>
         <value>0x20006f67</value>
         <object_component_ref idref="oc-262"/>
      </symbol>
      <symbol id="sm-4a5">
         <name>__aeabi_memset</name>
         <value>0x2000691f</value>
         <object_component_ref idref="oc-257"/>
      </symbol>
      <symbol id="sm-4a6">
         <name>memset</name>
         <value>0x20006925</value>
         <object_component_ref idref="oc-257"/>
      </symbol>
      <symbol id="sm-4a7">
         <name>__aeabi_memset8</name>
         <value>0x2000691f</value>
         <object_component_ref idref="oc-257"/>
      </symbol>
      <symbol id="sm-4a8">
         <name>__aeabi_memset4</name>
         <value>0x2000691f</value>
         <object_component_ref idref="oc-257"/>
      </symbol>
      <symbol id="sm-4a9">
         <name>__aeabi_memclr8</name>
         <value>0x2000691d</value>
         <object_component_ref idref="oc-257"/>
      </symbol>
      <symbol id="sm-4aa">
         <name>__aeabi_memclr4</name>
         <value>0x2000691d</value>
         <object_component_ref idref="oc-257"/>
      </symbol>
      <symbol id="sm-4ab">
         <name>__aeabi_memclr</name>
         <value>0x2000691d</value>
         <object_component_ref idref="oc-257"/>
      </symbol>
      <symbol id="sm-4bc">
         <name>strcspn</name>
         <value>0x20006eef</value>
         <object_component_ref idref="oc-20f"/>
      </symbol>
      <symbol id="sm-4ce">
         <name>strspn</name>
         <value>0x20006e31</value>
         <object_component_ref idref="oc-209"/>
      </symbol>
      <symbol id="sm-4ea">
         <name>__aeabi_uldivmod</name>
         <value>0x20005d83</value>
         <object_component_ref idref="oc-224"/>
      </symbol>
      <symbol id="sm-4f4">
         <name>_Dclass</name>
         <value>0x200070ed</value>
         <object_component_ref idref="oc-25c"/>
      </symbol>
      <symbol id="sm-506">
         <name>_Dtest</name>
         <value>0x20006c39</value>
         <object_component_ref idref="oc-2a7"/>
      </symbol>
      <symbol id="sm-53c">
         <name>ADCFIFOLvlGet</name>
         <value>0x20006f2f</value>
         <object_component_ref idref="oc-f8"/>
      </symbol>
      <symbol id="sm-53d">
         <name>ADCChannelEnable</name>
         <value>0x20006d39</value>
         <object_component_ref idref="oc-e0"/>
      </symbol>
      <symbol id="sm-53e">
         <name>ADCTimerEnable</name>
         <value>0x20006ffd</value>
         <object_component_ref idref="oc-ec"/>
      </symbol>
      <symbol id="sm-53f">
         <name>ADCTimerConfig</name>
         <value>0x20006ecd</value>
         <object_component_ref idref="oc-e6"/>
      </symbol>
      <symbol id="sm-540">
         <name>ADCEnable</name>
         <value>0x20007055</value>
         <object_component_ref idref="oc-f2"/>
      </symbol>
      <symbol id="sm-541">
         <name>ADCFIFORead</name>
         <value>0x20006f9d</value>
         <object_component_ref idref="oc-fe"/>
      </symbol>
      <symbol id="sm-578">
         <name>IntVTableBaseSet</name>
         <value>0x2000707d</value>
         <object_component_ref idref="oc-b6"/>
      </symbol>
      <symbol id="sm-579">
         <name>IntEnable</name>
         <value>0x20006495</value>
         <object_component_ref idref="oc-c2"/>
      </symbol>
      <symbol id="sm-57a">
         <name>IntMasterEnable</name>
         <value>0x20007109</value>
         <object_component_ref idref="oc-bc"/>
      </symbol>
      <symbol id="sm-5af">
         <name>PinTypeUART</name>
         <value>0x20006f83</value>
         <object_component_ref idref="oc-19e"/>
      </symbol>
      <symbol id="sm-5b0">
         <name>PinTypeADC</name>
         <value>0x20007091</value>
         <object_component_ref idref="oc-da"/>
      </symbol>
      <symbol id="sm-5b1">
         <name>PinConfigSet</name>
         <value>0x20006701</value>
         <object_component_ref idref="oc-1b3"/>
      </symbol>
      <symbol id="sm-5b2">
         <name>PinModeSet</name>
         <value>0x20006c7d</value>
         <object_component_ref idref="oc-202"/>
      </symbol>
      <symbol id="sm-634">
         <name>PRCMPeripheralReset</name>
         <value>0x20006ac5</value>
         <object_component_ref idref="oc-18b"/>
      </symbol>
      <symbol id="sm-635">
         <name>PRCMPeripheralClkEnable</name>
         <value>0x20006cfd</value>
         <object_component_ref idref="oc-185"/>
      </symbol>
      <symbol id="sm-636">
         <name>PRCMPeripheralClockGet</name>
         <value>0x200065d9</value>
         <object_component_ref idref="oc-12a"/>
      </symbol>
      <symbol id="sm-637">
         <name>PRCMCC3200MCUInit</name>
         <value>0x20006265</value>
         <object_component_ref idref="oc-c8"/>
      </symbol>
      <symbol id="sm-638">
         <name>PRCMHIBRegWrite</name>
         <value>0x20007029</value>
         <object_component_ref idref="oc-17f"/>
      </symbol>
      <symbol id="sm-639">
         <name>PRCMSysResetCauseGet</name>
         <value>0x20006e05</value>
         <object_component_ref idref="oc-197"/>
      </symbol>
      <symbol id="sm-63a">
         <name>PRCMPeripheralClkDisable</name>
         <value>0x20006e5d</value>
         <object_component_ref idref="oc-191"/>
      </symbol>
      <symbol id="sm-63b">
         <name>PRCMHIBRegRead</name>
         <value>0x20007013</value>
         <object_component_ref idref="oc-179"/>
      </symbol>
      <symbol id="sm-66c">
         <name>UARTConfigSetExpClk</name>
         <value>0x20006995</value>
         <object_component_ref idref="oc-130"/>
      </symbol>
      <symbol id="sm-66d">
         <name>UARTDisable</name>
         <value>0x20006da5</value>
         <object_component_ref idref="oc-1c8"/>
      </symbol>
      <symbol id="sm-66e">
         <name>UARTCharPut</name>
         <value>0x20006f11</value>
         <object_component_ref idref="oc-136"/>
      </symbol>
      <symbol id="sm-66f">
         <name>UARTEnable</name>
         <value>0x20006e85</value>
         <object_component_ref idref="oc-1ce"/>
      </symbol>
      <symbol id="sm-670">
         <name>UARTCharGet</name>
         <value>0x2000703f</value>
         <object_component_ref idref="oc-142"/>
      </symbol>
      <symbol id="sm-674">
         <name>UtilsDelay</name>
         <value>0x20007113</value>
         <object_component_ref idref="oc-1f7"/>
      </symbol>
      <symbol id="sm-67e">
         <name>CPUcpsie</name>
         <value>0x20007069</value>
         <object_component_ref idref="oc-169"/>
      </symbol>
      <symbol id="sm-681">
         <name>__TI_static_base__</name>
         <value>0x20007450</value>
      </symbol>
      <symbol id="sm-682">
         <name>__TI_args_main</name>
         <value>0x1</value>
      </symbol>
      <symbol id="sm-683">
         <name>SHT$$INIT_ARRAY$$Limit</name>
         <value>0x0</value>
      </symbol>
      <symbol id="sm-684">
         <name>SHT$$INIT_ARRAY$$Base</name>
         <value>0x0</value>
      </symbol>
   </symbol_table>
   <title>Link successful</title>
</link_info>
